01-15 20:58:05.591   636   689 I ArHal   : (ar_data_netlink_cb:821):cmd[2].length[24]
01-15 20:58:05.591  2090  2241 I chatty  : uid=1000(system) HwBinder:2090_1 expire 6 lines
01-15 20:58:05.711    53    53 W migration/7: type=1400 audit(0.0:104189): avc: granted { setsched } for scontext=u:r:kernel:s0 tcontext=u:r:kernel:s0 tclass=process
01-15 20:58:05.711    47    47 W migration/6: type=1400 audit(0.0:104190): avc: granted { setsched } for scontext=u:r:kernel:s0 tcontext=u:r:kernel:s0 tclass=process
01-15 20:58:05.736  3647  3647 I HiDecision: RuleEngineEntrance: Oversea version rec switch is closed.
01-15 20:58:05.736  3647  3647 I chatty  : uid=1000(system) com.huawei.recsys identical 6 lines
01-15 20:58:06.227   762   762 I aptouch_daemon: print_log, touch:0, down:0 
01-15 20:58:06.673   681   681 E WifiHAL : enter wifi_get_link_stats
01-15 20:58:08.213  2197  2819 D Mapcon  : SMVoice-0-Normal: enter handleCarrierConfigChangedInd
01-15 20:58:08.213  2197  2803 D Mapcon  : MapconConfigImpl-0: handleMessage, msg id=1800
01-15 20:58:08.213  2197  2803 D Mapcon  : MapconConfigImpl-0: enter handleCarrierConfigChangedInd
01-15 20:58:08.213  2197  2819 D Mapcon  : SMVoice-0-Normal: PrepareState,handled msg=CMD_CARRIER_CONFIG_CHANGE_IND
01-15 20:58:08.215  2197  2819 D Mapcon  : SMVoice-0-Normal: enter handleCarrierConfigChangedInd
01-15 20:58:08.215  2197  2819 D Mapcon  : SMVoice-0-Normal: PrepareState,handled msg=CMD_CARRIER_CONFIG_CHANGE_IND
01-15 20:58:08.219  2197  2803 I Mapcon  : MapconConfigImpl-0: KEY_CARRIER_WFC_IMS_AVAILABLE_BOOL is false!!!!!!!!!!
01-15 20:58:08.219  2197  2803 D Mapcon  : MapconConfigImpl-0: enter reset
01-15 20:58:08.219  2197  2803 D Mapcon  : MapconConfigImpl-0: handleMessage, msg id=1800
01-15 20:58:08.219  2197  2819 D Mapcon  : SMVoice-0-Normal: enter handleCarrierConfigChangedCnf
01-15 20:58:08.219  2197  2803 D Mapcon  : MapconConfigImpl-0: enter handleCarrierConfigChangedInd
01-15 20:58:08.221  2197  2803 I Mapcon  : MapconConfigImpl-0: KEY_CARRIER_WFC_IMS_AVAILABLE_BOOL is false!!!!!!!!!!
01-15 20:58:08.221  2197  2803 D Mapcon  : MapconConfigImpl-0: enter reset
01-15 20:58:08.221  2197  2819 D Mapcon  : MapconConfigImpl-0: enter isConfigReady, Config State is not ready!!!
01-15 20:58:08.221  2197  2819 V Mapcon  : SMVoice-0-Normal: Switch in XML off No need SIM Adp !
01-15 20:58:08.221  2197  2819 D Mapcon  : SMVoice-0-Normal: usim ready,read carrierconfig delay
01-15 20:58:08.221  2197  2819 D Mapcon  : SMVoice-0-Normal: PrepareState,handled msg=1801
01-15 20:58:08.222  2197  2819 D Mapcon  : SMVoice-0-Normal: enter handleCarrierConfigChangedCnf
01-15 20:58:08.222  2197  2819 D Mapcon  : MapconConfigImpl-0: enter isConfigReady, Config State is not ready!!!
01-15 20:58:08.222  2197  2819 V Mapcon  : SMVoice-0-Normal: Switch in XML off No need SIM Adp !
01-15 20:58:08.222  2197  2819 D Mapcon  : SMVoice-0-Normal: usim ready,read carrierconfig delay
01-15 20:58:08.222  2197  2819 D Mapcon  : SMVoice-0-Normal: PrepareState,handled msg=1801
01-15 20:58:09.019   762   762 I aptouch_daemon: check_afe_status, idle in. 100
01-15 20:58:09.693   681   681 E WifiHAL : enter wifi_get_link_stats
01-15 20:58:10.133  1196 21445 I chatty  : uid=1000 system_server expire 1 line
01-15 20:58:11.022  2197  2197 D Mapcon  : TelephonyTracker: onSignalStrengthsChanged:phoneId=0, level=5
01-15 20:58:11.023  2197  2819 D Mapcon  : SMVoice-0-Normal: PrepareState:defaultStatehandle msg=CMD_SIGNAL_STRENGTH_CHANED_IND
01-15 20:58:11.024  2090  2204 I HidataAppQoeP: handleStateChanged reason=6
01-15 20:58:11.027  2090  2204 I PreDnsQuery: handleStateChanged reason=6
01-15 20:58:11.029  2090  2204 I BrowserChrP: handleStateChanged
01-15 20:58:11.030  1932  2094 I HwMobileSignalController(0): subId:0 phoneType:1 networktype:13 targetClass:3 masterLevel:5 slaveLevel:-1
01-15 20:58:12.710   681   681 E WifiHAL : enter wifi_get_link_stats
01-15 20:58:13.207  1196  2012 I chatty  : uid=1000(system) watchdog expire 4 lines
01-15 20:58:13.224  2197  2819 D Mapcon  : SMVoice-0-Normal: enter handleCarrierConfigChangedInd
01-15 20:58:13.224  2197  2819 D Mapcon  : SMVoice-0-Normal: PrepareState,handled msg=CMD_CARRIER_CONFIG_CHANGE_IND
01-15 20:58:13.224  2197  2803 D Mapcon  : MapconConfigImpl-0: handleMessage, msg id=1800
01-15 20:58:13.224  2197  2819 D Mapcon  : SMVoice-0-Normal: enter handleCarrierConfigChangedInd
01-15 20:58:13.224  2197  2819 D Mapcon  : SMVoice-0-Normal: PrepareState,handled msg=CMD_CARRIER_CONFIG_CHANGE_IND
01-15 20:58:13.224  2197  2803 D Mapcon  : MapconConfigImpl-0: enter handleCarrierConfigChangedInd
01-15 20:58:13.228  2197  2803 I Mapcon  : MapconConfigImpl-0: KEY_CARRIER_WFC_IMS_AVAILABLE_BOOL is false!!!!!!!!!!
01-15 20:58:13.228  2197  2803 D Mapcon  : MapconConfigImpl-0: enter reset
01-15 20:58:13.228  2197  2803 D Mapcon  : MapconConfigImpl-0: handleMessage, msg id=1800
01-15 20:58:13.228  2197  2803 D Mapcon  : MapconConfigImpl-0: enter handleCarrierConfigChangedInd
01-15 20:58:13.228  2197  2819 D Mapcon  : SMVoice-0-Normal: enter handleCarrierConfigChangedCnf
01-15 20:58:13.230  2197  2803 I Mapcon  : MapconConfigImpl-0: KEY_CARRIER_WFC_IMS_AVAILABLE_BOOL is false!!!!!!!!!!
01-15 20:58:13.230  2197  2803 D Mapcon  : MapconConfigImpl-0: enter reset
01-15 20:58:13.230  2197  2819 D Mapcon  : MapconConfigImpl-0: enter isConfigReady, Config State is not ready!!!
01-15 20:58:13.230  2197  2819 V Mapcon  : SMVoice-0-Normal: Switch in XML off No need SIM Adp !
01-15 20:58:13.230  2197  2819 D Mapcon  : SMVoice-0-Normal: usim ready,read carrierconfig delay
01-15 20:58:13.230  2197  2819 D Mapcon  : SMVoice-0-Normal: PrepareState,handled msg=1801
01-15 20:58:13.230  2197  2819 D Mapcon  : SMVoice-0-Normal: enter handleCarrierConfigChangedCnf
01-15 20:58:13.230  2197  2819 D Mapcon  : MapconConfigImpl-0: enter isConfigReady, Config State is not ready!!!
01-15 20:58:13.231  2197  2819 V Mapcon  : SMVoice-0-Normal: Switch in XML off No need SIM Adp !
01-15 20:58:13.231  2197  2819 D Mapcon  : SMVoice-0-Normal: usim ready,read carrierconfig delay
01-15 20:58:13.231  2197  2819 D Mapcon  : SMVoice-0-Normal: PrepareState,handled msg=1801
01-15 20:58:14.291   839   950 D SensorHub: huawei Hal get step event
01-15 20:58:14.293  2090  2109 I chatty  : uid=1000(system) Binder:2090_2 expire 10 lines
01-15 20:58:14.296   894   911 I chatty  : uid=1000(system) motion@1.0-serv expire 10 lines
01-15 20:58:14.591   636   689 I ArHal   : (ar_data_netlink_cb:821):cmd[2].length[24]
01-15 20:58:14.619  1196  1605 I chatty  : uid=1000(system) WifiService expire 51 lines
01-15 20:58:15.031  1196  1196 I chatty  : uid=1000 system_server expire 12 lines
01-15 20:58:15.037  2197  2197 D Mapcon  : TelephonyTracker: onSignalStrengthsChanged:phoneId=0, level=5
01-15 20:58:15.039  2197  2819 D Mapcon  : SMVoice-0-Normal: PrepareState:defaultStatehandle msg=CMD_SIGNAL_STRENGTH_CHANED_IND
01-15 20:58:15.039  2090  2204 I HidataAppQoeP: handleStateChanged reason=6
01-15 20:58:15.042  2090  2204 I PreDnsQuery: handleStateChanged reason=6
01-15 20:58:15.044  2090  2204 I BrowserChrP: handleStateChanged
01-15 20:58:15.049  1932  2094 I HwMobileSignalController(0): subId:0 phoneType:1 networktype:13 targetClass:3 masterLevel:5 slaveLevel:-1
01-15 20:58:15.725   681   681 E WifiHAL : enter wifi_get_link_stats
01-15 20:58:15.735  1196  1606 I chatty  : uid=1000(system) WifiStateMachin expire 19 lines
01-15 20:58:16.041 21013 21046 I chatty  : uid=10173(com.satline) expire 11 lines
01-15 20:58:18.138  1196  1828 I chatty  : uid=1000(system) HuaweiWifiWatch expire 10 lines
01-15 20:58:18.138  1196 21446 I chatty  : uid=1000 system_server expire 1 line
01-15 20:58:18.232  2197  2819 D Mapcon  : SMVoice-0-Normal: enter handleCarrierConfigChangedInd
01-15 20:58:18.232  2197  2819 D Mapcon  : SMVoice-0-Normal: PrepareState,handled msg=CMD_CARRIER_CONFIG_CHANGE_IND
01-15 20:58:18.232  2197  2803 D Mapcon  : MapconConfigImpl-0: handleMessage, msg id=1800
01-15 20:58:18.233  2197  2819 D Mapcon  : SMVoice-0-Normal: enter handleCarrierConfigChangedInd
01-15 20:58:18.233  2197  2803 D Mapcon  : MapconConfigImpl-0: enter handleCarrierConfigChangedInd
01-15 20:58:18.233  2197  2819 D Mapcon  : SMVoice-0-Normal: PrepareState,handled msg=CMD_CARRIER_CONFIG_CHANGE_IND
01-15 20:58:18.235  2197  2803 I Mapcon  : MapconConfigImpl-0: KEY_CARRIER_WFC_IMS_AVAILABLE_BOOL is false!!!!!!!!!!
01-15 20:58:18.235  2197  2803 D Mapcon  : MapconConfigImpl-0: enter reset
01-15 20:58:18.235  2197  2803 D Mapcon  : MapconConfigImpl-0: handleMessage, msg id=1800
01-15 20:58:18.235  2197  2803 D Mapcon  : MapconConfigImpl-0: enter handleCarrierConfigChangedInd
01-15 20:58:18.236  2197  2819 D Mapcon  : SMVoice-0-Normal: enter handleCarrierConfigChangedCnf
01-15 20:58:18.237  2197  2803 I Mapcon  : MapconConfigImpl-0: KEY_CARRIER_WFC_IMS_AVAILABLE_BOOL is false!!!!!!!!!!
01-15 20:58:18.237  2197  2803 D Mapcon  : MapconConfigImpl-0: enter reset
01-15 20:58:18.237  2197  2819 D Mapcon  : MapconConfigImpl-0: enter isConfigReady, Config State is not ready!!!
01-15 20:58:18.237  2197  2819 V Mapcon  : SMVoice-0-Normal: Switch in XML off No need SIM Adp !
01-15 20:58:18.237  2197  2819 D Mapcon  : SMVoice-0-Normal: usim ready,read carrierconfig delay
01-15 20:58:18.237  2197  2819 D Mapcon  : SMVoice-0-Normal: PrepareState,handled msg=1801
01-15 20:58:18.237  2197  2819 D Mapcon  : SMVoice-0-Normal: enter handleCarrierConfigChangedCnf
01-15 20:58:18.237  2197  2819 D Mapcon  : MapconConfigImpl-0: enter isConfigReady, Config State is not ready!!!
01-15 20:58:18.237  2197  2819 V Mapcon  : SMVoice-0-Normal: Switch in XML off No need SIM Adp !
01-15 20:58:18.237  2197  2819 D Mapcon  : SMVoice-0-Normal: usim ready,read carrierconfig delay
01-15 20:58:18.237  2197  2819 D Mapcon  : SMVoice-0-Normal: PrepareState,handled msg=1801
01-15 20:58:18.738   681   681 E WifiHAL : enter wifi_get_link_stats
01-15 20:58:20.634 21447 21447 E JankService: child Thread receive to stop
01-15 20:58:20.708   627   643 W IptablesRestoreController: iptables-restore process 20877 terminated status=15
01-15 20:58:20.709   627   643 W IptablesRestoreController: iptables-restore process 20878 terminated status=15
01-15 20:58:20.774   846  1022 E JankService: all data read ok
01-15 20:58:21.039  2197  2197 D Mapcon  : TelephonyTracker: onSignalStrengthsChanged:phoneId=0, level=5
01-15 20:58:21.040  2090  2204 I HidataAppQoeP: handleStateChanged reason=6
01-15 20:58:21.041  2197  2819 D Mapcon  : SMVoice-0-Normal: PrepareState:defaultStatehandle msg=CMD_SIGNAL_STRENGTH_CHANED_IND
01-15 20:58:21.043  2090  2204 I PreDnsQuery: handleStateChanged reason=6
01-15 20:58:21.045  2090  2204 I BrowserChrP: handleStateChanged
01-15 20:58:21.047  1932  2094 I HwMobileSignalController(0): subId:0 phoneType:1 networktype:13 targetClass:3 masterLevel:5 slaveLevel:-1
01-15 20:58:21.746   681   681 E WifiHAL : enter wifi_get_link_stats
01-15 20:58:23.239  2197  2819 D Mapcon  : SMVoice-0-Normal: enter handleCarrierConfigChangedInd
01-15 20:58:23.240  2197  2819 D Mapcon  : SMVoice-0-Normal: PrepareState,handled msg=CMD_CARRIER_CONFIG_CHANGE_IND
01-15 20:58:23.240  2197  2803 D Mapcon  : MapconConfigImpl-0: handleMessage, msg id=1800
01-15 20:58:23.240  2197  2819 D Mapcon  : SMVoice-0-Normal: enter handleCarrierConfigChangedInd
01-15 20:58:23.240  2197  2803 D Mapcon  : MapconConfigImpl-0: enter handleCarrierConfigChangedInd
01-15 20:58:23.240  2197  2819 D Mapcon  : SMVoice-0-Normal: PrepareState,handled msg=CMD_CARRIER_CONFIG_CHANGE_IND
01-15 20:58:23.242  2197  2803 I Mapcon  : MapconConfigImpl-0: KEY_CARRIER_WFC_IMS_AVAILABLE_BOOL is false!!!!!!!!!!
01-15 20:58:23.242  2197  2803 D Mapcon  : MapconConfigImpl-0: enter reset
01-15 20:58:23.242  2197  2803 D Mapcon  : MapconConfigImpl-0: handleMessage, msg id=1800
01-15 20:58:23.242  2197  2819 D Mapcon  : SMVoice-0-Normal: enter handleCarrierConfigChangedCnf
01-15 20:58:23.242  2197  2803 D Mapcon  : MapconConfigImpl-0: enter handleCarrierConfigChangedInd
01-15 20:58:23.244  2197  2803 I Mapcon  : MapconConfigImpl-0: KEY_CARRIER_WFC_IMS_AVAILABLE_BOOL is false!!!!!!!!!!
01-15 20:58:23.244  2197  2803 D Mapcon  : MapconConfigImpl-0: enter reset
01-15 20:58:23.245  2197  2819 D Mapcon  : MapconConfigImpl-0: enter isConfigReady, Config State is not ready!!!
01-15 20:58:23.245  2197  2819 V Mapcon  : SMVoice-0-Normal: Switch in XML off No need SIM Adp !
01-15 20:58:23.245  2197  2819 D Mapcon  : SMVoice-0-Normal: usim ready,read carrierconfig delay
01-15 20:58:23.245  2197  2819 D Mapcon  : SMVoice-0-Normal: PrepareState,handled msg=1801
01-15 20:58:23.245  2197  2819 D Mapcon  : SMVoice-0-Normal: enter handleCarrierConfigChangedCnf
01-15 20:58:23.245  2197  2819 D Mapcon  : MapconConfigImpl-0: enter isConfigReady, Config State is not ready!!!
01-15 20:58:23.245  2197  2819 V Mapcon  : SMVoice-0-Normal: Switch in XML off No need SIM Adp !
01-15 20:58:23.245  2197  2819 D Mapcon  : SMVoice-0-Normal: usim ready,read carrierconfig delay
01-15 20:58:23.245  2197  2819 D Mapcon  : SMVoice-0-Normal: PrepareState,handled msg=1801
01-15 20:58:24.761   681   681 E WifiHAL : enter wifi_get_link_stats
01-15 20:58:25.874   826  3429 I chatty  : uid=1000(system) /system/bin/thermal-daemon expire 1 line
01-15 20:58:25.874   826  3429 E Thermal-daemon: latest temp 21276 at 2020/1/15, 20h:58m:25s.
01-15 20:58:26.151  1196 21448 I chatty  : uid=1000 system_server expire 1 line
01-15 20:58:27.041  2197  2197 D Mapcon  : TelephonyTracker: onSignalStrengthsChanged:phoneId=0, level=5
01-15 20:58:27.044  2197  2819 D Mapcon  : SMVoice-0-Normal: PrepareState:defaultStatehandle msg=CMD_SIGNAL_STRENGTH_CHANED_IND
01-15 20:58:27.045  2090  2204 I HidataAppQoeP: handleStateChanged reason=6
01-15 20:58:27.048  2090  2204 I PreDnsQuery: handleStateChanged reason=6
01-15 20:58:27.050  2090  2204 I BrowserChrP: handleStateChanged
01-15 20:58:27.052  1932  2094 I HwMobileSignalController(0): subId:0 phoneType:1 networktype:13 targetClass:3 masterLevel:5 slaveLevel:-1
01-15 20:58:27.105 21013 21046 I chatty  : uid=10173(com.satline) expire 18 lines
01-15 20:58:27.776   681   681 E WifiHAL : enter wifi_get_link_stats
01-15 20:58:28.247  2197  2819 D Mapcon  : SMVoice-0-Normal: enter handleCarrierConfigChangedInd
01-15 20:58:28.247  2197  2819 D Mapcon  : SMVoice-0-Normal: PrepareState,handled msg=CMD_CARRIER_CONFIG_CHANGE_IND
01-15 20:58:28.247  2197  2803 D Mapcon  : MapconConfigImpl-0: handleMessage, msg id=1800
01-15 20:58:28.247  2197  2819 D Mapcon  : SMVoice-0-Normal: enter handleCarrierConfigChangedInd
01-15 20:58:28.248  2197  2803 D Mapcon  : MapconConfigImpl-0: enter handleCarrierConfigChangedInd
01-15 20:58:28.248  2197  2819 D Mapcon  : SMVoice-0-Normal: PrepareState,handled msg=CMD_CARRIER_CONFIG_CHANGE_IND
01-15 20:58:28.250  2197  2803 I Mapcon  : MapconConfigImpl-0: KEY_CARRIER_WFC_IMS_AVAILABLE_BOOL is false!!!!!!!!!!
01-15 20:58:28.250  2197  2803 D Mapcon  : MapconConfigImpl-0: enter reset
01-15 20:58:28.250  2197  2803 D Mapcon  : MapconConfigImpl-0: handleMessage, msg id=1800
01-15 20:58:28.250  2197  2803 D Mapcon  : MapconConfigImpl-0: enter handleCarrierConfigChangedInd
01-15 20:58:28.250  2197  2819 D Mapcon  : SMVoice-0-Normal: enter handleCarrierConfigChangedCnf
01-15 20:58:28.251  2197  2803 I Mapcon  : MapconConfigImpl-0: KEY_CARRIER_WFC_IMS_AVAILABLE_BOOL is false!!!!!!!!!!
01-15 20:58:28.252  2197  2803 D Mapcon  : MapconConfigImpl-0: enter reset
01-15 20:58:28.252  2197  2819 D Mapcon  : MapconConfigImpl-0: enter isConfigReady, Config State is not ready!!!
01-15 20:58:28.252  2197  2819 V Mapcon  : SMVoice-0-Normal: Switch in XML off No need SIM Adp !
01-15 20:58:28.252  2197  2819 D Mapcon  : SMVoice-0-Normal: usim ready,read carrierconfig delay
01-15 20:58:28.252  2197  2819 D Mapcon  : SMVoice-0-Normal: PrepareState,handled msg=1801
01-15 20:58:28.252  2197  2819 D Mapcon  : SMVoice-0-Normal: enter handleCarrierConfigChangedCnf
01-15 20:58:28.252  2197  2819 D Mapcon  : MapconConfigImpl-0: enter isConfigReady, Config State is not ready!!!
01-15 20:58:28.252  2197  2819 V Mapcon  : SMVoice-0-Normal: Switch in XML off No need SIM Adp !
01-15 20:58:28.252  2197  2819 D Mapcon  : SMVoice-0-Normal: usim ready,read carrierconfig delay
01-15 20:58:28.252  2197  2819 D Mapcon  : SMVoice-0-Normal: PrepareState,handled msg=1801
01-15 20:58:28.952  1196  1326 I chatty  : uid=1000(system) PowerManagerSer expire 6 lines
01-15 20:58:30.792   681   681 E WifiHAL : enter wifi_get_link_stats
01-15 20:58:33.050  2197  2197 D Mapcon  : TelephonyTracker: onSignalStrengthsChanged:phoneId=0, level=5
01-15 20:58:33.051  2197  2819 D Mapcon  : SMVoice-0-Normal: PrepareState:defaultStatehandle msg=CMD_SIGNAL_STRENGTH_CHANED_IND
01-15 20:58:33.054  2090  2204 I HidataAppQoeP: handleStateChanged reason=6
01-15 20:58:33.059  2090  2204 I PreDnsQuery: handleStateChanged reason=6
01-15 20:58:33.060  1932  2094 I HwMobileSignalController(0): subId:0 phoneType:1 networktype:13 targetClass:3 masterLevel:5 slaveLevel:-1
01-15 20:58:33.063  2090  2204 I BrowserChrP: handleStateChanged
01-15 20:58:33.252  2197  2819 D Mapcon  : SMVoice-0-Normal: enter handleCarrierConfigChangedInd
01-15 20:58:33.252  2197  2819 D Mapcon  : SMVoice-0-Normal: PrepareState,handled msg=CMD_CARRIER_CONFIG_CHANGE_IND
01-15 20:58:33.252  2197  2803 D Mapcon  : MapconConfigImpl-0: handleMessage, msg id=1800
01-15 20:58:33.252  2197  2819 D Mapcon  : SMVoice-0-Normal: enter handleCarrierConfigChangedInd
01-15 20:58:33.252  2197  2819 D Mapcon  : SMVoice-0-Normal: PrepareState,handled msg=CMD_CARRIER_CONFIG_CHANGE_IND
01-15 20:58:33.252  2197  2803 D Mapcon  : MapconConfigImpl-0: enter handleCarrierConfigChangedInd
01-15 20:58:33.255  2197  2803 I Mapcon  : MapconConfigImpl-0: KEY_CARRIER_WFC_IMS_AVAILABLE_BOOL is false!!!!!!!!!!
01-15 20:58:33.255  2197  2803 D Mapcon  : MapconConfigImpl-0: enter reset
01-15 20:58:33.255  2197  2803 D Mapcon  : MapconConfigImpl-0: handleMessage, msg id=1800
01-15 20:58:33.255  2197  2819 D Mapcon  : SMVoice-0-Normal: enter handleCarrierConfigChangedCnf
01-15 20:58:33.255  2197  2803 D Mapcon  : MapconConfigImpl-0: enter handleCarrierConfigChangedInd
01-15 20:58:33.257  2197  2803 I Mapcon  : MapconConfigImpl-0: KEY_CARRIER_WFC_IMS_AVAILABLE_BOOL is false!!!!!!!!!!
01-15 20:58:33.257  2197  2803 D Mapcon  : MapconConfigImpl-0: enter reset
01-15 20:58:33.257  2197  2819 D Mapcon  : MapconConfigImpl-0: enter isConfigReady, Config State is not ready!!!
01-15 20:58:33.257  2197  2819 V Mapcon  : SMVoice-0-Normal: Switch in XML off No need SIM Adp !
01-15 20:58:33.257  2197  2819 D Mapcon  : SMVoice-0-Normal: usim ready,read carrierconfig delay
01-15 20:58:33.257  2197  2819 D Mapcon  : SMVoice-0-Normal: PrepareState,handled msg=1801
01-15 20:58:33.257  2197  2819 D Mapcon  : SMVoice-0-Normal: enter handleCarrierConfigChangedCnf
01-15 20:58:33.257  2197  2819 D Mapcon  : MapconConfigImpl-0: enter isConfigReady, Config State is not ready!!!
01-15 20:58:33.257  2197  2819 V Mapcon  : SMVoice-0-Normal: Switch in XML off No need SIM Adp !
01-15 20:58:33.257  2197  2819 D Mapcon  : SMVoice-0-Normal: usim ready,read carrierconfig delay
01-15 20:58:33.257  2197  2819 D Mapcon  : SMVoice-0-Normal: PrepareState,handled msg=1801
01-15 20:58:33.805   681   681 E WifiHAL : enter wifi_get_link_stats
01-15 20:58:34.151  1196 21449 I chatty  : uid=1000 system_server expire 1 line
01-15 20:58:34.507  2131  2131 I chatty  : uid=1000(system) com.huawei.hiview expire 4 lines
01-15 20:58:34.712  3446  3448 I MODEMCHR: [vendor/hisi/ap/system/core/modemchr/src/req_send_thread.cpp:98][threadLoop] INFO - writeToVcom(known message) success: reqLen = 276, msgType = 16, faultId = 0, alarmId = 0, msgSn = 171, msgLen = 264, reqMsgList.size = 0
01-15 20:58:34.715  3446  3449 I MODEMCHR: [vendor/hisi/ap/system/core/modemchr/src/res_recv_thread.cpp:61][threadLoop] INFO - readFromVcom success: readLen = 180, msgType = 17, faultId = 0, alarmId = 0, msgSn = 245, msgLen = 168
01-15 20:58:34.716  2131  3433 I chatty  : uid=1000(system) HwBinder:2131_1 expire 1 line
01-15 20:58:34.766  3446  3449 I MODEMCHR: [vendor/hisi/ap/system/core/modemchr/src/res_recv_thread.cpp:61][threadLoop] INFO - readFromVcom success: readLen = 32, msgType = 18, faultId = 0, alarmId = 0, msgSn = 246, msgLen = 20
01-15 20:58:35.243    47    47 W migration/6: type=1400 audit(0.0:104191): avc: granted { setsched } for scontext=u:r:kernel:s0 tcontext=u:r:kernel:s0 tclass=process
01-15 20:58:35.243    53    53 W migration/7: type=1400 audit(0.0:104192): avc: granted { setsched } for scontext=u:r:kernel:s0 tcontext=u:r:kernel:s0 tclass=process
01-15 20:58:35.279  2173  2540 I chatty  : uid=1000(system) actions handler expire 15 lines
01-15 20:58:35.289  1196 14766 I chatty  : uid=1000(system) Binder:1196_1E expire 6 lines
01-15 20:58:35.314   649  6503 I chatty  : uid=1000(system) HwBinder:649_3 expire 16 lines
01-15 20:58:35.443    53    53 W migration/7: type=1400 audit(0.0:104193): avc: granted { setsched } for scontext=u:r:kernel:s0 tcontext=u:r:kernel:s0 tclass=process
01-15 20:58:35.443    47    47 W migration/6: type=1400 audit(0.0:104194): avc: granted { setsched } for scontext=u:r:kernel:s0 tcontext=u:r:kernel:s0 tclass=process
01-15 20:58:36.820   681   681 E WifiHAL : enter wifi_get_link_stats
01-15 20:58:37.179  6845  6864 I chatty  : uid=1000(system) ReceiverDispatc expire 11 lines
01-15 20:58:37.275  6845 13698 I PushLog3554: [SocketRead_20:00:11-1220] get charing true(android/:819)
01-15 20:58:37.275  6845 13698 I PushLog3554: [SocketRead_20:00:11-1220]after delayHeartBeatReq, is in charging, nextHeartBeatTime will be 180000ms later(android/:486)
01-15 20:58:37.276  6845 13698 I PushLog3554: [SocketRead_20:00:11-1220]enter AlarmTools:setExactAlarm(intent:Intent { act=com.huawei.push.alarm.HEARTBEAT pkg=android (has extras) } interval:180000ms(android/:24)
01-15 20:58:37.276  6845 13698 I PushLog3554: [SocketRead_20:00:11-1220]setExactAlarm expectTriggerTime:1579122097276(android/:27)
01-15 20:58:37.280  6845 13698 I PushLog3554: [SocketRead_20:00:11-1220]dispatchIntent over(android/:218)
01-15 20:58:37.281  6845  6864 I PushLog3554: [ReceiverDispatcher-401]com.huawei.android.push.intent.MSG_RECEIVED alarm trigger, expectTriggerTime:0, current trigger time:1579121917281(android/:84)
01-15 20:58:37.281  6845  6864 I PushLog3554: [ReceiverDispatcher-401]process push message cmdid from pushSrv:47, subCmdId:FF(android/:363)
01-15 20:58:37.282  6845  6864 I PushLog3554: [ReceiverDispatcher-401]enter AlarmTools:setInexactAlarm(intent:Intent { act=com.huawei.action.push.intent.CHECK_CHANNEL_CYCLE pkg=android } interval:1200000ms(android/:90)
01-15 20:58:37.640  1196  1605 I chatty  : uid=1000(system) WifiService expire 30 lines
01-15 20:58:38.263  2197  2819 D Mapcon  : SMVoice-0-Normal: enter handleCarrierConfigChangedInd
01-15 20:58:38.263  2197  2819 D Mapcon  : SMVoice-0-Normal: PrepareState,handled msg=CMD_CARRIER_CONFIG_CHANGE_IND
01-15 20:58:38.263  2197  2803 D Mapcon  : MapconConfigImpl-0: handleMessage, msg id=1800
01-15 20:58:38.263  2197  2819 D Mapcon  : SMVoice-0-Normal: enter handleCarrierConfigChangedInd
01-15 20:58:38.263  2197  2803 D Mapcon  : MapconConfigImpl-0: enter handleCarrierConfigChangedInd
01-15 20:58:38.263  2197  2819 D Mapcon  : SMVoice-0-Normal: PrepareState,handled msg=CMD_CARRIER_CONFIG_CHANGE_IND
01-15 20:58:38.265  2197  2803 I Mapcon  : MapconConfigImpl-0: KEY_CARRIER_WFC_IMS_AVAILABLE_BOOL is false!!!!!!!!!!
01-15 20:58:38.266  2197  2803 D Mapcon  : MapconConfigImpl-0: enter reset
01-15 20:58:38.266  2197  2803 D Mapcon  : MapconConfigImpl-0: handleMessage, msg id=1800
01-15 20:58:38.266  2197  2803 D Mapcon  : MapconConfigImpl-0: enter handleCarrierConfigChangedInd
01-15 20:58:38.266  2197  2819 D Mapcon  : SMVoice-0-Normal: enter handleCarrierConfigChangedCnf
01-15 20:58:38.267  2197  2803 I Mapcon  : MapconConfigImpl-0: KEY_CARRIER_WFC_IMS_AVAILABLE_BOOL is false!!!!!!!!!!
01-15 20:58:38.267  2197  2803 D Mapcon  : MapconConfigImpl-0: enter reset
01-15 20:58:38.268  2197  2819 D Mapcon  : MapconConfigImpl-0: enter isConfigReady, Config State is not ready!!!
01-15 20:58:38.268  2197  2819 V Mapcon  : SMVoice-0-Normal: Switch in XML off No need SIM Adp !
01-15 20:58:38.268  2197  2819 D Mapcon  : SMVoice-0-Normal: usim ready,read carrierconfig delay
01-15 20:58:38.268  2197  2819 D Mapcon  : SMVoice-0-Normal: PrepareState,handled msg=1801
01-15 20:58:38.268  2197  2819 D Mapcon  : SMVoice-0-Normal: enter handleCarrierConfigChangedCnf
01-15 20:58:38.268  2197  2819 D Mapcon  : MapconConfigImpl-0: enter isConfigReady, Config State is not ready!!!
01-15 20:58:38.268  2197  2819 V Mapcon  : SMVoice-0-Normal: Switch in XML off No need SIM Adp !
01-15 20:58:38.268  2197  2819 D Mapcon  : SMVoice-0-Normal: usim ready,read carrierconfig delay
01-15 20:58:38.268  2197  2819 D Mapcon  : SMVoice-0-Normal: PrepareState,handled msg=1801
01-15 20:58:38.542  2131  2310 I chatty  : uid=1000(system) UploadAgent expire 10 lines
01-15 20:58:38.813 21013 21013 I chatty  : uid=10173(com.satline) expire 1 line
01-15 20:58:39.835   681   681 E WifiHAL : enter wifi_get_link_stats
01-15 20:58:39.846  1196  1606 I chatty  : uid=1000(system) WifiStateMachin expire 29 lines
01-15 20:58:42.168  1196 21453 I chatty  : uid=1000 system_server expire 1 line
01-15 20:58:42.849   681   681 E WifiHAL : enter wifi_get_link_stats
01-15 20:58:43.272  2197  2819 D Mapcon  : SMVoice-0-Normal: enter handleCarrierConfigChangedInd
01-15 20:58:43.272  2197  2819 D Mapcon  : SMVoice-0-Normal: PrepareState,handled msg=CMD_CARRIER_CONFIG_CHANGE_IND
01-15 20:58:43.272  2197  2803 D Mapcon  : MapconConfigImpl-0: handleMessage, msg id=1800
01-15 20:58:43.272  2197  2819 D Mapcon  : SMVoice-0-Normal: enter handleCarrierConfigChangedInd
01-15 20:58:43.272  2197  2803 D Mapcon  : MapconConfigImpl-0: enter handleCarrierConfigChangedInd
01-15 20:58:43.272  2197  2819 D Mapcon  : SMVoice-0-Normal: PrepareState,handled msg=CMD_CARRIER_CONFIG_CHANGE_IND
01-15 20:58:43.275  2197  2803 I Mapcon  : MapconConfigImpl-0: KEY_CARRIER_WFC_IMS_AVAILABLE_BOOL is false!!!!!!!!!!
01-15 20:58:43.275  2197  2803 D Mapcon  : MapconConfigImpl-0: enter reset
01-15 20:58:43.275  2197  2803 D Mapcon  : MapconConfigImpl-0: handleMessage, msg id=1800
01-15 20:58:43.275  2197  2819 D Mapcon  : SMVoice-0-Normal: enter handleCarrierConfigChangedCnf
01-15 20:58:43.275  2197  2803 D Mapcon  : MapconConfigImpl-0: enter handleCarrierConfigChangedInd
01-15 20:58:43.277  2197  2803 I Mapcon  : MapconConfigImpl-0: KEY_CARRIER_WFC_IMS_AVAILABLE_BOOL is false!!!!!!!!!!
01-15 20:58:43.277  2197  2803 D Mapcon  : MapconConfigImpl-0: enter reset
01-15 20:58:43.277  2197  2819 D Mapcon  : MapconConfigImpl-0: enter isConfigReady, Config State is not ready!!!
01-15 20:58:43.277  2197  2819 V Mapcon  : SMVoice-0-Normal: Switch in XML off No need SIM Adp !
01-15 20:58:43.277  2197  2819 D Mapcon  : SMVoice-0-Normal: usim ready,read carrierconfig delay
01-15 20:58:43.277  2197  2819 D Mapcon  : SMVoice-0-Normal: PrepareState,handled msg=1801
01-15 20:58:43.277  2197  2819 D Mapcon  : SMVoice-0-Normal: enter handleCarrierConfigChangedCnf
01-15 20:58:43.277  2197  2819 D Mapcon  : MapconConfigImpl-0: enter isConfigReady, Config State is not ready!!!
01-15 20:58:43.277  2197  2819 V Mapcon  : SMVoice-0-Normal: Switch in XML off No need SIM Adp !
01-15 20:58:43.277  2197  2819 D Mapcon  : SMVoice-0-Normal: usim ready,read carrierconfig delay
01-15 20:58:43.277  2197  2819 D Mapcon  : SMVoice-0-Normal: PrepareState,handled msg=1801
01-15 20:58:44.471   762   762 I aptouch_daemon: check_afe_status, afe[156 120 X1] [ctrl:X400a0 ftr:X140] dif[18 -15] raw[33987 32742] [exp:X0 aN:0 lo:0]
01-15 20:58:45.653   826   826 E Thermal-daemon: [shell_frame] temp_new :30  temp_old :31
01-15 20:58:45.654  2173  7275 I chatty  : uid=1000(system) Binder:2173_9 expire 3 lines
01-15 20:58:45.654   826   826 E Thermal-daemon: Report temperature: [shell_frame] temp :30  report_threshold:1
01-15 20:58:45.736  2090  2090 I chatty  : uid=1000(system) com.huawei.systemserver expire 19 lines
01-15 20:58:45.742  2197  2197 D Mapcon  : TelephonyTracker: onSignalStrengthsChanged:phoneId=0, level=5
01-15 20:58:45.743  2197  2819 D Mapcon  : SMVoice-0-Normal: PrepareState:defaultStatehandle msg=CMD_SIGNAL_STRENGTH_CHANED_IND
01-15 20:58:45.743  2090  2204 I HidataAppQoeP: handleStateChanged reason=6
01-15 20:58:45.746  2090  2204 I PreDnsQuery: handleStateChanged reason=6
01-15 20:58:45.747  2090  2204 I BrowserChrP: handleStateChanged
01-15 20:58:45.754  1932  2094 I HwMobileSignalController(0): subId:0 phoneType:1 networktype:13 targetClass:3 masterLevel:5 slaveLevel:-1
01-15 20:58:45.856   681   681 E WifiHAL : enter wifi_get_link_stats
01-15 20:58:45.896 21454 21454 E JankService: child Thread receive to stop
01-15 20:58:46.009   846  1022 E JankService: all data read ok
01-15 20:58:46.653  1196  2036 I chatty  : uid=1000(system) LocationManager expire 2 lines
01-15 20:58:48.280  2197  2819 D Mapcon  : SMVoice-0-Normal: enter handleCarrierConfigChangedInd
01-15 20:58:48.280  2197  2819 D Mapcon  : SMVoice-0-Normal: PrepareState,handled msg=CMD_CARRIER_CONFIG_CHANGE_IND
01-15 20:58:48.280  2197  2819 D Mapcon  : SMVoice-0-Normal: enter handleCarrierConfigChangedInd
01-15 20:58:48.280  2197  2819 D Mapcon  : SMVoice-0-Normal: PrepareState,handled msg=CMD_CARRIER_CONFIG_CHANGE_IND
01-15 20:58:48.280  2197  2803 D Mapcon  : MapconConfigImpl-0: handleMessage, msg id=1800
01-15 20:58:48.280  2197  2803 D Mapcon  : MapconConfigImpl-0: enter handleCarrierConfigChangedInd
01-15 20:58:48.282  2197  2803 I Mapcon  : MapconConfigImpl-0: KEY_CARRIER_WFC_IMS_AVAILABLE_BOOL is false!!!!!!!!!!
01-15 20:58:48.282  2197  2803 D Mapcon  : MapconConfigImpl-0: enter reset
01-15 20:58:48.282  2197  2803 D Mapcon  : MapconConfigImpl-0: handleMessage, msg id=1800
01-15 20:58:48.282  2197  2819 D Mapcon  : SMVoice-0-Normal: enter handleCarrierConfigChangedCnf
01-15 20:58:48.282  2197  2803 D Mapcon  : MapconConfigImpl-0: enter handleCarrierConfigChangedInd
01-15 20:58:48.284  2197  2803 I Mapcon  : MapconConfigImpl-0: KEY_CARRIER_WFC_IMS_AVAILABLE_BOOL is false!!!!!!!!!!
01-15 20:58:48.284  2197  2803 D Mapcon  : MapconConfigImpl-0: enter reset
01-15 20:58:48.284  2197  2819 D Mapcon  : MapconConfigImpl-0: enter isConfigReady, Config State is not ready!!!
01-15 20:58:48.284  2197  2819 V Mapcon  : SMVoice-0-Normal: Switch in XML off No need SIM Adp !
01-15 20:58:48.284  2197  2819 D Mapcon  : SMVoice-0-Normal: usim ready,read carrierconfig delay
01-15 20:58:48.284  2197  2819 D Mapcon  : SMVoice-0-Normal: PrepareState,handled msg=1801
01-15 20:58:48.284  2197  2819 D Mapcon  : SMVoice-0-Normal: enter handleCarrierConfigChangedCnf
01-15 20:58:48.284  2197  2819 D Mapcon  : MapconConfigImpl-0: enter isConfigReady, Config State is not ready!!!
01-15 20:58:48.285  2197  2819 V Mapcon  : SMVoice-0-Normal: Switch in XML off No need SIM Adp !
01-15 20:58:48.285  2197  2819 D Mapcon  : SMVoice-0-Normal: usim ready,read carrierconfig delay
01-15 20:58:48.285  2197  2819 D Mapcon  : SMVoice-0-Normal: PrepareState,handled msg=1801
01-15 20:58:48.319  2090  2532 I chatty  : uid=1000(system) EmcomThread expire 15 lines
01-15 20:58:48.320  2197  2197 D Mapcon  : TelephonyTracker: onSignalStrengthsChanged:phoneId=0, level=5
01-15 20:58:48.320  2090  2204 I HidataAppQoeP: handleStateChanged reason=6
01-15 20:58:48.321  2197  2819 D Mapcon  : SMVoice-0-Normal: PrepareState:defaultStatehandle msg=CMD_SIGNAL_STRENGTH_CHANED_IND
01-15 20:58:48.324  2090  2204 I PreDnsQuery: handleStateChanged reason=6
01-15 20:58:48.325  2090  2204 I BrowserChrP: handleStateChanged
01-15 20:58:48.326  1932  2094 I HwMobileSignalController(0): subId:0 phoneType:1 networktype:13 targetClass:3 masterLevel:5 slaveLevel:-1
01-15 20:58:48.647  1196  1605 I chatty  : uid=1000(system) WifiService expire 51 lines
01-15 20:58:48.825  1196  1196 I chatty  : uid=1000 system_server expire 7 lines
01-15 20:58:48.866   681   681 E WifiHAL : enter wifi_get_link_stats
01-15 20:58:49.685   825   980 I storaged: storaged_t::event: storage_info refreshed.
01-15 20:58:50.167  1196  1828 I chatty  : uid=1000(system) HuaweiWifiWatch expire 16 lines
01-15 20:58:50.167  1196 21455 I chatty  : uid=1000 system_server expire 1 line
01-15 20:58:51.881   681   681 E WifiHAL : enter wifi_get_link_stats
01-15 20:58:53.288  2197  2819 D Mapcon  : SMVoice-0-Normal: enter handleCarrierConfigChangedInd
01-15 20:58:53.288  2197  2819 D Mapcon  : SMVoice-0-Normal: PrepareState,handled msg=CMD_CARRIER_CONFIG_CHANGE_IND
01-15 20:58:53.288  2197  2803 D Mapcon  : MapconConfigImpl-0: handleMessage, msg id=1800
01-15 20:58:53.288  2197  2819 D Mapcon  : SMVoice-0-Normal: enter handleCarrierConfigChangedInd
01-15 20:58:53.288  2197  2819 D Mapcon  : SMVoice-0-Normal: PrepareState,handled msg=CMD_CARRIER_CONFIG_CHANGE_IND
01-15 20:58:53.288  2197  2803 D Mapcon  : MapconConfigImpl-0: enter handleCarrierConfigChangedInd
01-15 20:58:53.292  2197  2803 I Mapcon  : MapconConfigImpl-0: KEY_CARRIER_WFC_IMS_AVAILABLE_BOOL is false!!!!!!!!!!
01-15 20:58:53.292  2197  2803 D Mapcon  : MapconConfigImpl-0: enter reset
01-15 20:58:53.293  2197  2803 D Mapcon  : MapconConfigImpl-0: handleMessage, msg id=1800
01-15 20:58:53.293  2197  2819 D Mapcon  : SMVoice-0-Normal: enter handleCarrierConfigChangedCnf
01-15 20:58:53.293  2197  2803 D Mapcon  : MapconConfigImpl-0: enter handleCarrierConfigChangedInd
01-15 20:58:53.294  2197  2803 I Mapcon  : MapconConfigImpl-0: KEY_CARRIER_WFC_IMS_AVAILABLE_BOOL is false!!!!!!!!!!
01-15 20:58:53.294  2197  2803 D Mapcon  : MapconConfigImpl-0: enter reset
01-15 20:58:53.294  2197  2819 D Mapcon  : MapconConfigImpl-0: enter isConfigReady, Config State is not ready!!!
01-15 20:58:53.294  2197  2819 V Mapcon  : SMVoice-0-Normal: Switch in XML off No need SIM Adp !
01-15 20:58:53.294  2197  2819 D Mapcon  : SMVoice-0-Normal: usim ready,read carrierconfig delay
01-15 20:58:53.295  2197  2819 D Mapcon  : SMVoice-0-Normal: PrepareState,handled msg=1801
01-15 20:58:53.295  2197  2819 D Mapcon  : SMVoice-0-Normal: enter handleCarrierConfigChangedCnf
01-15 20:58:53.295  2197  2819 D Mapcon  : MapconConfigImpl-0: enter isConfigReady, Config State is not ready!!!
01-15 20:58:53.295  2197  2819 V Mapcon  : SMVoice-0-Normal: Switch in XML off No need SIM Adp !
01-15 20:58:53.295  2197  2819 D Mapcon  : SMVoice-0-Normal: usim ready,read carrierconfig delay
01-15 20:58:53.295  2197  2819 D Mapcon  : SMVoice-0-Normal: PrepareState,handled msg=1801
01-15 20:58:54.319  1196  1196 I chatty  : uid=1000 system_server expire 11 lines
01-15 20:58:54.322  2197  2197 D Mapcon  : TelephonyTracker: onSignalStrengthsChanged:phoneId=0, level=5
01-15 20:58:54.323  2090  2204 I HidataAppQoeP: handleStateChanged reason=6
01-15 20:58:54.323  2197  2819 D Mapcon  : SMVoice-0-Normal: PrepareState:defaultStatehandle msg=CMD_SIGNAL_STRENGTH_CHANED_IND
01-15 20:58:54.326  2090  2204 I PreDnsQuery: handleStateChanged reason=6
01-15 20:58:54.328  2090  2204 I BrowserChrP: handleStateChanged
01-15 20:58:54.330  1932  2094 I HwMobileSignalController(0): subId:0 phoneType:1 networktype:13 targetClass:3 masterLevel:5 slaveLevel:-1
01-15 20:58:54.896   681   681 E WifiHAL : enter wifi_get_link_stats
01-15 20:58:57.913   681   681 E WifiHAL : enter wifi_get_link_stats
01-15 20:58:58.174  1196 21456 I chatty  : uid=1000 system_server expire 1 line
01-15 20:58:58.296  2197  2819 D Mapcon  : SMVoice-0-Normal: enter handleCarrierConfigChangedInd
01-15 20:58:58.296  2197  2819 D Mapcon  : SMVoice-0-Normal: PrepareState,handled msg=CMD_CARRIER_CONFIG_CHANGE_IND
01-15 20:58:58.296  2197  2803 D Mapcon  : MapconConfigImpl-0: handleMessage, msg id=1800
01-15 20:58:58.296  2197  2819 D Mapcon  : SMVoice-0-Normal: enter handleCarrierConfigChangedInd
01-15 20:58:58.296  2197  2803 D Mapcon  : MapconConfigImpl-0: enter handleCarrierConfigChangedInd
01-15 20:58:58.297  2197  2819 D Mapcon  : SMVoice-0-Normal: PrepareState,handled msg=CMD_CARRIER_CONFIG_CHANGE_IND
01-15 20:58:58.299  2197  2803 I Mapcon  : MapconConfigImpl-0: KEY_CARRIER_WFC_IMS_AVAILABLE_BOOL is false!!!!!!!!!!
01-15 20:58:58.299  2197  2803 D Mapcon  : MapconConfigImpl-0: enter reset
01-15 20:58:58.299  2197  2803 D Mapcon  : MapconConfigImpl-0: handleMessage, msg id=1800
01-15 20:58:58.299  2197  2803 D Mapcon  : MapconConfigImpl-0: enter handleCarrierConfigChangedInd
01-15 20:58:58.300  2197  2819 D Mapcon  : SMVoice-0-Normal: enter handleCarrierConfigChangedCnf
01-15 20:58:58.300  2197  2803 I Mapcon  : MapconConfigImpl-0: KEY_CARRIER_WFC_IMS_AVAILABLE_BOOL is false!!!!!!!!!!
01-15 20:58:58.300  2197  2803 D Mapcon  : MapconConfigImpl-0: enter reset
01-15 20:58:58.302  2197  2819 D Mapcon  : MapconConfigImpl-0: enter isConfigReady, Config State is not ready!!!
01-15 20:58:58.302  2197  2819 V Mapcon  : SMVoice-0-Normal: Switch in XML off No need SIM Adp !
01-15 20:58:58.302  2197  2819 D Mapcon  : SMVoice-0-Normal: usim ready,read carrierconfig delay
01-15 20:58:58.302  2197  2819 D Mapcon  : SMVoice-0-Normal: PrepareState,handled msg=1801
01-15 20:58:58.302  2197  2819 D Mapcon  : SMVoice-0-Normal: enter handleCarrierConfigChangedCnf
01-15 20:58:58.302  2197  2819 D Mapcon  : MapconConfigImpl-0: enter isConfigReady, Config State is not ready!!!
01-15 20:58:58.302  2197  2819 V Mapcon  : SMVoice-0-Normal: Switch in XML off No need SIM Adp !
01-15 20:58:58.302  2197  2819 D Mapcon  : SMVoice-0-Normal: usim ready,read carrierconfig delay
01-15 20:58:58.302  2197  2819 D Mapcon  : SMVoice-0-Normal: PrepareState,handled msg=1801
01-15 20:59:00.008  1842  1842 I HwLauncher: Model  onReceive intent=Intent { act=android.intent.action.TIME_TICK flg=0x50200014 hwFlg=0x900 (has extras) }
01-15 20:59:00.008  1842  1842 I HwLauncher: Model  onReceive user=UserHandle{0}
01-15 20:59:00.037  1932  1932 E DateView: DateView,mCurrentTime: 1579121940037
01-15 20:59:00.038  1932  1932 I EventCenter: EventCenter Get :android.intent.action.TIME_TICK
01-15 20:59:00.038  1932  1932 W ClockView1:  action android.intent.action.TIME_TICK
01-15 20:59:00.038  1932  1932 W ClockView1:  action android.intent.action.TIME_TICK
01-15 20:59:00.065  1932  1932 I LocalCalendar: CalendarId: 0000LocalCalender Off
01-15 20:59:00.066  1932  1932 I LocalCalendar: CalendarId: 0000LocalCalender Off
01-15 20:59:00.067  1932  2167 I KeyguardStatusView: Runnable for refresh
01-15 20:59:00.138  1932  1932 D DateTimeView: Change to single clock mode!
01-15 20:59:00.139  1932  1932 D DateTimeView: Change to single clock mode!
01-15 20:59:00.928   681   681 E WifiHAL : enter wifi_get_link_stats
01-15 20:59:03.306  2197  2819 D Mapcon  : SMVoice-0-Normal: enter handleCarrierConfigChangedInd
01-15 20:59:03.306  2197  2819 D Mapcon  : SMVoice-0-Normal: PrepareState,handled msg=CMD_CARRIER_CONFIG_CHANGE_IND
01-15 20:59:03.306  2197  2803 D Mapcon  : MapconConfigImpl-0: handleMessage, msg id=1800
01-15 20:59:03.306  2197  2819 D Mapcon  : SMVoice-0-Normal: enter handleCarrierConfigChangedInd
01-15 20:59:03.306  2197  2819 D Mapcon  : SMVoice-0-Normal: PrepareState,handled msg=CMD_CARRIER_CONFIG_CHANGE_IND
01-15 20:59:03.307  2197  2803 D Mapcon  : MapconConfigImpl-0: enter handleCarrierConfigChangedInd
01-15 20:59:03.309  2197  2803 I Mapcon  : MapconConfigImpl-0: KEY_CARRIER_WFC_IMS_AVAILABLE_BOOL is false!!!!!!!!!!
01-15 20:59:03.309  2197  2803 D Mapcon  : MapconConfigImpl-0: enter reset
01-15 20:59:03.309  2197  2803 D Mapcon  : MapconConfigImpl-0: handleMessage, msg id=1800
01-15 20:59:03.309  2197  2803 D Mapcon  : MapconConfigImpl-0: enter handleCarrierConfigChangedInd
01-15 20:59:03.309  2197  2819 D Mapcon  : SMVoice-0-Normal: enter handleCarrierConfigChangedCnf
01-15 20:59:03.311  2197  2803 I Mapcon  : MapconConfigImpl-0: KEY_CARRIER_WFC_IMS_AVAILABLE_BOOL is false!!!!!!!!!!
01-15 20:59:03.311  2197  2803 D Mapcon  : MapconConfigImpl-0: enter reset
01-15 20:59:03.311  2197  2819 D Mapcon  : MapconConfigImpl-0: enter isConfigReady, Config State is not ready!!!
01-15 20:59:03.311  2197  2819 V Mapcon  : SMVoice-0-Normal: Switch in XML off No need SIM Adp !
01-15 20:59:03.311  2197  2819 D Mapcon  : SMVoice-0-Normal: usim ready,read carrierconfig delay
01-15 20:59:03.311  2197  2819 D Mapcon  : SMVoice-0-Normal: PrepareState,handled msg=1801
01-15 20:59:03.311  2197  2819 D Mapcon  : SMVoice-0-Normal: enter handleCarrierConfigChangedCnf
01-15 20:59:03.311  2197  2819 D Mapcon  : MapconConfigImpl-0: enter isConfigReady, Config State is not ready!!!
01-15 20:59:03.311  2197  2819 V Mapcon  : SMVoice-0-Normal: Switch in XML off No need SIM Adp !
01-15 20:59:03.311  2197  2819 D Mapcon  : SMVoice-0-Normal: usim ready,read carrierconfig delay
01-15 20:59:03.311  2197  2819 D Mapcon  : SMVoice-0-Normal: PrepareState,handled msg=1801
01-15 20:59:03.699  2197  2197 D Mapcon  : TelephonyTracker: onSignalStrengthsChanged:phoneId=0, level=5
01-15 20:59:03.701  2197  2819 D Mapcon  : SMVoice-0-Normal: PrepareState:defaultStatehandle msg=CMD_SIGNAL_STRENGTH_CHANED_IND
01-15 20:59:03.702  2090  2204 I HidataAppQoeP: handleStateChanged reason=6
01-15 20:59:03.707  2090  2204 I PreDnsQuery: handleStateChanged reason=6
01-15 20:59:03.708  1932  2094 I HwMobileSignalController(0): subId:0 phoneType:1 networktype:13 targetClass:3 masterLevel:5 slaveLevel:-1
01-15 20:59:03.716  2090  2204 I PreDnsQuery: setPreDnsCurrentProp is: false
01-15 20:59:03.716  2090  2204 I BrowserChrP: handleStateChanged
01-15 20:59:03.945   681   681 E WifiHAL : enter wifi_get_link_stats
01-15 20:59:05.063  1196  1548 I chatty  : uid=1000(system) UEventObserver expire 12 lines
01-15 20:59:05.680   826   826 E Thermal-daemon: [ap] temp_new :31  temp_old :32
01-15 20:59:05.681   826   826 E Thermal-daemon: Report temperature: [ap] temp :31  report_threshold:1
01-15 20:59:06.190  1196 21457 I chatty  : uid=1000 system_server expire 1 line
01-15 20:59:06.194  1196  4643 I chatty  : uid=1000(system) MobileQosDetect expire 9 lines
01-15 20:59:06.959   681   681 E WifiHAL : enter wifi_get_link_stats
01-15 20:59:08.315  2197  2819 D Mapcon  : SMVoice-0-Normal: enter handleCarrierConfigChangedInd
01-15 20:59:08.315  2197  2819 D Mapcon  : SMVoice-0-Normal: PrepareState,handled msg=CMD_CARRIER_CONFIG_CHANGE_IND
01-15 20:59:08.315  2197  2803 D Mapcon  : MapconConfigImpl-0: handleMessage, msg id=1800
01-15 20:59:08.315  2197  2819 D Mapcon  : SMVoice-0-Normal: enter handleCarrierConfigChangedInd
01-15 20:59:08.315  2197  2803 D Mapcon  : MapconConfigImpl-0: enter handleCarrierConfigChangedInd
01-15 20:59:08.315  2197  2819 D Mapcon  : SMVoice-0-Normal: PrepareState,handled msg=CMD_CARRIER_CONFIG_CHANGE_IND
01-15 20:59:08.318  2197  2803 I Mapcon  : MapconConfigImpl-0: KEY_CARRIER_WFC_IMS_AVAILABLE_BOOL is false!!!!!!!!!!
01-15 20:59:08.318  2197  2803 D Mapcon  : MapconConfigImpl-0: enter reset
01-15 20:59:08.318  2197  2803 D Mapcon  : MapconConfigImpl-0: handleMessage, msg id=1800
01-15 20:59:08.318  2197  2819 D Mapcon  : SMVoice-0-Normal: enter handleCarrierConfigChangedCnf
01-15 20:59:08.318  2197  2803 D Mapcon  : MapconConfigImpl-0: enter handleCarrierConfigChangedInd
01-15 20:59:08.320  2197  2803 I Mapcon  : MapconConfigImpl-0: KEY_CARRIER_WFC_IMS_AVAILABLE_BOOL is false!!!!!!!!!!
01-15 20:59:08.320  2197  2803 D Mapcon  : MapconConfigImpl-0: enter reset
01-15 20:59:08.320  2197  2819 D Mapcon  : MapconConfigImpl-0: enter isConfigReady, Config State is not ready!!!
01-15 20:59:08.320  2197  2819 V Mapcon  : SMVoice-0-Normal: Switch in XML off No need SIM Adp !
01-15 20:59:08.320  2197  2819 D Mapcon  : SMVoice-0-Normal: usim ready,read carrierconfig delay
01-15 20:59:08.320  2197  2819 D Mapcon  : SMVoice-0-Normal: PrepareState,handled msg=1801
01-15 20:59:08.320  2197  2819 D Mapcon  : SMVoice-0-Normal: enter handleCarrierConfigChangedCnf
01-15 20:59:08.320  2197  2819 D Mapcon  : MapconConfigImpl-0: enter isConfigReady, Config State is not ready!!!
01-15 20:59:08.320  2197  2819 V Mapcon  : SMVoice-0-Normal: Switch in XML off No need SIM Adp !
01-15 20:59:08.320  2197  2819 D Mapcon  : SMVoice-0-Normal: usim ready,read carrierconfig delay
01-15 20:59:08.320  2197  2819 D Mapcon  : SMVoice-0-Normal: PrepareState,handled msg=1801
01-15 20:59:09.700  2197  2197 D Mapcon  : TelephonyTracker: onSignalStrengthsChanged:phoneId=0, level=5
01-15 20:59:09.701  2090  2204 I HidataAppQoeP: handleStateChanged reason=6
01-15 20:59:09.702  2197  2819 D Mapcon  : SMVoice-0-Normal: PrepareState:defaultStatehandle msg=CMD_SIGNAL_STRENGTH_CHANED_IND
01-15 20:59:09.706  2090  2204 I PreDnsQuery: handleStateChanged reason=6
01-15 20:59:09.708  2090  2204 I BrowserChrP: handleStateChanged
01-15 20:59:09.710  1932  2094 I HwMobileSignalController(0): subId:0 phoneType:1 networktype:13 targetClass:3 masterLevel:5 slaveLevel:-1
01-15 20:59:09.964   681   681 E WifiHAL : enter wifi_get_link_stats
01-15 20:59:11.127 21458 21458 E JankService: child Thread receive to stop
01-15 20:59:11.251   846  1022 E JankService: all data read ok
01-15 20:59:11.669  1196  1605 I chatty  : uid=1000(system) WifiService expire 23 lines
01-15 20:59:12.981   681   681 E WifiHAL : enter wifi_get_link_stats
01-15 20:59:13.324  2197  2819 D Mapcon  : SMVoice-0-Normal: enter handleCarrierConfigChangedInd
01-15 20:59:13.325  2197  2819 D Mapcon  : SMVoice-0-Normal: PrepareState,handled msg=CMD_CARRIER_CONFIG_CHANGE_IND
01-15 20:59:13.325  2197  2803 D Mapcon  : MapconConfigImpl-0: handleMessage, msg id=1800
01-15 20:59:13.325  2197  2819 D Mapcon  : SMVoice-0-Normal: enter handleCarrierConfigChangedInd
01-15 20:59:13.325  2197  2803 D Mapcon  : MapconConfigImpl-0: enter handleCarrierConfigChangedInd
01-15 20:59:13.325  2197  2819 D Mapcon  : SMVoice-0-Normal: PrepareState,handled msg=CMD_CARRIER_CONFIG_CHANGE_IND
01-15 20:59:13.327  2197  2803 I Mapcon  : MapconConfigImpl-0: KEY_CARRIER_WFC_IMS_AVAILABLE_BOOL is false!!!!!!!!!!
01-15 20:59:13.327  2197  2803 D Mapcon  : MapconConfigImpl-0: enter reset
01-15 20:59:13.327  2197  2803 D Mapcon  : MapconConfigImpl-0: handleMessage, msg id=1800
01-15 20:59:13.327  2197  2803 D Mapcon  : MapconConfigImpl-0: enter handleCarrierConfigChangedInd
01-15 20:59:13.327  2197  2819 D Mapcon  : SMVoice-0-Normal: enter handleCarrierConfigChangedCnf
01-15 20:59:13.328  2197  2803 I Mapcon  : MapconConfigImpl-0: KEY_CARRIER_WFC_IMS_AVAILABLE_BOOL is false!!!!!!!!!!
01-15 20:59:13.328  2197  2803 D Mapcon  : MapconConfigImpl-0: enter reset
01-15 20:59:13.329  2197  2819 D Mapcon  : MapconConfigImpl-0: enter isConfigReady, Config State is not ready!!!
01-15 20:59:13.329  2197  2819 V Mapcon  : SMVoice-0-Normal: Switch in XML off No need SIM Adp !
01-15 20:59:13.329  2197  2819 D Mapcon  : SMVoice-0-Normal: usim ready,read carrierconfig delay
01-15 20:59:13.329  2197  2819 D Mapcon  : SMVoice-0-Normal: PrepareState,handled msg=1801
01-15 20:59:13.329  2197  2819 D Mapcon  : SMVoice-0-Normal: enter handleCarrierConfigChangedCnf
01-15 20:59:13.329  2197  2819 D Mapcon  : MapconConfigImpl-0: enter isConfigReady, Config State is not ready!!!
01-15 20:59:13.329  2197  2819 V Mapcon  : SMVoice-0-Normal: Switch in XML off No need SIM Adp !
01-15 20:59:13.329  2197  2819 D Mapcon  : SMVoice-0-Normal: usim ready,read carrierconfig delay
01-15 20:59:13.329  2197  2819 D Mapcon  : SMVoice-0-Normal: PrepareState,handled msg=1801
01-15 20:59:14.199  1196 21459 I chatty  : uid=1000 system_server expire 1 line
01-15 20:59:15.706  2197  2197 D Mapcon  : TelephonyTracker: onSignalStrengthsChanged:phoneId=0, level=5
01-15 20:59:15.707  2090  2204 I HidataAppQoeP: handleStateChanged reason=6
01-15 20:59:15.708  2197  2819 D Mapcon  : SMVoice-0-Normal: PrepareState:defaultStatehandle msg=CMD_SIGNAL_STRENGTH_CHANED_IND
01-15 20:59:15.715  2090  2204 I PreDnsQuery: handleStateChanged reason=6
01-15 20:59:15.719  2090  2204 I BrowserChrP: handleStateChanged
01-15 20:59:15.719  1932  2094 I HwMobileSignalController(0): subId:0 phoneType:1 networktype:13 targetClass:3 masterLevel:5 slaveLevel:-1
01-15 20:59:15.996   681   681 E WifiHAL : enter wifi_get_link_stats
01-15 20:59:16.005  1196  1606 I chatty  : uid=1000(system) WifiStateMachin expire 12 lines
01-15 20:59:18.332  2197  2819 D Mapcon  : SMVoice-0-Normal: enter handleCarrierConfigChangedInd
01-15 20:59:18.333  2197  2819 D Mapcon  : SMVoice-0-Normal: PrepareState,handled msg=CMD_CARRIER_CONFIG_CHANGE_IND
01-15 20:59:18.333  2197  2819 D Mapcon  : SMVoice-0-Normal: enter handleCarrierConfigChangedInd
01-15 20:59:18.333  2197  2819 D Mapcon  : SMVoice-0-Normal: PrepareState,handled msg=CMD_CARRIER_CONFIG_CHANGE_IND
01-15 20:59:18.333  2197  2803 D Mapcon  : MapconConfigImpl-0: handleMessage, msg id=1800
01-15 20:59:18.333  2197  2803 D Mapcon  : MapconConfigImpl-0: enter handleCarrierConfigChangedInd
01-15 20:59:18.335  2197  2803 I Mapcon  : MapconConfigImpl-0: KEY_CARRIER_WFC_IMS_AVAILABLE_BOOL is false!!!!!!!!!!
01-15 20:59:18.335  2197  2803 D Mapcon  : MapconConfigImpl-0: enter reset
01-15 20:59:18.336  2197  2803 D Mapcon  : MapconConfigImpl-0: handleMessage, msg id=1800
01-15 20:59:18.336  2197  2803 D Mapcon  : MapconConfigImpl-0: enter handleCarrierConfigChangedInd
01-15 20:59:18.336  2197  2819 D Mapcon  : SMVoice-0-Normal: enter handleCarrierConfigChangedCnf
01-15 20:59:18.338  2197  2803 I Mapcon  : MapconConfigImpl-0: KEY_CARRIER_WFC_IMS_AVAILABLE_BOOL is false!!!!!!!!!!
01-15 20:59:18.338  2197  2803 D Mapcon  : MapconConfigImpl-0: enter reset
01-15 20:59:18.338  2197  2819 D Mapcon  : MapconConfigImpl-0: enter isConfigReady, Config State is not ready!!!
01-15 20:59:18.338  2197  2819 V Mapcon  : SMVoice-0-Normal: Switch in XML off No need SIM Adp !
01-15 20:59:18.338  2197  2819 D Mapcon  : SMVoice-0-Normal: usim ready,read carrierconfig delay
