01-15 20:57:39.697  2197  2197 D PhoneGlobals: wifiState:UNREGISTERED
01-15 20:57:39.699  3647  3647 I HiDecision: RuleEngineEntrance: Oversea version rec switch is closed.
01-15 20:57:39.699  2197  2197 I ImsExternalCallTracker: handleVideoCapabilitiesChanged : isVideoCapable = false
01-15 20:57:39.699  2197  2197 D ImsExternalCallTracker: refreshCallPullState
01-15 20:57:39.699  2197  2197 I Telephony-PstnPhoneCapabilitiesNotifier: handleVideoCapabilitesChanged. Video capability - false
01-15 20:57:39.700   762   785 I chatty  : uid=0(root) aptouch_other expire 2 lines
01-15 20:57:39.700   762   762 I chatty  : uid=0(root) /system/vendor/bin/aptouch_daemon expire 23 lines
01-15 20:57:39.702  6845  6845 I chatty  : uid=1000(system) com.huawei.android.pushagent.PushService expire 4 lines
01-15 20:57:39.703  6845  6864 I chatty  : uid=1000(system) ReceiverDispatc expire 10 lines
01-15 20:57:39.704 14049 14049 I bt_btif bt interface: enable_bluetooth_highpower: power mode = 0
01-15 20:57:39.709  3207  3207 D InCall - InCallActivity: mScreenOnReceiver mCallEndOptionsDialog = null
01-15 20:57:39.719  2197  2197 W SettingsEx: SettingsEx.Systemex.getString deprecated use Settings.System.getString instead ;callers=com.android.internal.telephony.gsm.HwCustGsmServiceStateManagerImpl.isMccForShowNetname:206 com.android.internal.telephony.gsm.HwCustGsmServiceStateManagerImpl.isShowNetnameByMcc:197 com.android.internal.telephony.gsm.HwCustGsmServiceStateManagerImpl.setOnsDisplayCustomization:148 
01-15 20:57:39.721  2197  2197 I ImsExternalCallTracker: handleVideoCapabilitiesChanged : isVideoCapable = false
01-15 20:57:39.721  2197  2197 D ImsExternalCallTracker: refreshCallPullState
01-15 20:57:39.721  2197  2197 I Telephony-PstnPhoneCapabilitiesNotifier: handleVideoCapabilitesChanged. Video capability - false
01-15 20:57:39.722  2197  2819 D Mapcon  : SMVoice-0-Normal: PrepareState:defaultStatehandle msg=CMD_IMS_STATE_CHANGE_IND
01-15 20:57:39.723  2197  2819 D Mapcon  : TelephonyAdapter: getImsDomain:phoneId=0, ims_reg_state=-1
01-15 20:57:39.737  2197  2197 W SettingsEx: SettingsEx.Systemex.getString deprecated use Settings.System.getString instead ;callers=com.android.internal.telephony.gsm.HwCustGsmServiceStateManagerImpl.isMccForShowNetname:206 com.android.internal.telephony.gsm.HwCustGsmServiceStateManagerImpl.isShowNetnameByMcc:197 com.android.internal.telephony.gsm.HwCustGsmServiceStateManagerImpl.setOnsDisplayCustomization:148 
01-15 20:57:39.767 18296 18296 I Cloud[10.6.0.303]Album.BatteryProcessor: checkScreenState screen:true battery level while screen now level:42
01-15 20:57:39.768 21013 21030 I chatty  : uid=10173(com.satline) expire 3 lines
01-15 20:57:39.773  6845 13698 I chatty  : uid=1000(system) SocketRead_20:0 expire 8 lines
01-15 20:57:39.790   828 21227 I chatty  : uid=1013(media) /vendor/bin/CameraDaemon expire 20 lines
01-15 20:57:39.790   828 21224 I chatty  : uid=1013(media) /vendor/bin/CameraDaemon expire 40 lines
01-15 20:57:39.790   803 21212 I Camera3-Stream: getBuffer: Stream 0, 0xf3ba1000: Already dequeued max output buffers (7), wait for next returned one.
01-15 20:57:39.790  7738  7773 V HwPostCameraJNI: onHwPostProcStatus() enter, cap: 6553652
01-15 20:57:39.790  7738  7773 V HwPostCameraJNI: onHwPostProcStatus(), call java method for capability.
01-15 20:57:39.791  7738  7773 I HwPostCamera: postCaptureCapabilityFromNative() number: 6553652
01-15 20:57:39.791  7738  7773 I HwPostCamera: sendMessage for capture capability.
01-15 20:57:39.791  1932  2255 I chatty  : uid=10032(com.huawei.desktop.systemui) face_camera expire 14 lines
01-15 20:57:39.791  7738  7773 V HwPostCameraJNI: onHwPostProcStatus() exit.
01-15 20:57:39.791  7738  7738 I HwPostCamera: available capture number: 6553652
01-15 20:57:39.808   892  1206 I chatty  : uid=1000(system) fingerprint@2.1 expire 57 lines
01-15 20:57:39.808  1196  1585 I chatty  : uid=1000(system) HwBinder:1196_2 expire 15 lines
01-15 20:57:39.808  1196  1740 I chatty  : uid=1000(system) fingerprintServ expire 32 lines
01-15 20:57:39.809  2090  2241 D FaceRecognizeService: onAuthenticationAcquired acquiredInfo = 5
01-15 20:57:39.810  2090  2434 D FaceRecognizeAuthCmd: onMessage EVNET = authenticate acquire  para1= 5 para2 = 0
01-15 20:57:39.810  2090  2434 E FaceRecognizeService: handleMessage EVT = 4
01-15 20:57:39.810  1932  1932 W FingerprintManager: Invalid acquired message: 6, 1100
01-15 20:57:39.813  1196  1583 I chatty  : uid=1000(system) InputReader expire 11 lines
01-15 20:57:39.856   803 21212 I Camera3-Stream: getBuffer: Stream 0, 0xf3ba1000: Already dequeued max output buffers (7), wait for next returned one.
01-15 20:57:39.869   659  6510 I smartpakit: smartpa_algo_control: enter smartpa_algo_control, cmd = 5
01-15 20:57:39.869   659  6510 I spk_dev_interface_V2: soc_adsp_send_sync_cmd: enter,in_size 0x14,out_size 0x14
01-15 20:57:39.881  1196  1585 I chatty  : uid=1000(system) HwBinder:1196_2 expire 20 lines
01-15 20:57:39.882  1932  1932 W FingerprintManager: Invalid acquired message: 6, 1105
01-15 20:57:39.882  1196  3062 I chatty  : uid=1000(system) FingerViewContr expire 16 lines
01-15 20:57:39.884  1196  2407 I chatty  : uid=1000(system) android.fg expire 2 lines
01-15 20:57:39.886  1932  1932 W FingerprintManager: Invalid acquired message: 6, 1002
01-15 20:57:39.886  1932  1932 W FingerprintManager: Invalid acquired message: 6, 1102
01-15 20:57:39.893   659  6510 I smartpakit: get_power_consumption: result[1] is 0x0 result[0] is 0x0!
01-15 20:57:39.893   659  6510 I smartpakit: get_power_consumption: result[3] is 0x0 result[2] is 0x0!
01-15 20:57:39.893   659  6510 I smartpakit: getSmartPAPOWER is pa1=0 pa2=0!
01-15 20:57:39.893   683  2871 I hash_map_utils: key: 'getSmartPAPOWER' value: ''
01-15 20:57:39.893   683  2871 I bt_a2dp_hw: adev_get_parameters: audio a2dp receive kvpairs getSmartPAPOWER ,but need not handle
01-15 20:57:39.893   650   916 I chatty  : uid=1000(system) HwBinder:650_1 expire 53 lines
01-15 20:57:39.923   803 21212 I Camera3-Stream: getBuffer: Stream 0, 0xf3ba1000: Already dequeued max output buffers (7), wait for next returned one.
01-15 20:57:39.959  1196 21241 I chatty  : uid=1000 system_server expire 5 lines
01-15 20:57:39.990   803 21212 I Camera3-Stream: getBuffer: Stream 0, 0xf3ba1000: Already dequeued max output buffers (7), wait for next returned one.
01-15 20:57:40.057   803 21212 I Camera3-Stream: getBuffer: Stream 0, 0xf3ba1000: Already dequeued max output buffers (7), wait for next returned one.
01-15 20:57:40.058   796  2438 I chatty  : uid=1000(system) HwBinder:796_1 expire 185 lines
01-15 20:57:40.123   803 21212 I Camera3-Stream: getBuffer: Stream 0, 0xf3ba1000: Already dequeued max output buffers (7), wait for next returned one.
01-15 20:57:40.146  2090  2241 D FaceRecognizeService: onAuthenticationAcquired acquiredInfo = 5
01-15 20:57:40.146  2090  2434 D FaceRecognizeAuthCmd: onMessage EVNET = authenticate acquire  para1= 5 para2 = 0
01-15 20:57:40.146  2090  2434 E FaceRecognizeService: handleMessage EVT = 4
01-15 20:57:40.155  1932  1932 I chatty  : uid=10032(com.huawei.desktop.systemui) com.android.systemui expire 209 lines
01-15 20:57:40.190   803 21212 I Camera3-Stream: getBuffer: Stream 0, 0xf3ba1000: Already dequeued max output buffers (7), wait for next returned one.
01-15 20:57:40.226  3672  3672 I BaseSystemEventBroadcast:  CAWARENESS: action_bar_pull_down 
01-15 20:57:40.226  1932  1932 W STBKeyguardViewManager: collapseOrHideNotification do hide
01-15 20:57:40.226  1932  1932 D StatusBar: disable<e I a S b H R c na S > disable2<Q i n >
01-15 20:57:40.226  1932  1932 I HwNavigationBarFragment: disable: < back HOME RECENT SEARCH >
01-15 20:57:40.226  1932  1932 I STBKeyguardViewManager: updateStates navBarVisible=false lastNavBarVisible=false mFirstUpdate=false NavBarWindow=com.android.systemui.statusbar.phone.NavigationBarFrame{9963f03 G.E...... ......ID 0,0-1080,118 #7f0a036b app:id/navigation_bar_frame}
01-15 20:57:40.226  1932  1932 I HwNavigationTipBar: hideNaviTipBarView: mAttached=false
01-15 20:57:40.226  1932  1932 W STBKeyguardViewManager: updateStates Show KeyguardStatusBar with clcok: true
01-15 20:57:40.226  1932  1932 D TimeKeeper: getTimeTickInfo:[mMillisUntilFinished:0, mHour:0, mMinute:0, mSecond:0]
01-15 20:57:40.227  1932  1932 W STBKeyguardViewManager: dismiss. showing: true true - true, false, true
01-15 20:57:40.227  1932  1932 I PhoneStatusBarView: setAlpha with value : 1.0
01-15 20:57:40.227  1932  1932 V CurveScreenAnimView: CurveScreen setVisibility. 8-false
01-15 20:57:40.229  1196 14766 I chatty  : uid=1000(system) Binder:1196_1E expire 12 lines
01-15 20:57:40.230  1932  1932 W PanelView: set notification panel padding = 1885
01-15 20:57:40.230  1932  1932 W View    : requestLayout() improperly called by com.android.systemui.statusbar.phone.NotificationsQuickSettingsContainer{b60108e V.E...... ......ID 0,0-1080,2340 #7f0a0381 app:id/notification_container_parent} during layout: running second layout pass
01-15 20:57:40.230  1932  1932 W View    : requestLayout() improperly called by com.android.systemui.statusbar.stack.NotificationStackScrollLayout{173e8b8 V.ED..... ......ID 12,12-1068,2244 #7f0a0394 app:id/notification_stack_scroller} during layout: running second layout pass
01-15 20:57:40.231  1932  1932 W PanelView: set notification panel padding = 1885
01-15 20:57:40.231  1932  1932 W ScrimController: startScrimAnimation 0.375 @ com.android.systemui.statusbar.ScrimView{1f88948 V.ED..... ........ 0,0-1080,2340 #7f0a043c app:id/scrim_in_front}
01-15 20:57:40.231  1932  1932 W ScrimController: startScrimAnimation 0.0 @ com.android.systemui.statusbar.ScrimView{7fbf4f9 V.ED..... ......ID 0,0-1080,2340 #7f0a043b app:id/scrim_behind}
01-15 20:57:40.232  1932  1932 W BokehDrawable: drawScrim colorB: 3f  255
01-15 20:57:40.232  1932  1932 I BokehDrawable: shadowColor = ff003133
01-15 20:57:40.232  1932  1932 I BokehDrawable: bgColor = ff003133, bouncer ? true
01-15 20:57:40.232  1932  1932 I BokehDrawable: final drawColor = 3f003133
01-15 20:57:40.241  1932  1932 I PhoneStatusBarView: makeExpandedInvisible fraction:0.0 true
01-15 20:57:40.241  1932  1932 I StatusBar: makeExpandedInvisible: mExpandedInVisible=false
01-15 20:57:40.241  1932  1932 V KG_FP.KUM: FingerStat showing: true; Interactive: true; Switching: false; Bouncer:true; GoingToSleep: false Occluded: false; dreaming: false; Authenticated: false
01-15 20:57:40.241  1932  1932 W DisabledFeatureUtils: Dis-Feature : 0
01-15 20:57:40.241  1932  1932 I KG_FP.KUM: Ignore update FP: 1 true
01-15 20:57:40.241  1932  1932 W AppHandler: sendSingleMessage 10 with args (2, 1)
01-15 20:57:40.241  1932  1932 D DateTimeView: Change to single clock mode!
01-15 20:57:40.242  1932  1932 D DateTimeView: Change to single clock mode!
01-15 20:57:40.242  1932  1932 I PhoneStatusBarView: makeExpandedInvisible fraction:0.0 false
01-15 20:57:40.242  1932  1932 W PanelView: set notification panel padding = 1885
01-15 20:57:40.244  1932  1932 I HwKeyguardUpdateMonitor: showFingerLockHintInSecurityView use: 0
01-15 20:57:40.244  1932  1932 D TimeKeeper: getTimeTickInfo:[mMillisUntilFinished:0, mHour:0, mMinute:0, mSecond:0]
01-15 20:57:40.244  1932  1932 W KG_Policy: RetryPolicy unregisterObserver invalide observer
01-15 20:57:40.244  1932  1932 I AbsPasswordTextView: enabled:true
01-15 20:57:40.245  1932  1932 W HwKeyguardUpdateMonitor: isFirstTimeStartupAndEncrypted DeviceAuthed: 1
01-15 20:57:40.245  1932  1932 W DisabledFeatureUtils: Dis-Feature : 0
01-15 20:57:40.245  1932  1932 W KG_FDT  : isFaceUnlockEnabled 1
01-15 20:57:40.245  1932  1932 D KG_Policy: getRemainingChance 5
01-15 20:57:40.245  1932  1932 I HwKeyguardUpdateMonitor: isFinger:false
01-15 20:57:40.245  1932  1932 D TimeKeeper: getTimeTickInfo:[mMillisUntilFinished:0, mHour:0, mMinute:0, mSecond:0]
01-15 20:57:40.245  1932  1932 V HwKgdUM_FP: FingerPrint:: isUnlockingWithFingerprintAllowed getRemainingTime=0
01-15 20:57:40.245  1932  1932 D TimeKeeper: getTimeTickInfo:[mMillisUntilFinished:0, mHour:0, mMinute:0, mSecond:0]
01-15 20:57:40.245  1932  1932 W HwKeyguardUpdateMonitor: isFirstTimeStartupAndEncrypted DeviceAuthed: 1
01-15 20:57:40.246  1932  1932 I FingerViewHelper: isFingerOrFaceDisable false, isDeviceRemoteLocked false, isShowAlmostAtWipeDialog false, isGlobalActionsShow false, isStrongAuthRequired false, isChargingViewVisible false, isCoverAdded false
01-15 20:57:40.246  1932  1932 W HwKeyguardUpdateMonitor: isFirstTimeStartupAndEncrypted DeviceAuthed: 1
01-15 20:57:40.246  1932  1932 I FingerViewHelper: isFingerOrFaceDisable false, isDeviceRemoteLocked false, isShowAlmostAtWipeDialog false, isGlobalActionsShow false, isStrongAuthRequired false, isChargingViewVisible false, isCoverAdded false
01-15 20:57:40.246  1932  1932 I KeyguardSecurityView: onResume +reason = 1
01-15 20:57:40.246  1932  1932 W HwKeyguardUpdateMonitor: isFirstTimeStartupAndEncrypted DeviceAuthed: 1
01-15 20:57:40.246  1932  1932 I FingerViewHelper: isFingerOrFaceDisable false, isDeviceRemoteLocked false, isShowAlmostAtWipeDialog false, isGlobalActionsShow false, isStrongAuthRequired false, isChargingViewVisible false, isCoverAdded false
01-15 20:57:40.246  1932  1932 I KeyguardSecurityView: Strong auth required, reason: 103
01-15 20:57:40.246  1932  1932 D KG_Policy: getRemainingChance 5
01-15 20:57:40.246  1932  1932 W HwKeyguardAbsKeyInputView: KG_FDT  onFaceUnlockStateChanged checking
01-15 20:57:40.246  1932  1932 D HwKeyguardUpdateMonitor: getFaceDetectScenaryInfo FaceDTSvc CODE_CALLBACK_ACQUIRE errorCode=-1
01-15 20:57:40.255   650  7639 I chatty  : uid=1000(system) HwBinder:650_3 expire 77 lines
01-15 20:57:40.257   803 21212 I Camera3-Stream: getBuffer: Stream 0, 0xf3ba1000: Already dequeued max output buffers (7), wait for next returned one.
01-15 20:57:40.287  1932  1932 D HwAppInnerBoostImpl: asyncReportData com.android.systemui,1,1,2,0 interval=469
01-15 20:57:40.292  1932  1932 I HwBackDropView: Not need restore state
01-15 20:57:40.292  1932  1932 W HwBackDropView: setAnimationParamInner 1.0   0
01-15 20:57:40.292  1932  1932 I HwBackDropView: checkVisibility : false; true
01-15 20:57:40.292  1932  1932 I HwKeyguardBottomArea: checkBottomVisibility bouncer: true; show:true
01-15 20:57:40.292  1932  1932 I KeyguardFingerPrintView: FingerPrint:: onVisibilityChanged visibility = 8,mIsSupportHover=truefalsetrue
01-15 20:57:40.293  1932  1932 I FingerViewHelper: Reconfiguration Fingerprint:: monitor.isDeviceInteractive()=true, monitor.isInBouncer()true, monitor.isShowing()true, isOccluded=false
01-15 20:57:40.293  1932  1932 D MagazineDetailView: resetToTimeView 
01-15 20:57:40.293  1932  2318 I GlobalContext: Runnable for SerialExecutor
01-15 20:57:40.293  1932  1932 D MagazineDetailView: resetPagerState
01-15 20:57:40.293  1932  1932 W KgDragState: setState = 0
01-15 20:57:40.293  1932  2244 I chatty  : uid=10032(com.huawei.desktop.systemui) KeyguardThreadF expire 3 lines
01-15 20:57:40.321  1932  2483 I chatty  : uid=10032(com.huawei.desktop.systemui) RenderThread expire 13 lines
01-15 20:57:40.323   803 21212 I Camera3-Stream: getBuffer: Stream 0, 0xf3ba1000: Already dequeued max output buffers (7), wait for next returned one.
01-15 20:57:40.391   803 21212 I Camera3-Stream: getBuffer: Stream 0, 0xf3ba1000: Already dequeued max output buffers (7), wait for next returned one.
01-15 20:57:40.405  1932  1932 W FingerprintManager: Invalid acquired message: 6, 1001
01-15 20:57:40.427  1196  1826 I chatty  : uid=1000(system) RenderThread expire 18 lines
01-15 20:57:40.457   803 21212 I Camera3-Stream: getBuffer: Stream 0, 0xf3ba1000: Already dequeued max output buffers (7), wait for next returned one.
01-15 20:57:40.476  2090  2241 D FaceRecognizeService: onAuthenticationAcquired acquiredInfo = 5
01-15 20:57:40.477  2090  2434 D FaceRecognizeAuthCmd: onMessage EVNET = authenticate acquire  para1= 5 para2 = 0
01-15 20:57:40.477  2090  2434 E FaceRecognizeService: handleMessage EVT = 4
01-15 20:57:40.524   803 21212 I Camera3-Stream: getBuffer: Stream 0, 0xf3ba1000: Already dequeued max output buffers (7), wait for next returned one.
01-15 20:57:40.590   803 21212 I Camera3-Stream: getBuffer: Stream 0, 0xf3ba1000: Already dequeued max output buffers (7), wait for next returned one.
01-15 20:57:40.590   826   826 I chatty  : uid=1000(system) /system/bin/thermal-daemon expire 10 lines
01-15 20:57:40.657   803 21212 I Camera3-Stream: getBuffer: Stream 0, 0xf3ba1000: Already dequeued max output buffers (7), wait for next returned one.
01-15 20:57:40.723   803 21212 I Camera3-Stream: getBuffer: Stream 0, 0xf3ba1000: Already dequeued max output buffers (7), wait for next returned one.
01-15 20:57:40.790   803 21212 I Camera3-Stream: getBuffer: Stream 0, 0xf3ba1000: Already dequeued max output buffers (7), wait for next returned one.
01-15 20:57:40.800  1932  1932 W FingerprintManager: Invalid acquired message: 6, 1100
01-15 20:57:40.813  2090  2241 D FaceRecognizeService: onAuthenticationAcquired acquiredInfo = 5
01-15 20:57:40.813  2090  2434 D FaceRecognizeAuthCmd: onMessage EVNET = authenticate acquire  para1= 5 para2 = 0
01-15 20:57:40.813  2090  2434 E FaceRecognizeService: handleMessage EVT = 4
01-15 20:57:40.816  1932  1932 W FingerprintManager: Invalid acquired message: 6, 1105
01-15 20:57:40.818  1932  1932 W FingerprintManager: Invalid acquired message: 6, 1002
01-15 20:57:40.818  1932  1932 W FingerprintManager: Invalid acquired message: 6, 1102
01-15 20:57:40.857   803 21212 I Camera3-Stream: getBuffer: Stream 0, 0xf3ba1000: Already dequeued max output buffers (7), wait for next returned one.
01-15 20:57:40.867  1196 21247 I chatty  : uid=1000 system_server expire 5 lines
01-15 20:57:40.925   803 21212 I Camera3-Stream: getBuffer: Stream 0, 0xf3ba1000: Already dequeued max output buffers (7), wait for next returned one.
01-15 20:57:40.990   803 21212 I Camera3-Stream: getBuffer: Stream 0, 0xf3ba1000: Already dequeued max output buffers (7), wait for next returned one.
01-15 20:57:41.061   803 21212 I Camera3-Stream: getBuffer: Stream 0, 0xf3ba1000: Already dequeued max output buffers (7), wait for next returned one.
01-15 20:57:41.083  1196  1250 I chatty  : uid=1000(system) ActivityManager expire 4 lines
01-15 20:57:41.124   828 21227 I GRALLOC : LockFlexLayout: baseFormat: 11, yStride: 640, ySize: 307200, uOffset: 307200,  uStride: 640
01-15 20:57:41.124   828 21224 I GRALLOC : LockFlexLayout: baseFormat: 11, yStride: 640, ySize: 307200, uOffset: 307200,  uStride: 640
01-15 20:57:41.124   828 21224 I GRALLOC : LockFlexLayout: baseFormat: 11, yStride: 640, ySize: 307200, uOffset: 307200,  uStride: 640
01-15 20:57:41.124   803 21212 I Camera3-Stream: getBuffer: Stream 0, 0xf3ba1000: Already dequeued max output buffers (7), wait for next returned one.
01-15 20:57:41.154  2090  2241 D FaceRecognizeService: onAuthenticationAcquired acquiredInfo = 5
01-15 20:57:41.154  2090  2434 D FaceRecognizeAuthCmd: onMessage EVNET = authenticate acquire  para1= 5 para2 = 0
01-15 20:57:41.154  2090  2434 E FaceRecognizeService: handleMessage EVT = 4
01-15 20:57:41.190   828 21227 I GRALLOC : LockFlexLayout: baseFormat: 11, yStride: 640, ySize: 307200, uOffset: 307200,  uStride: 640
01-15 20:57:41.190   828  1349 D EnvImpl : [HWA_CAM3]getPackageName :  com.android.systemui
01-15 20:57:41.190   828  1349 I HwaUtils: [0b99617_64I] getProductExtendName() path=VOGUE
01-15 20:57:41.190   828  1349 I HwaUtils: [0b99617_64I] getOneCfgFile() path=NULL
01-15 20:57:41.190   828  1349 I HwaDMapIpp: [0b99617_64I] checkNeedSwapCalibrationData() ConfigFile NULL
01-15 20:57:41.191   828 21224 I GRALLOC : LockFlexLayout: baseFormat: 11, yStride: 640, ySize: 307200, uOffset: 307200,  uStride: 640
01-15 20:57:41.191   803 21212 I Camera3-Stream: getBuffer: Stream 0, 0xf3ba1000: Already dequeued max output buffers (7), wait for next returned one.
01-15 20:57:41.191   828 21224 I GRALLOC : LockFlexLayout: baseFormat: 11, yStride: 640, ySize: 307200, uOffset: 307200,  uStride: 640
01-15 20:57:41.191   828  1349 D Misc____: [0b99617_64D] enter loadRequest
01-15 20:57:41.191   828  1349 D EnvImpl : [HWA_CAM3]getPackageName :  com.android.systemui
01-15 20:57:41.191   828  1349 D IppAlgoFilter: [HWA_CAM3]loadPreviewRequest() REQUEST_DMAP_SWAP, status:0
01-15 20:57:41.191   828  1349 D EnvImpl : [HWA_CAM3]getPackageName :  com.android.systemui
01-15 20:57:41.191   828 21232 I GRALLOC : LockFlexLayout: baseFormat: 11, yStride: 640, ySize: 307200, uOffset: 307200,  uStride: 640
01-15 20:57:41.191   828  1349 D EnvImpl : [HWA_CAM3]getPackageName :  com.android.systemui
01-15 20:57:41.191   828  1349 D EnvImpl : [HWA_CAM3]getPackageName :  com.android.systemui
01-15 20:57:41.257   828  1349 D EnvImpl : [HWA_CAM3]getPackageName :  com.android.systemui
01-15 20:57:41.257   828  1349 I HwaUtils: [0b99617_64I] getProductExtendName() path=VOGUE
01-15 20:57:41.257   828  1349 I HwaUtils: [0b99617_64I] getOneCfgFile() path=NULL
01-15 20:57:41.257   828  1349 I HwaDMapIpp: [0b99617_64I] checkNeedSwapCalibrationData() ConfigFile NULL
01-15 20:57:41.257   828  1349 D Misc____: [0b99617_64D] enter loadRequest
01-15 20:57:41.257   828  1349 D EnvImpl : [HWA_CAM3]getPackageName :  com.android.systemui
01-15 20:57:41.257   828  1349 D IppAlgoFilter: [HWA_CAM3]loadPreviewRequest() REQUEST_DMAP_SWAP, status:0
01-15 20:57:41.257   828  1349 D EnvImpl : [HWA_CAM3]getPackageName :  com.android.systemui
01-15 20:57:41.257   828  1349 D EnvImpl : [HWA_CAM3]getPackageName :  com.android.systemui
01-15 20:57:41.257   828 21227 I GRALLOC : LockFlexLayout: baseFormat: 11, yStride: 640, ySize: 307200, uOffset: 307200,  uStride: 640
01-15 20:57:41.258   803 21212 I Camera3-Stream: getBuffer: Stream 0, 0xf3ba1000: Already dequeued max output buffers (7), wait for next returned one.
01-15 20:57:41.258   828 21224 I GRALLOC : LockFlexLayout: baseFormat: 11, yStride: 640, ySize: 307200, uOffset: 307200,  uStride: 640
01-15 20:57:41.258   828 21224 I GRALLOC : LockFlexLayout: baseFormat: 11, yStride: 640, ySize: 307200, uOffset: 307200,  uStride: 640
01-15 20:57:41.262   828 21232 I GRALLOC : LockFlexLayout: baseFormat: 11, yStride: 640, ySize: 307200, uOffset: 307200,  uStride: 640
01-15 20:57:41.311  1196  1740 I chatty  : uid=1000(system) fingerprintServ expire 12 lines
01-15 20:57:41.313   819   819 D keystore: AddAuthenticationToken: timestamp = 161671003, time_received = 47420
01-15 20:57:41.315  1196  1238 I chatty  : uid=1000(system) android.bg expire 1 line
01-15 20:57:41.315  1196  1599 I chatty  : uid=1000(system) NetdConnector expire 2 lines
01-15 20:57:41.323   828 21227 I GRALLOC : LockFlexLayout: baseFormat: 11, yStride: 640, ySize: 307200, uOffset: 307200,  uStride: 640
01-15 20:57:41.323   828 21224 I GRALLOC : LockFlexLayout: baseFormat: 11, yStride: 640, ySize: 307200, uOffset: 307200,  uStride: 640
01-15 20:57:41.323   828 21224 I GRALLOC : LockFlexLayout: baseFormat: 11, yStride: 640, ySize: 307200, uOffset: 307200,  uStride: 640
01-15 20:57:41.323   803 21212 I Camera3-Stream: getBuffer: Stream 0, 0xf3ba1000: Already dequeued max output buffers (7), wait for next returned one.
01-15 20:57:41.323   828  1349 D EnvImpl : [HWA_CAM3]getPackageName :  com.android.systemui
01-15 20:57:41.324   828  1349 I HwaUtils: [0b99617_64I] getProductExtendName() path=VOGUE
01-15 20:57:41.324   828  1349 I HwaUtils: [0b99617_64I] getOneCfgFile() path=NULL
01-15 20:57:41.324   828  1349 I HwaDMapIpp: [0b99617_64I] checkNeedSwapCalibrationData() ConfigFile NULL
01-15 20:57:41.324   828  1349 D Misc____: [0b99617_64D] enter loadRequest
01-15 20:57:41.324   828  1349 D EnvImpl : [HWA_CAM3]getPackageName :  com.android.systemui
01-15 20:57:41.324   828  1349 D IppAlgoFilter: [HWA_CAM3]loadPreviewRequest() REQUEST_DMAP_SWAP, status:0
01-15 20:57:41.324   828  1349 D EnvImpl : [HWA_CAM3]getPackageName :  com.android.systemui
01-15 20:57:41.324   828  1349 D EnvImpl : [HWA_CAM3]getPackageName :  com.android.systemui
01-15 20:57:41.325   828 21232 I GRALLOC : LockFlexLayout: baseFormat: 11, yStride: 640, ySize: 307200, uOffset: 307200,  uStride: 640
01-15 20:57:41.328  1932  1932 W KeyguardViewMediator: kgsvc callback -> .keyguardGoingAway 4 false false
01-15 20:57:41.330   892   892 I chatty  : uid=1000(system) fingerprint@2.1 expire 4 lines
01-15 20:57:41.335   659  6510 I spk_dev_interface: spk_set_parameters: use new smartpakit version
01-15 20:57:41.335   659  6510 I audio_hw_primary: update stream types 0
01-15 20:57:41.336   659  6510 I spk_dev_interface: spk_set_parameters: use new smartpakit version
01-15 20:57:41.336   659  6510 I audio_hw_primary: update stream types 0
01-15 20:57:41.345  1196  2305 I chatty  : uid=1000(system) Binder:1196_B expire 5 lines
01-15 20:57:41.346  1196  2088 I chatty  : uid=1000(system) HwPCManagerServ expire 4 lines
01-15 20:57:41.347  1932 17423 I chatty  : uid=10032(com.huawei.desktop.systemui) KG_Isec_Handle_ expire 1 line
01-15 20:57:41.348   551   562 D vold    : begin lockScreenPrepare
01-15 20:57:41.348   551   562 D vold    : e4crypt_lock_screen_prepare flag is: 3 user_id:0
01-15 20:57:41.349   551   562 D vold    : begin unlockUserScreenIsec
01-15 20:57:41.349   551   562 D vold    : begin unlock_user_screen_isec auth_type: 2 uid: 0 token_present=0
01-15 20:57:41.349   551   562 D vold    : flag is 3begin to unlock from HCCM
01-15 20:57:41.349   551   562 D vold    : begin read_and_install_ece_sece_key0
01-15 20:57:41.349   551   562 D vold    : begin read_key_from_vold 0
01-15 20:57:41.349   551   562 D vold    : begin installKeyIsec
01-15 20:57:41.349   551   562 D vold    : Added key 1005932217 (ext4:266a53c359040af8) to keyring 1032108506 in process 551
01-15 20:57:41.349   551   562 D vold    : Added key 990699553 (f2fs:266a53c359040af8) to keyring 1032108506 in process 551
01-15 20:57:41.349   551   562 D vold    : Added key 409149056 (fscrypt:266a53c359040af8) to keyring 1032108506 in process 551
01-15 20:57:41.349   551   562 D vold    : begin installKeyIsec
01-15 20:57:41.349   551   562 D vold    : Added key 990534704 (ext4:b69d4faf1e0133df) to keyring 1032108506 in process 551
01-15 20:57:41.349   551   562 D vold    : Added key 720878892 (f2fs:b69d4faf1e0133df) to keyring 1032108506 in process 551
01-15 20:57:41.349   551   562 D vold    : Added key 266931897 (fscrypt:b69d4faf1e0133df) to keyring 1032108506 in process 551
01-15 20:57:41.349   551   562 D vold    : Created keys for user 0
01-15 20:57:41.349   551   562 D vold    : unlock user screen success,begin to reset flag
01-15 20:57:41.350  2090  6011 D FaceRecognizeService: resetTimeout begin!
01-15 20:57:41.350  2090  2434 D FaceRecognizeAuthCmd: onMessage EVNET = Invalide event para1= 0 para2 = 0
01-15 20:57:41.350  2090  2434 E FaceRecognizeService: handleMessage EVT = 1002
01-15 20:57:41.350  2090  2434 D AntiBruteForceProcessor: Reset facerecognize lockout, clearAttemptCounter=true
01-15 20:57:41.351  2090  2434 D AntiBruteForceProcessor: resetTotalFailedTimes current total times = 0
01-15 20:57:41.355  2090  3479 I HidataAppQoeP: foregroundUidAdd uid: 10173 name: com.satline activity state: true
01-15 20:57:41.355  3672  5873 I AppLifeChangeSensor:  CAWARENESS: activityResumed componentName = ComponentInfo{com.satline/com.satline.MainActivity}
01-15 20:57:41.355  3672  5873 E AppLifeChangeSensor:  CAWARENESS: activityResumed mAppLifeChangeCallback is null 
01-15 20:57:41.355  1196  8734 I chatty  : uid=1000(system) Binder:1196_19 expire 6 lines
01-15 20:57:41.355  1196  1247 I chatty  : uid=1000(system) HwActivityManag expire 1 line
01-15 20:57:41.366 21013 21261 I chatty  : uid=10173(com.satline) expire 6 lines
01-15 20:57:41.371 21013 21260 I chatty  : uid=10173(com.satline) expire 5 lines
01-15 20:57:41.376 21013 21050 I chatty  : uid=10173(com.satline) expire 25 lines
01-15 20:57:41.377   685  1575 I chatty  : uid=1000(system) Binder:685_4 expire 11 lines
01-15 20:57:41.381 21013 21062 I chatty  : uid=10173(com.satline) expire 10 lines
01-15 20:57:41.385 21013 21110 I chatty  : uid=10173(com.satline) expire 14 lines
01-15 20:57:41.393   828  1349 D EnvImpl : [HWA_CAM3]getPackageName :  com.android.systemui
01-15 20:57:41.394   828  1349 I HwaUtils: [0b99617_64I] getProductExtendName() path=VOGUE
01-15 20:57:41.394   828  1349 I HwaUtils: [0b99617_64I] getOneCfgFile() path=NULL
01-15 20:57:41.394   828  1349 I HwaDMapIpp: [0b99617_64I] checkNeedSwapCalibrationData() ConfigFile NULL
01-15 20:57:41.394   828  1349 D Misc____: [0b99617_64D] enter loadRequest
01-15 20:57:41.394   828  1349 D EnvImpl : [HWA_CAM3]getPackageName :  com.android.systemui
01-15 20:57:41.394   828  1349 D IppAlgoFilter: [HWA_CAM3]loadPreviewRequest() REQUEST_DMAP_SWAP, status:0
01-15 20:57:41.394   828  1349 D EnvImpl : [HWA_CAM3]getPackageName :  com.android.systemui
01-15 20:57:41.394   828  1349 D EnvImpl : [HWA_CAM3]getPackageName :  com.android.systemui
01-15 20:57:41.394   828 21227 I GRALLOC : LockFlexLayout: baseFormat: 11, yStride: 640, ySize: 307200, uOffset: 307200,  uStride: 640
01-15 20:57:41.394   803 21212 I Camera3-Stream: getBuffer: Stream 0, 0xf3ba1000: Already dequeued max output buffers (7), wait for next returned one.
01-15 20:57:41.395   828 21224 I GRALLOC : LockFlexLayout: baseFormat: 11, yStride: 640, ySize: 307200, uOffset: 307200,  uStride: 640
01-15 20:57:41.395   828 21224 I GRALLOC : LockFlexLayout: baseFormat: 11, yStride: 640, ySize: 307200, uOffset: 307200,  uStride: 640
01-15 20:57:41.395   828 21232 I GRALLOC : LockFlexLayout: baseFormat: 11, yStride: 640, ySize: 307200, uOffset: 307200,  uStride: 640
01-15 20:57:41.415   548   548 I chatty  : uid=0(root) /vendor/bin/teecd expire 26 lines
01-15 20:57:41.444  3389 21131 V SQLiteDatabase: triggerBuildingIndex(): invalid id, return.
01-15 20:57:41.452   812  1556 I chatty  : uid=0(root) SystemHandler expire 12 lines
01-15 20:57:41.456   828  1349 D EnvImpl : [HWA_CAM3]getPackageName :  com.android.systemui
01-15 20:57:41.456   828  1349 I HwaUtils: [0b99617_64I] getProductExtendName() path=VOGUE
01-15 20:57:41.456   828  1349 I HwaUtils: [0b99617_64I] getOneCfgFile() path=NULL
01-15 20:57:41.456   828  1349 I HwaDMapIpp: [0b99617_64I] checkNeedSwapCalibrationData() ConfigFile NULL
01-15 20:57:41.456   828  1349 D Misc____: [0b99617_64D] enter loadRequest
01-15 20:57:41.457   828  1349 D EnvImpl : [HWA_CAM3]getPackageName :  com.android.systemui
01-15 20:57:41.457   828  1349 D IppAlgoFilter: [HWA_CAM3]loadPreviewRequest() REQUEST_DMAP_SWAP, status:0
01-15 20:57:41.457   828  1349 D EnvImpl : [HWA_CAM3]getPackageName :  com.android.systemui
01-15 20:57:41.457   828  1349 D EnvImpl : [HWA_CAM3]getPackageName :  com.android.systemui
01-15 20:57:41.457   828 21232 I GRALLOC : LockFlexLayout: baseFormat: 11, yStride: 640, ySize: 307200, uOffset: 307200,  uStride: 640
01-15 20:57:41.457   828 21227 I GRALLOC : LockFlexLayout: baseFormat: 11, yStride: 640, ySize: 307200, uOffset: 307200,  uStride: 640
01-15 20:57:41.457   828 21224 I GRALLOC : LockFlexLayout: baseFormat: 11, yStride: 640, ySize: 307200, uOffset: 307200,  uStride: 640
01-15 20:57:41.457   828 21224 I GRALLOC : LockFlexLayout: baseFormat: 11, yStride: 640, ySize: 307200, uOffset: 307200,  uStride: 640
01-15 20:57:41.457   803 21212 I Camera3-Stream: getBuffer: Stream 0, 0xf3ba1000: Already dequeued max output buffers (7), wait for next returned one.
01-15 20:57:41.468  1890  4498 D WorkSource: Insert in WorkSource{} @ 0 uid 10112 name com.google.android.gms
01-15 20:57:41.479  2090  2241 D FaceRecognizeService: onAuthenticationAcquired acquiredInfo = 5
01-15 20:57:41.479  2090  2434 D FaceRecognizeAuthCmd: onMessage EVNET = authenticate acquire  para1= 5 para2 = 0
01-15 20:57:41.480  2090  2434 E FaceRecognizeService: handleMessage EVT = 4
01-15 20:57:41.509   846  1024 I chatty  : uid=0(root) JankManager expire 4 lines
01-15 20:57:41.523   828 21227 I GRALLOC : LockFlexLayout: baseFormat: 11, yStride: 640, ySize: 307200, uOffset: 307200,  uStride: 640
01-15 20:57:41.523   828  1349 D EnvImpl : [HWA_CAM3]getPackageName :  com.android.systemui
01-15 20:57:41.523   828  1349 I HwaUtils: [0b99617_64I] getProductExtendName() path=VOGUE
01-15 20:57:41.523   828  1349 I HwaUtils: [0b99617_64I] getOneCfgFile() path=NULL
01-15 20:57:41.523   828  1349 I HwaDMapIpp: [0b99617_64I] checkNeedSwapCalibrationData() ConfigFile NULL
01-15 20:57:41.523   828  1349 D Misc____: [0b99617_64D] enter loadRequest
01-15 20:57:41.523   828  1349 D EnvImpl : [HWA_CAM3]getPackageName :  com.android.systemui
01-15 20:57:41.523   828  1349 D IppAlgoFilter: [HWA_CAM3]loadPreviewRequest() REQUEST_DMAP_SWAP, status:0
01-15 20:57:41.523   828  1349 D EnvImpl : [HWA_CAM3]getPackageName :  com.android.systemui
01-15 20:57:41.523   828  1349 D EnvImpl : [HWA_CAM3]getPackageName :  com.android.systemui
01-15 20:57:41.523   803 21212 I Camera3-Stream: getBuffer: Stream 0, 0xf3ba1000: Already dequeued max output buffers (7), wait for next returned one.
01-15 20:57:41.523   828 21224 I GRALLOC : LockFlexLayout: baseFormat: 11, yStride: 640, ySize: 307200, uOffset: 307200,  uStride: 640
01-15 20:57:41.523   828 21224 I GRALLOC : LockFlexLayout: baseFormat: 11, yStride: 640, ySize: 307200, uOffset: 307200,  uStride: 640
01-15 20:57:41.523   828 21232 I GRALLOC : LockFlexLayout: baseFormat: 11, yStride: 640, ySize: 307200, uOffset: 307200,  uStride: 640
01-15 20:57:41.526  1932  1932 W KeyguardViewMediator: callback -> onShowingStateChanged.
01-15 20:57:41.527   680   680 E TS_Service: hwTsSetAftConfig
01-15 20:57:41.527   680   680 I TS_HAL  : ts_set_aft_config:called
01-15 20:57:41.527   680   680 I aptouch_daemon, [aptouch_interface_client]: thp_get_cs, use vndbinder, aftouch.config.str
01-15 20:57:41.528   762  2878 I chatty  : uid=0(root) aptouch_cmdwork expire 3 lines
01-15 20:57:41.528  1196  1311 I chatty  : uid=1000(system) android.display expire 10 lines
01-15 20:57:41.528  1196  1311 I chatty  : uid=1000(system) android.display expire 1 line
01-15 20:57:41.530  1932  2259 W KeyguardViewMediator: KgSvc reportKeyguardShowingChanged. cost = 1
01-15 20:57:41.530  1932  2259 I chatty  : uid=10032(com.huawei.desktop.systemui) pool-2-thread-1 expire 2 lines
01-15 20:57:41.531  1932  2167 I chatty  : uid=10032(com.huawei.desktop.systemui) KG_Background_H expire 5 lines
01-15 20:57:41.534  1932  2094 I chatty  : uid=10032(com.huawei.desktop.systemui) SystemUI_subThr expire 2 lines
01-15 20:57:41.538  2090  6011 D FaceRecognizeService: FaceRecognizeService cancelAuthentication client uid = 10032, cancelAuthentication client pid = 1932 callingUserId = 0
01-15 20:57:41.539   828   828 W pl#2    : type=1400 audit(0.0:104111): avc: denied { read } for name="u:object_r:default_prop:s0" dev="tmpfs" ino=16132 scontext=u:r:hal_camera_default:s0 tcontext=u:object_r:default_prop:s0 tclass=file permissive=0
01-15 20:57:41.539  2090  2434 D FaceRecognizeService: isMainUser in-userId = 0 currentUserId = 0
01-15 20:57:41.539  2090  2434 D FaceRecognizeService: stopCurrentCmd initByClient = true
01-15 20:57:41.539   796  2438 D hal_facerecognize_manager: cancelAuthenticate
01-15 20:57:41.539   796  2438 D hal_facerecognize_thread: cancel Task
01-15 20:57:41.539   796  2438 D hal_facerecognize_thread: cancel current task
01-15 20:57:41.539   796  2438 D hal_authenticate_task: AuthenticateTask setCancel
01-15 20:57:41.539  2090  2434 D FaceRecognizeAuthCmd: doStop daemon return value = 0 userId = 0
01-15 20:57:41.539  2090  2434 D FaceRecognizeAuthCmd: authenticate cmd doStop end error code = 0
01-15 20:57:41.539  2090  2434 D FaceRecognizeBaseCmd: processHalReturnedResult ERROR CODE =  success 
01-15 20:57:41.539  1196  8881 I chatty  : uid=1000(system) Binder:1196_1C expire 2 lines
01-15 20:57:41.541   803 28701 I CameraDeviceClient: flush
01-15 20:57:41.541   803 28701 I Camera3-Device: flush: Camera 1: Flushing all requests
01-15 20:57:41.541   803 28701 I Camera3-Device: RequestThread::clear:
01-15 20:57:41.541   803 28701 I Camera3-Device: clear(), last frame number: 33.
01-15 20:57:41.541   828  1349 I ImagingSystem: #Camera# [972261857]> 1_stopStreaming
01-15 20:57:41.542   828  1349 I ImagingSystem: #Camera# [972261956]> pipeline_prepare4Stop
01-15 20:57:41.542   828  1349 I ImagingSystem: #Camera# [972261956]< pipeline_prepare4Stop
01-15 20:57:41.542   828  1349 I VoguePipeline: doStopStreaming(613): 
01-15 20:57:41.542   828  1349 E libc    : Access denied finding property "runtime.mmitest.camera.moca"
01-15 20:57:41.542   828  1349 I HispManager: stopStreaming enter .
01-15 20:57:41.542   828  1349 I HispManager: notifySwitchPrevOnPluginStabledFinished enter
01-15 20:57:41.542   828  1349 I HispManager: notifySwitchPrevOnUnplugFinished enter
01-15 20:57:41.542   828  1349 I HispManager: notifySwitchPrevWithOutHotplugFinished enter
01-15 20:57:41.543   828  1349 I Processor: #Camera# [972262627]> Flush_1
01-15 20:57:41.543 26891 26891 I GsaVoiceInteractionSrv: O received Intent { act=android.intent.action.USER_PRESENT flg=0x24000010 (has extras) }
01-15 20:57:41.544  2362  2362 D HwKeyguardManagerImpl: isLockScreenDisabled HwKeyguardManagerImpl result = false
01-15 20:57:41.545   892   892 I UdFingerprintDevice: UdFingerprintDevice::sendCmdToHal 54 
01-15 20:57:41.545   892   892 D ud_fpc_fingerprint_hal: virtual_cmd_server_handle_all_cmd, cmd is 54
01-15 20:57:41.545   892   892 D ud_fpc_fingerprint_hal: fp_resume_authentication, suspend flag is :0
01-15 20:57:41.545   892   892 I UdFingerprintDevice: UdFingerprintDevice::sendCmdToHal ret 0 
01-15 20:57:41.545  1196  1609 I chatty  : uid=1000(system) WifiP2pService expire 3 lines
01-15 20:57:41.546   892   892 I vendor.huawei.hardware.biometrics.fingerprint@2.1-service: BiometricsFingerprint::sendCmdToHal 63 
01-15 20:57:41.548  2147  6559 I chatty  : uid=1000(system) Binder:2147_8 expire 28 lines
01-15 20:57:41.550  2362  2559 E HSM_BG  : TrafficNotifyAfterLocked:screen notification will not notify
01-15 20:57:41.553  2090  2241 I chatty  : uid=1000(system) HwBinder:2090_1 expire 10 lines
01-15 20:57:41.565  2173  3163 I chatty  : uid=1000(system) thermal-core-th expire 2 lines
01-15 20:57:41.565  2173  3171 I chatty  : uid=1000(system) ThermalTraceThr expire 2 lines
01-15 20:57:41.566   636   689 I chatty  : uid=1000(system) activity_recogn expire 3 lines
01-15 20:57:41.567  3389 20952 D WorkSource: Insert in WorkSource{} @ 0 uid 10112 name com.google.android.gms
01-15 20:57:41.568  1196  1909 I chatty  : uid=1000(system) Binder:1196_4 expire 2 lines
01-15 20:57:41.569 17097 17209 I MicroDataManager: isInitializing-false locale not changed-true model not changed-true
01-15 20:57:41.574   636  3057 I chatty  : uid=1000(system) HwBinder:636_2 expire 5 lines
01-15 20:57:41.574 17097 17209 I MicroDetectionState: Should stop hotword detection immediately - false
01-15 20:57:41.576  1932  8905 I CommandQueue: updateBarBgColor
01-15 20:57:41.576  1932  8905 D CommandQueue: CommandQueue, setBarBackgroundColor
01-15 20:57:41.576   636   689 I ArHal   : (ar_data_netlink_cb:821):cmd[2].length[240]
01-15 20:57:41.577   636  3057 I ArHal   : (ar_data_enable_activity_event:619):successfully
01-15 20:57:41.579  3389 20952 D WorkSource: Insert in WorkSource{} @ 0 uid 10112 name com.google.android.gms
01-15 20:57:41.581   636   689 I ArHal   : (ar_data_netlink_cb:821):cmd[2].length[240]
01-15 20:57:41.582   828   995 I HispManager: requestAck0(27):map(4024),status(1),rawValid(0),meta(1),ts(1579121861/558982)
01-15 20:57:41.582   828   995 I HispManager: requestAck0(28):map(4024),status(1),rawValid(0),meta(1),ts(0/0)
01-15 20:57:41.583   636  3057 I ArHal   : (ar_data_enable_activity_event:619):successfully
01-15 20:57:41.583   828 21227 I GRALLOC : LockFlexLayout: baseFormat: 11, yStride: 640, ySize: 307200, uOffset: 307200,  uStride: 640
01-15 20:57:41.583   828   995 I HispManager: requestAck0(29):map(4024),status(1),rawValid(0),meta(1),ts(0/0)
01-15 20:57:41.583   636   689 I ArHal   : (ar_data_netlink_cb:821):cmd[2].length[240]
01-15 20:57:41.583   828 21227 I GRALLOC : LockFlexLayout: baseFormat: 11, yStride: 640, ySize: 307200, uOffset: 307200,  uStride: 640
01-15 20:57:41.583   828   995 I HispManager: requestAck0(30):map(4024),status(1),rawValid(0),meta(1),ts(0/0)
01-15 20:57:41.583   636  3057 I ArHal   : (ar_enable_activity_event:1313):activity[2] event[1] latency[604800000000000 ns]
01-15 20:57:41.584   828  1349 I Processor: #Camera# [972262627]< Flush_1
01-15 20:57:41.584   828 21227 I GRALLOC : LockFlexLayout: baseFormat: 11, yStride: 640, ySize: 307200, uOffset: 307200,  uStride: 640
01-15 20:57:41.584   828  1349 I Processor: streamOff: camera id:1.
01-15 20:57:41.584   828 21227 I GRALLOC : LockFlexLayout: baseFormat: 11, yStride: 640, ySize: 307200, uOffset: 307200,  uStride: 640
01-15 20:57:41.584   636  3057 I ArHal   : (ar_data_enable_activity_event:619):successfully
01-15 20:57:41.585   636  3057 I ArHal   : (ar_data_get_state:1235):id[2]
01-15 20:57:41.585   828  1349 I ImagingSystem: #NONE# [972267074]> stopFeatures
01-15 20:57:41.585   828  1349 I HISP200Feature: setPowerSaveRawRequestStatus: flow:single camera status:fill raw
01-15 20:57:41.585   828  1349 I Feature : stop(6847) enter!
01-15 20:57:41.585   828  1349 I ImagingSystem: setAwbSensorInfo: awb info[1]: r -1, g -1, b -1, ir -1, c -1, w -1
01-15 20:57:41.585   828 21232 I Processor: wait4Start: ignore waiting . m_rgReady[0] = 0
01-15 20:57:41.585   828 21232 I HispManager: reqRequest0(0):pre(0)tiny(0) outmeta(1)
01-15 20:57:41.586   636  3057 W ArHal   : (ar_data_get_activity_index:199):invalid activity[31]
01-15 20:57:41.586   636  3057 W ArHal   : (ar_data_get_state:1266):unknown activity[31], discard
01-15 20:57:41.586   828  1349 I ImagingSystem: setAwbSensorInfo: awb info[0]: r 125, g 97, b 39, ir -1, c 246, w 120
01-15 20:57:41.586   828  1349 I Feature : #NONE# [972267407]> readLightData
01-15 20:57:41.586   828  1349 I Feature : #NONE# [972267407]< readLightData
01-15 20:57:41.586   828  1349 I Feature : stop(6892) exit!
01-15 20:57:41.586   828  1349 E Feature : setIRFLashMode get irsensor camera id fail
01-15 20:57:41.586   828  1349 I HISPMonitor: stop
01-15 20:57:41.587   828  1349 I ImagingSystem: #NONE# [972267074]< stopFeatures
01-15 20:57:41.587   828  1349 I HispManager: stopStreaming exit .
01-15 20:57:41.587   828  1349 I 200DmapM: stopStreaming
01-15 20:57:41.587   828  1349 I DmapManager: stopStreaming: enter
01-15 20:57:41.587   828  1349 I SensorManager: stopStreaming: enter instance(0x77d5490080)
01-15 20:57:41.587   828  1349 I LCDInfoProcess: enter stop()
01-15 20:57:41.587   828  1349 W PipelineLayout: disconnectPostProc: post proc is already disconnected .
01-15 20:57:41.587   636   689 I ArHal   : (ar_data_netlink_cb:821):cmd[2].length[240]
01-15 20:57:41.587   828  1349 I ImagingSystem: stop(4214): instance[0x77245d2500]. 
01-15 20:57:41.587   828  1349 I ImagingSystem: #Camera# [972267859]> pipeline_stop
01-15 20:57:41.587   828  1349 I ImagingSystem: stop(909): (stream.sink) instance[0x774b6eb800]. 
01-15 20:57:41.587   828  1349 I ImagingSystem: stop(909): (faceId) instance[0x7748471980]. 
01-15 20:57:41.587   828  1349 I ImagingSystem: doDeallocate4Idle(0x77d5150d00) m_listIdle.size(0) m_listBusy.size(0) m_rgBuffer.size(0)
01-15 20:57:41.587   828  1349 I ImagingSystem: doDeallocate4Idle(0x77d51c4e00) m_listIdle.size(6) m_listBusy.size(0) m_rgBuffer.size(6)
01-15 20:57:41.587   828  1349 I ImagingSystem: stop(909): (DummyFilter) instance[0x77d5117e00]. 
01-15 20:57:41.587   828  1349 I ImagingSystem: doDeallocate4Idle(0x77d506f900) m_listIdle.size(5) m_listBusy.size(1) m_rgBuffer.size(6)
01-15 20:57:41.588   828  1349 I MediaComm: closeCopybit: enter, copybitId(408)
01-15 20:57:41.588   636  3057 I ArHal   : (ar_enable_activity_event:1313):activity[2] event[2] latency[604800000000000 ns]
01-15 20:57:41.588   636  3057 I ArHal   : (ar_data_enable_activity_event:619):successfully
01-15 20:57:41.588   662   662 I mediacomm@2.1-service: getMdcVotePerfLev:179: Connected Mdc client<Camera, 408, 828> channel<4, 1> perfLev<1>
01-15 20:57:41.588   662   662 I mediacomm@2.1-service: request:421: after client<Camera, 408, 828> request perfLev(0x1).
01-15 20:57:41.588   636  3057 I ArHal   : (ar_data_get_state:1235):id[2]
01-15 20:57:41.588   636  3057 W ArHal   : (ar_data_get_activity_index:199):invalid activity[31]
01-15 20:57:41.588   636  3057 W ArHal   : (ar_data_get_state:1266):unknown activity[31], discard
01-15 20:57:41.590   662   662 I mediacomm@2.1-service: destroyClient:321: destroy client<Camera, 408, 828>, channel<4, 1>, perf=1, power=0.
01-15 20:57:41.590   828  1349 I libCLCropScale: close copybit device succeed.
01-15 20:57:41.590   828  1349 I ImagingSystem: stop(909): (downscale) instance[0x77d50c3200]. 
01-15 20:57:41.590   828  1349 I ImagingSystem: stop(909): (Fork2Filter) instance[0x77d50b3600]. 
01-15 20:57:41.590   828  1349 I ImagingSystem: stop(909): (HISP200Filter) instance[0x77d54af420]. 
01-15 20:57:41.591   828  1349 I ImagingSystem: doDeallocate4Idle(0x77d506f900) m_listIdle.size(0) m_listBusy.size(1) m_rgBuffer.size(1)
01-15 20:57:41.591   828  1349 I ImagingSystem: doDeallocate4Idle(0x77d5070d00) m_listIdle.size(14) m_listBusy.size(1) m_rgBuffer.size(15)
01-15 20:57:41.591   828  1349 I ImagingSystem: doDeallocate4Idle(0x77d5070d00) m_listIdle.size(1) m_listBusy.size(0) m_rgBuffer.size(1)
01-15 20:57:41.591   828  1349 I ImagingSystem: doDeallocate4Idle(0x77d506f900) m_listIdle.size(1) m_listBusy.size(0) m_rgBuffer.size(1)
01-15 20:57:41.591   828  1349 I ImagingSystem: stop(909): (sensor filter) instance[0x77d54901c8]. 
01-15 20:57:41.591   828  1349 I ImagingSystem: stop(4229): hotplug instance[0x77245d2500]. 
01-15 20:57:41.591   828  1349 I ImagingSystem: #Camera# [972267859]< pipeline_stop
01-15 20:57:41.591   828  1349 D VoguePipeline: ~CPipelineHeapObj: instance[0x77245d2500]. 
01-15 20:57:41.591   828  1349 D ImagingSystem: ~CPipelineBase(3092): instance[0x77245d2500]. 
01-15 20:57:41.591   828  1349 I ImagingSystem: stop(4214): instance[0x77245d2500]. 
01-15 20:57:41.591   828  1349 I ImagingSystem: #Camera# [972269157]> pipeline_stop
01-15 20:57:41.591   828  1349 I ImagingSystem: stop(4229): hotplug instance[0x77245d2500]. 
01-15 20:57:41.591   828  1349 I ImagingSystem: #Camera# [972269157]< pipeline_stop
01-15 20:57:41.591   828  1349 I VoguePipeline: enter waitStreamStoped(755)
01-15 20:57:41.591   828  1349 I ImagingSystem: limitLCoreFreqEnd enter.
01-15 20:57:41.591   828  1349 I ImagingSystem: clearMaster: cleare 0 MetaTraceManager!
01-15 20:57:41.591   828  1349 I ImagingSystem: clearMaster: cleare 0 CMaster!
01-15 20:57:41.591   828  1349 I ImagingSystem: stopStreaming(4603): pipeline 0x774b70f000, intent 1, zsl 2,mirror 0, postproc 0, burst 0, customMode 0, multiCamera 2
01-15 20:57:41.591   828  1349 I ImagingSystem: #Camera# [972261857]< 1_stopStreaming
01-15 20:57:41.592   828 10382 I ImagingSystem: stopStream: instance[0x774b70f000] stopStream exit. 
01-15 20:57:41.592   636   689 I ArHal   : (ar_data_netlink_cb:821):cmd[2].length[240]
01-15 20:57:41.592   803 28701 I Camera3-Device: Camera 1: notifyError: HAL error, frame 27, stream 0: 3
01-15 20:57:41.592   803 28701 I CameraDeviceClient: notifyError(), device error: 0x4
01-15 20:57:41.592   803 28701 I Camera3-Device: processCaptureResult(), frame number: 27, output buffers: 1, use partial result: false
01-15 20:57:41.592   803 28701 W Camera3-OutputStream: returnBufferCheckedLocked: A frame is dropped for stream 0 due to buffer error.
01-15 20:57:41.592   803 28701 I Camera3-Device: returnOutputBuffers(), stream 0xf3ba1000 return output buffer 0xf3fdcda4(0xf3fc5e00).
01-15 20:57:41.592   803 28701 I Camera3-Device: Camera 1: notifyError: HAL error, frame 28, stream 0: 3
01-15 20:57:41.592   803 28701 I CameraDeviceClient: notifyError(), device error: 0x4
01-15 20:57:41.592   803 28701 I Camera3-Device: processCaptureResult(), frame number: 28, output buffers: 1, use partial result: false
01-15 20:57:41.592   803 28701 W Camera3-OutputStream: returnBufferCheckedLocked: A frame is dropped for stream 0 due to buffer error.
01-15 20:57:41.592   803 28701 I Camera3-Device: returnOutputBuffers(), stream 0xf3ba1000 return output buffer 0xf3fdcf84(0xf3fc5f40).
01-15 20:57:41.592   803 28701 I Camera3-Device: Camera 1: notifyError: HAL error, frame 29, stream 0: 3
01-15 20:57:41.592   803 28701 I CameraDeviceClient: notifyError(), device error: 0x4
01-15 20:57:41.592   803 28701 I Camera3-Device: processCaptureResult(), frame number: 29, output buffers: 1, use partial result: false
01-15 20:57:41.593   803 28701 W Camera3-OutputStream: returnBufferCheckedLocked: A frame is dropped for stream 0 due to buffer error.
01-15 20:57:41.593   803 28701 I Camera3-Device: returnOutputBuffers(), stream 0xf3ba1000 return output buffer 0xf3fdd2a4(0xf3fc6080).
01-15 20:57:41.593   803 28701 I Camera3-Device: Camera 1: notifyError: HAL error, frame 30, stream 0: 3
01-15 20:57:41.593   803 28701 I CameraDeviceClient: notifyError(), device error: 0x4
01-15 20:57:41.593   803 28701 I Camera3-Device: processCaptureResult(), frame number: 30, output buffers: 1, use partial result: false
01-15 20:57:41.593   803 28701 W Camera3-OutputStream: returnBufferCheckedLocked: A frame is dropped for stream 0 due to buffer error.
01-15 20:57:41.593   803 28701 I Camera3-Device: returnOutputBuffers(), stream 0xf3ba1000 return output buffer 0xf3fdd344(0xf3fc61c0).
01-15 20:57:41.593   803 28701 I Camera3-Device: Camera 1: notifyError: HAL error, frame 31, stream 0: 3
01-15 20:57:41.593   803 28701 I CameraDeviceClient: notifyError(), device error: 0x4
01-15 20:57:41.593   803 28701 I Camera3-Device: Camera 1: notifyError: HAL error, frame 32, stream 0: 3
01-15 20:57:41.593   803 28701 I CameraDeviceClient: notifyError(), device error: 0x4
