01-15 20:56:02.938  2197  2819 D Mapcon  : SMVoice-0-Normal: PrepareState,handled msg=1801
01-15 20:56:05.239  1196  1196 I chatty  : uid=1000 system_server expire 10 lines
01-15 20:56:05.242  1196  1871 I chatty  : uid=1000(system) SyncManager expire 11 lines
01-15 20:56:06.502  2147  3102 W ContextImpl: Calling a method in the system process without a qualified user: android.app.ContextImpl.bindService:1844 android.content.ContextWrapper.bindService:698 com.huawei.nb.searchmanager.service.RemoteIndexSearchManager.ensureIndexSearchServiceBound:124 com.huawei.nb.searchmanager.service.RemoteIndexSearchManager.buildIndex:381 com.huawei.nb.searchmanager.tasker.IndexTasker.doIndexTaskerAction:134 
01-15 20:56:06.510  5229 20714 W ContextImpl: Calling a method in the system process without a qualified user: android.app.ContextImpl.bindService:1844 android.content.ContextWrapper.bindService:698 com.huawei.nb.client.RemoteServiceConnection.open:90 com.huawei.nb.client.Proxy.connect:118 com.huawei.nb.searchmanager.searchengine.service.DataServiceProxyManager.connectDataService:87 
01-15 20:56:06.538  1196  8881 I chatty  : uid=1000(system) Binder:1196_1C expire 6 lines
01-15 20:56:07.944  2197  2819 D Mapcon  : SMVoice-0-Normal: enter handleCarrierConfigChangedInd
01-15 20:56:07.944  2197  2819 D Mapcon  : SMVoice-0-Normal: PrepareState,handled msg=CMD_CARRIER_CONFIG_CHANGE_IND
01-15 20:56:07.944  2197  2819 D Mapcon  : SMVoice-0-Normal: enter handleCarrierConfigChangedInd
01-15 20:56:07.944  2197  2819 D Mapcon  : SMVoice-0-Normal: PrepareState,handled msg=CMD_CARRIER_CONFIG_CHANGE_IND
01-15 20:56:07.945  2197  2803 D Mapcon  : MapconConfigImpl-0: handleMessage, msg id=1800
01-15 20:56:07.945  2197  2803 D Mapcon  : MapconConfigImpl-0: enter handleCarrierConfigChangedInd
01-15 20:56:07.947  2197  2803 I Mapcon  : MapconConfigImpl-0: KEY_CARRIER_WFC_IMS_AVAILABLE_BOOL is false!!!!!!!!!!
01-15 20:56:07.947  2197  2803 D Mapcon  : MapconConfigImpl-0: enter reset
01-15 20:56:07.947  2197  2803 D Mapcon  : MapconConfigImpl-0: handleMessage, msg id=1800
01-15 20:56:07.947  2197  2803 D Mapcon  : MapconConfigImpl-0: enter handleCarrierConfigChangedInd
01-15 20:56:07.947  2197  2819 D Mapcon  : SMVoice-0-Normal: enter handleCarrierConfigChangedCnf
01-15 20:56:07.949  2197  2803 I Mapcon  : MapconConfigImpl-0: KEY_CARRIER_WFC_IMS_AVAILABLE_BOOL is false!!!!!!!!!!
01-15 20:56:07.949  2197  2803 D Mapcon  : MapconConfigImpl-0: enter reset
01-15 20:56:07.949  2197  2819 D Mapcon  : MapconConfigImpl-0: enter isConfigReady, Config State is not ready!!!
01-15 20:56:07.949  2197  2819 V Mapcon  : SMVoice-0-Normal: Switch in XML off No need SIM Adp !
01-15 20:56:07.949  2197  2819 D Mapcon  : SMVoice-0-Normal: usim ready,read carrierconfig delay
01-15 20:56:07.949  2197  2819 D Mapcon  : SMVoice-0-Normal: PrepareState,handled msg=1801
01-15 20:56:07.949  2197  2819 D Mapcon  : SMVoice-0-Normal: enter handleCarrierConfigChangedCnf
01-15 20:56:07.949  2197  2819 D Mapcon  : MapconConfigImpl-0: enter isConfigReady, Config State is not ready!!!
01-15 20:56:07.949  2197  2819 V Mapcon  : SMVoice-0-Normal: Switch in XML off No need SIM Adp !
01-15 20:56:07.949  2197  2819 D Mapcon  : SMVoice-0-Normal: usim ready,read carrierconfig delay
01-15 20:56:07.949  2197  2819 D Mapcon  : SMVoice-0-Normal: PrepareState,handled msg=1801
01-15 20:56:12.955  2197  2819 D Mapcon  : SMVoice-0-Normal: enter handleCarrierConfigChangedInd
01-15 20:56:12.955  2197  2819 D Mapcon  : SMVoice-0-Normal: PrepareState,handled msg=CMD_CARRIER_CONFIG_CHANGE_IND
01-15 20:56:12.955  2197  2819 D Mapcon  : SMVoice-0-Normal: enter handleCarrierConfigChangedInd
01-15 20:56:12.955  2197  2819 D Mapcon  : SMVoice-0-Normal: PrepareState,handled msg=CMD_CARRIER_CONFIG_CHANGE_IND
01-15 20:56:12.955  2197  2803 D Mapcon  : MapconConfigImpl-0: handleMessage, msg id=1800
01-15 20:56:12.956  2197  2803 D Mapcon  : MapconConfigImpl-0: enter handleCarrierConfigChangedInd
01-15 20:56:12.957  2197  2803 I Mapcon  : MapconConfigImpl-0: KEY_CARRIER_WFC_IMS_AVAILABLE_BOOL is false!!!!!!!!!!
01-15 20:56:12.958  2197  2803 D Mapcon  : MapconConfigImpl-0: enter reset
01-15 20:56:12.958  2197  2803 D Mapcon  : MapconConfigImpl-0: handleMessage, msg id=1800
01-15 20:56:12.958  2197  2803 D Mapcon  : MapconConfigImpl-0: enter handleCarrierConfigChangedInd
01-15 20:56:12.958  2197  2819 D Mapcon  : SMVoice-0-Normal: enter handleCarrierConfigChangedCnf
01-15 20:56:12.959  2197  2803 I Mapcon  : MapconConfigImpl-0: KEY_CARRIER_WFC_IMS_AVAILABLE_BOOL is false!!!!!!!!!!
01-15 20:56:12.959  2197  2803 D Mapcon  : MapconConfigImpl-0: enter reset
01-15 20:56:12.959  2197  2819 D Mapcon  : MapconConfigImpl-0: enter isConfigReady, Config State is not ready!!!
01-15 20:56:12.960  2197  2819 V Mapcon  : SMVoice-0-Normal: Switch in XML off No need SIM Adp !
01-15 20:56:12.960  2197  2819 D Mapcon  : SMVoice-0-Normal: usim ready,read carrierconfig delay
01-15 20:56:12.960  2197  2819 D Mapcon  : SMVoice-0-Normal: PrepareState,handled msg=1801
01-15 20:56:12.960  2197  2819 D Mapcon  : SMVoice-0-Normal: enter handleCarrierConfigChangedCnf
01-15 20:56:12.960  2197  2819 D Mapcon  : MapconConfigImpl-0: enter isConfigReady, Config State is not ready!!!
01-15 20:56:12.960  2197  2819 V Mapcon  : SMVoice-0-Normal: Switch in XML off No need SIM Adp !
01-15 20:56:12.960  2197  2819 D Mapcon  : SMVoice-0-Normal: usim ready,read carrierconfig delay
01-15 20:56:12.960  2197  2819 D Mapcon  : SMVoice-0-Normal: PrepareState,handled msg=1801
01-15 20:56:13.200  1196  2012 I chatty  : uid=1000(system) watchdog expire 3 lines
01-15 20:56:17.965  2197  2819 D Mapcon  : SMVoice-0-Normal: enter handleCarrierConfigChangedInd
01-15 20:56:17.965  2197  2819 D Mapcon  : SMVoice-0-Normal: PrepareState,handled msg=CMD_CARRIER_CONFIG_CHANGE_IND
01-15 20:56:17.966  2197  2819 D Mapcon  : SMVoice-0-Normal: enter handleCarrierConfigChangedInd
01-15 20:56:17.966  2197  2819 D Mapcon  : SMVoice-0-Normal: PrepareState,handled msg=CMD_CARRIER_CONFIG_CHANGE_IND
01-15 20:56:17.966  2197  2803 D Mapcon  : MapconConfigImpl-0: handleMessage, msg id=1800
01-15 20:56:17.966  2197  2803 D Mapcon  : MapconConfigImpl-0: enter handleCarrierConfigChangedInd
01-15 20:56:17.968  2197  2803 I Mapcon  : MapconConfigImpl-0: KEY_CARRIER_WFC_IMS_AVAILABLE_BOOL is false!!!!!!!!!!
01-15 20:56:17.968  2197  2803 D Mapcon  : MapconConfigImpl-0: enter reset
01-15 20:56:17.968  2197  2803 D Mapcon  : MapconConfigImpl-0: handleMessage, msg id=1800
01-15 20:56:17.968  2197  2803 D Mapcon  : MapconConfigImpl-0: enter handleCarrierConfigChangedInd
01-15 20:56:17.968  2197  2819 D Mapcon  : SMVoice-0-Normal: enter handleCarrierConfigChangedCnf
01-15 20:56:17.970  2197  2803 I Mapcon  : MapconConfigImpl-0: KEY_CARRIER_WFC_IMS_AVAILABLE_BOOL is false!!!!!!!!!!
01-15 20:56:17.970  2197  2803 D Mapcon  : MapconConfigImpl-0: enter reset
01-15 20:56:17.970  2197  2819 D Mapcon  : MapconConfigImpl-0: enter isConfigReady, Config State is not ready!!!
01-15 20:56:17.970  2197  2819 V Mapcon  : SMVoice-0-Normal: Switch in XML off No need SIM Adp !
01-15 20:56:17.970  2197  2819 D Mapcon  : SMVoice-0-Normal: usim ready,read carrierconfig delay
01-15 20:56:17.970  2197  2819 D Mapcon  : SMVoice-0-Normal: PrepareState,handled msg=1801
01-15 20:56:17.970  2197  2819 D Mapcon  : SMVoice-0-Normal: enter handleCarrierConfigChangedCnf
01-15 20:56:17.970  2197  2819 D Mapcon  : MapconConfigImpl-0: enter isConfigReady, Config State is not ready!!!
01-15 20:56:17.970  2197  2819 V Mapcon  : SMVoice-0-Normal: Switch in XML off No need SIM Adp !
01-15 20:56:17.970  2197  2819 D Mapcon  : SMVoice-0-Normal: usim ready,read carrierconfig delay
01-15 20:56:17.970  2197  2819 D Mapcon  : SMVoice-0-Normal: PrepareState,handled msg=1801
01-15 20:56:21.988  2147  3102 W ContextImpl: Calling a method in the system process without a qualified user: android.app.ContextImpl.bindService:1844 android.content.ContextWrapper.bindService:698 com.huawei.nb.searchmanager.service.RemoteIndexSearchManager.ensureIndexSearchServiceBound:124 com.huawei.nb.searchmanager.service.RemoteIndexSearchManager.buildIndex:381 com.huawei.nb.searchmanager.tasker.IndexTasker.doIndexTaskerAction:134 
01-15 20:56:21.998  5229 20731 W ContextImpl: Calling a method in the system process without a qualified user: android.app.ContextImpl.bindService:1844 android.content.ContextWrapper.bindService:698 com.huawei.nb.client.RemoteServiceConnection.open:90 com.huawei.nb.client.Proxy.connect:118 com.huawei.nb.searchmanager.searchengine.service.DataServiceProxyManager.connectDataService:87 
01-15 20:56:22.030  1196  8736 I chatty  : uid=1000(system) Binder:1196_1B expire 6 lines
01-15 20:56:22.976  2197  2819 D Mapcon  : SMVoice-0-Normal: enter handleCarrierConfigChangedInd
01-15 20:56:22.976  2197  2819 D Mapcon  : SMVoice-0-Normal: PrepareState,handled msg=CMD_CARRIER_CONFIG_CHANGE_IND
01-15 20:56:22.976  2197  2819 D Mapcon  : SMVoice-0-Normal: enter handleCarrierConfigChangedInd
01-15 20:56:22.976  2197  2819 D Mapcon  : SMVoice-0-Normal: PrepareState,handled msg=CMD_CARRIER_CONFIG_CHANGE_IND
01-15 20:56:22.976  2197  2803 D Mapcon  : MapconConfigImpl-0: handleMessage, msg id=1800
01-15 20:56:22.977  2197  2803 D Mapcon  : MapconConfigImpl-0: enter handleCarrierConfigChangedInd
01-15 20:56:22.979  2197  2803 I Mapcon  : MapconConfigImpl-0: KEY_CARRIER_WFC_IMS_AVAILABLE_BOOL is false!!!!!!!!!!
01-15 20:56:22.979  2197  2803 D Mapcon  : MapconConfigImpl-0: enter reset
01-15 20:56:22.979  2197  2803 D Mapcon  : MapconConfigImpl-0: handleMessage, msg id=1800
01-15 20:56:22.979  2197  2819 D Mapcon  : SMVoice-0-Normal: enter handleCarrierConfigChangedCnf
01-15 20:56:22.979  2197  2803 D Mapcon  : MapconConfigImpl-0: enter handleCarrierConfigChangedInd
01-15 20:56:22.981  1196  8735 I chatty  : uid=1000(system) Binder:1196_1A expire 1 line
01-15 20:56:22.981  2197  2803 I Mapcon  : MapconConfigImpl-0: KEY_CARRIER_WFC_IMS_AVAILABLE_BOOL is false!!!!!!!!!!
01-15 20:56:22.981  2197  2803 D Mapcon  : MapconConfigImpl-0: enter reset
01-15 20:56:22.981  2197  2819 D Mapcon  : MapconConfigImpl-0: enter isConfigReady, Config State is not ready!!!
01-15 20:56:22.981  2197  2819 V Mapcon  : SMVoice-0-Normal: Switch in XML off No need SIM Adp !
01-15 20:56:22.981  2197  2819 D Mapcon  : SMVoice-0-Normal: usim ready,read carrierconfig delay
01-15 20:56:22.981  2197  2819 D Mapcon  : SMVoice-0-Normal: PrepareState,handled msg=1801
01-15 20:56:22.981  2197  2819 D Mapcon  : SMVoice-0-Normal: enter handleCarrierConfigChangedCnf
01-15 20:56:22.981  2197  2819 D Mapcon  : MapconConfigImpl-0: enter isConfigReady, Config State is not ready!!!
01-15 20:56:22.981  2197  2819 V Mapcon  : SMVoice-0-Normal: Switch in XML off No need SIM Adp !
01-15 20:56:22.981  2197  2819 D Mapcon  : SMVoice-0-Normal: usim ready,read carrierconfig delay
01-15 20:56:22.981  2197  2819 D Mapcon  : SMVoice-0-Normal: PrepareState,handled msg=1801
01-15 20:56:23.258  2147  3102 W ContextImpl: Calling a method in the system process without a qualified user: android.app.ContextImpl.bindService:1844 android.content.ContextWrapper.bindService:698 com.huawei.nb.searchmanager.service.RemoteIndexSearchManager.ensureIndexSearchServiceBound:124 com.huawei.nb.searchmanager.service.RemoteIndexSearchManager.buildIndex:381 com.huawei.nb.searchmanager.tasker.IndexTasker.doIndexTaskerAction:134 
01-15 20:56:23.269  5229 20738 W ContextImpl: Calling a method in the system process without a qualified user: android.app.ContextImpl.bindService:1844 android.content.ContextWrapper.bindService:698 com.huawei.nb.client.RemoteServiceConnection.open:90 com.huawei.nb.client.Proxy.connect:118 com.huawei.nb.searchmanager.searchengine.service.DataServiceProxyManager.connectDataService:87 
01-15 20:56:23.292  1196  1871 I chatty  : uid=1000(system) SyncManager expire 7 lines
01-15 20:56:23.301  1196  1196 I chatty  : uid=1000 system_server expire 10 lines
01-15 20:56:23.304  1196  1250 I chatty  : uid=1000(system) ActivityManager expire 1 line
01-15 20:56:23.322  2147  3102 W ContextImpl: Calling a method in the system process without a qualified user: android.app.ContextImpl.bindService:1844 android.content.ContextWrapper.bindService:698 com.huawei.nb.searchmanager.service.RemoteIndexSearchManager.ensureIndexSearchServiceBound:124 com.huawei.nb.searchmanager.service.RemoteIndexSearchManager.buildIndex:381 com.huawei.nb.searchmanager.tasker.IndexTasker.doIndexTaskerAction:134 
01-15 20:56:23.322  1196  1254 I chatty  : uid=1000(system) ActivityManager expire 1 line
01-15 20:56:23.322  1196  2052 I chatty  : uid=1000(system) MultiTaskManage expire 1 line
01-15 20:56:23.331  5229 20748 W ContextImpl: Calling a method in the system process without a qualified user: android.app.ContextImpl.bindService:1844 android.content.ContextWrapper.bindService:698 com.huawei.nb.client.RemoteServiceConnection.open:90 com.huawei.nb.client.Proxy.connect:118 com.huawei.nb.searchmanager.searchengine.service.DataServiceProxyManager.connectDataService:87 
01-15 20:56:23.342 20740 20740 D ActivityThread: Attach thread to application
01-15 20:56:23.480  2090  5938 I BoosterSwitchP: notifyUidState do nothing
01-15 20:56:23.480  2090  5938 I DeepNoDisturbP: notifyUidState
01-15 20:56:23.480  2090  5938 I BrowserChrP: notifyUidState
01-15 20:56:27.986  2197  2819 D Mapcon  : SMVoice-0-Normal: enter handleCarrierConfigChangedInd
01-15 20:56:27.987  2197  2819 D Mapcon  : SMVoice-0-Normal: PrepareState,handled msg=CMD_CARRIER_CONFIG_CHANGE_IND
01-15 20:56:27.987  2197  2819 D Mapcon  : SMVoice-0-Normal: enter handleCarrierConfigChangedInd
01-15 20:56:27.987  2197  2819 D Mapcon  : SMVoice-0-Normal: PrepareState,handled msg=CMD_CARRIER_CONFIG_CHANGE_IND
01-15 20:56:27.987  2197  2803 D Mapcon  : MapconConfigImpl-0: handleMessage, msg id=1800
01-15 20:56:27.987  2197  2803 D Mapcon  : MapconConfigImpl-0: enter handleCarrierConfigChangedInd
01-15 20:56:27.989  2197  2803 I Mapcon  : MapconConfigImpl-0: KEY_CARRIER_WFC_IMS_AVAILABLE_BOOL is false!!!!!!!!!!
01-15 20:56:27.989  2197  2803 D Mapcon  : MapconConfigImpl-0: enter reset
01-15 20:56:27.989  2197  2803 D Mapcon  : MapconConfigImpl-0: handleMessage, msg id=1800
01-15 20:56:27.989  2197  2803 D Mapcon  : MapconConfigImpl-0: enter handleCarrierConfigChangedInd
01-15 20:56:27.990  2197  2819 D Mapcon  : SMVoice-0-Normal: enter handleCarrierConfigChangedCnf
01-15 20:56:27.991  2197  2803 I Mapcon  : MapconConfigImpl-0: KEY_CARRIER_WFC_IMS_AVAILABLE_BOOL is false!!!!!!!!!!
01-15 20:56:27.991  2197  2803 D Mapcon  : MapconConfigImpl-0: enter reset
01-15 20:56:27.991  2197  2819 D Mapcon  : MapconConfigImpl-0: enter isConfigReady, Config State is not ready!!!
01-15 20:56:27.991  2197  2819 V Mapcon  : SMVoice-0-Normal: Switch in XML off No need SIM Adp !
01-15 20:56:27.991  2197  2819 D Mapcon  : SMVoice-0-Normal: usim ready,read carrierconfig delay
01-15 20:56:27.991  2197  2819 D Mapcon  : SMVoice-0-Normal: PrepareState,handled msg=1801
01-15 20:56:27.991  2197  2819 D Mapcon  : SMVoice-0-Normal: enter handleCarrierConfigChangedCnf
01-15 20:56:27.991  2197  2819 D Mapcon  : MapconConfigImpl-0: enter isConfigReady, Config State is not ready!!!
01-15 20:56:27.992  2197  2819 V Mapcon  : SMVoice-0-Normal: Switch in XML off No need SIM Adp !
01-15 20:56:27.992  2197  2819 D Mapcon  : SMVoice-0-Normal: usim ready,read carrierconfig delay
01-15 20:56:27.992  2197  2819 D Mapcon  : SMVoice-0-Normal: PrepareState,handled msg=1801
01-15 20:56:32.992  2197  2819 D Mapcon  : SMVoice-0-Normal: enter handleCarrierConfigChangedInd
01-15 20:56:32.992  2197  2819 D Mapcon  : SMVoice-0-Normal: PrepareState,handled msg=CMD_CARRIER_CONFIG_CHANGE_IND
01-15 20:56:32.992  2197  2819 D Mapcon  : SMVoice-0-Normal: enter handleCarrierConfigChangedInd
01-15 20:56:32.992  2197  2819 D Mapcon  : SMVoice-0-Normal: PrepareState,handled msg=CMD_CARRIER_CONFIG_CHANGE_IND
01-15 20:56:32.993  2197  2803 D Mapcon  : MapconConfigImpl-0: handleMessage, msg id=1800
01-15 20:56:32.993  2197  2803 D Mapcon  : MapconConfigImpl-0: enter handleCarrierConfigChangedInd
01-15 20:56:32.995  2197  2803 I Mapcon  : MapconConfigImpl-0: KEY_CARRIER_WFC_IMS_AVAILABLE_BOOL is false!!!!!!!!!!
01-15 20:56:32.995  2197  2803 D Mapcon  : MapconConfigImpl-0: enter reset
01-15 20:56:32.995  2197  2803 D Mapcon  : MapconConfigImpl-0: handleMessage, msg id=1800
01-15 20:56:32.995  2197  2803 D Mapcon  : MapconConfigImpl-0: enter handleCarrierConfigChangedInd
01-15 20:56:32.995  2197  2819 D Mapcon  : SMVoice-0-Normal: enter handleCarrierConfigChangedCnf
01-15 20:56:32.997  2197  2803 I Mapcon  : MapconConfigImpl-0: KEY_CARRIER_WFC_IMS_AVAILABLE_BOOL is false!!!!!!!!!!
01-15 20:56:32.997  2197  2803 D Mapcon  : MapconConfigImpl-0: enter reset
01-15 20:56:32.997  2197  2819 D Mapcon  : MapconConfigImpl-0: enter isConfigReady, Config State is not ready!!!
01-15 20:56:32.997  2197  2819 V Mapcon  : SMVoice-0-Normal: Switch in XML off No need SIM Adp !
01-15 20:56:32.997  2197  2819 D Mapcon  : SMVoice-0-Normal: usim ready,read carrierconfig delay
01-15 20:56:32.997  2197  2819 D Mapcon  : SMVoice-0-Normal: PrepareState,handled msg=1801
01-15 20:56:32.997  2197  2819 D Mapcon  : SMVoice-0-Normal: enter handleCarrierConfigChangedCnf
01-15 20:56:32.998  2197  2819 D Mapcon  : MapconConfigImpl-0: enter isConfigReady, Config State is not ready!!!
01-15 20:56:32.998  2197  2819 V Mapcon  : SMVoice-0-Normal: Switch in XML off No need SIM Adp !
01-15 20:56:32.998  2197  2819 D Mapcon  : SMVoice-0-Normal: usim ready,read carrierconfig delay
01-15 20:56:32.998  2197  2819 D Mapcon  : SMVoice-0-Normal: PrepareState,handled msg=1801
01-15 20:56:37.999  2197  2819 D Mapcon  : SMVoice-0-Normal: enter handleCarrierConfigChangedInd
01-15 20:56:37.999  2197  2819 D Mapcon  : SMVoice-0-Normal: PrepareState,handled msg=CMD_CARRIER_CONFIG_CHANGE_IND
01-15 20:56:37.999  2197  2819 D Mapcon  : SMVoice-0-Normal: enter handleCarrierConfigChangedInd
01-15 20:56:37.999  2197  2819 D Mapcon  : SMVoice-0-Normal: PrepareState,handled msg=CMD_CARRIER_CONFIG_CHANGE_IND
01-15 20:56:37.999  2197  2803 D Mapcon  : MapconConfigImpl-0: handleMessage, msg id=1800
01-15 20:56:37.999  2197  2803 D Mapcon  : MapconConfigImpl-0: enter handleCarrierConfigChangedInd
01-15 20:56:38.001  2197  2803 I Mapcon  : MapconConfigImpl-0: KEY_CARRIER_WFC_IMS_AVAILABLE_BOOL is false!!!!!!!!!!
01-15 20:56:38.002  2197  2803 D Mapcon  : MapconConfigImpl-0: enter reset
01-15 20:56:38.002  2197  2803 D Mapcon  : MapconConfigImpl-0: handleMessage, msg id=1800
01-15 20:56:38.002  2197  2819 D Mapcon  : SMVoice-0-Normal: enter handleCarrierConfigChangedCnf
01-15 20:56:38.002  2197  2803 D Mapcon  : MapconConfigImpl-0: enter handleCarrierConfigChangedInd
01-15 20:56:38.003  2197  2803 I Mapcon  : MapconConfigImpl-0: KEY_CARRIER_WFC_IMS_AVAILABLE_BOOL is false!!!!!!!!!!
01-15 20:56:38.003  2197  2803 D Mapcon  : MapconConfigImpl-0: enter reset
01-15 20:56:38.003  2197  2819 D Mapcon  : MapconConfigImpl-0: enter isConfigReady, Config State is not ready!!!
01-15 20:56:38.003  2197  2819 V Mapcon  : SMVoice-0-Normal: Switch in XML off No need SIM Adp !
01-15 20:56:38.003  2197  2819 D Mapcon  : SMVoice-0-Normal: usim ready,read carrierconfig delay
01-15 20:56:38.003  2197  2819 D Mapcon  : SMVoice-0-Normal: PrepareState,handled msg=1801
01-15 20:56:38.004  2197  2819 D Mapcon  : SMVoice-0-Normal: enter handleCarrierConfigChangedCnf
01-15 20:56:38.004  2197  2819 D Mapcon  : MapconConfigImpl-0: enter isConfigReady, Config State is not ready!!!
01-15 20:56:38.004  2197  2819 V Mapcon  : SMVoice-0-Normal: Switch in XML off No need SIM Adp !
01-15 20:56:38.004  2197  2819 D Mapcon  : SMVoice-0-Normal: usim ready,read carrierconfig delay
01-15 20:56:38.004  2197  2819 D Mapcon  : SMVoice-0-Normal: PrepareState,handled msg=1801
01-15 20:56:42.677   627   693 W SocketListener: sending broadcast to Pid = 1196, Uid = 1000 
01-15 20:56:42.679  1196  1599 I chatty  : uid=1000(system) NetdConnector expire 2 lines
01-15 20:56:42.680  1196  1309 I chatty  : uid=1000(system) android.fg expire 1 line
01-15 20:56:43.009  2197  2819 D Mapcon  : SMVoice-0-Normal: enter handleCarrierConfigChangedInd
01-15 20:56:43.009  2197  2819 D Mapcon  : SMVoice-0-Normal: PrepareState,handled msg=CMD_CARRIER_CONFIG_CHANGE_IND
01-15 20:56:43.009  2197  2819 D Mapcon  : SMVoice-0-Normal: enter handleCarrierConfigChangedInd
01-15 20:56:43.009  2197  2819 D Mapcon  : SMVoice-0-Normal: PrepareState,handled msg=CMD_CARRIER_CONFIG_CHANGE_IND
01-15 20:56:43.010  2197  2803 D Mapcon  : MapconConfigImpl-0: handleMessage, msg id=1800
01-15 20:56:43.010  2197  2803 D Mapcon  : MapconConfigImpl-0: enter handleCarrierConfigChangedInd
01-15 20:56:43.012  2197  2803 I Mapcon  : MapconConfigImpl-0: KEY_CARRIER_WFC_IMS_AVAILABLE_BOOL is false!!!!!!!!!!
01-15 20:56:43.012  2197  2803 D Mapcon  : MapconConfigImpl-0: enter reset
01-15 20:56:43.012  2197  2803 D Mapcon  : MapconConfigImpl-0: handleMessage, msg id=1800
01-15 20:56:43.012  2197  2803 D Mapcon  : MapconConfigImpl-0: enter handleCarrierConfigChangedInd
01-15 20:56:43.012  2197  2819 D Mapcon  : SMVoice-0-Normal: enter handleCarrierConfigChangedCnf
01-15 20:56:43.013  2197  2803 I Mapcon  : MapconConfigImpl-0: KEY_CARRIER_WFC_IMS_AVAILABLE_BOOL is false!!!!!!!!!!
01-15 20:56:43.014  2197  2803 D Mapcon  : MapconConfigImpl-0: enter reset
01-15 20:56:43.014  2197  2819 D Mapcon  : MapconConfigImpl-0: enter isConfigReady, Config State is not ready!!!
01-15 20:56:43.014  2197  2819 V Mapcon  : SMVoice-0-Normal: Switch in XML off No need SIM Adp !
01-15 20:56:43.014  2197  2819 D Mapcon  : SMVoice-0-Normal: usim ready,read carrierconfig delay
01-15 20:56:43.014  2197  2819 D Mapcon  : SMVoice-0-Normal: PrepareState,handled msg=1801
01-15 20:56:43.014  2197  2819 D Mapcon  : SMVoice-0-Normal: enter handleCarrierConfigChangedCnf
01-15 20:56:43.014  2197  2819 D Mapcon  : MapconConfigImpl-0: enter isConfigReady, Config State is not ready!!!
01-15 20:56:43.014  2197  2819 V Mapcon  : SMVoice-0-Normal: Switch in XML off No need SIM Adp !
01-15 20:56:43.014  2197  2819 D Mapcon  : SMVoice-0-Normal: usim ready,read carrierconfig delay
01-15 20:56:43.014  2197  2819 D Mapcon  : SMVoice-0-Normal: PrepareState,handled msg=1801
01-15 20:56:48.018  2197  2819 D Mapcon  : SMVoice-0-Normal: enter handleCarrierConfigChangedInd
01-15 20:56:48.019  2197  2819 D Mapcon  : SMVoice-0-Normal: PrepareState,handled msg=CMD_CARRIER_CONFIG_CHANGE_IND
01-15 20:56:48.019  2197  2819 D Mapcon  : SMVoice-0-Normal: enter handleCarrierConfigChangedInd
01-15 20:56:48.019  2197  2819 D Mapcon  : SMVoice-0-Normal: PrepareState,handled msg=CMD_CARRIER_CONFIG_CHANGE_IND
01-15 20:56:48.019  2197  2803 D Mapcon  : MapconConfigImpl-0: handleMessage, msg id=1800
01-15 20:56:48.019  2197  2803 D Mapcon  : MapconConfigImpl-0: enter handleCarrierConfigChangedInd
01-15 20:56:48.021  2197  2803 I Mapcon  : MapconConfigImpl-0: KEY_CARRIER_WFC_IMS_AVAILABLE_BOOL is false!!!!!!!!!!
01-15 20:56:48.021  2197  2803 D Mapcon  : MapconConfigImpl-0: enter reset
01-15 20:56:48.021  2197  2803 D Mapcon  : MapconConfigImpl-0: handleMessage, msg id=1800
01-15 20:56:48.022  2197  2803 D Mapcon  : MapconConfigImpl-0: enter handleCarrierConfigChangedInd
01-15 20:56:48.022  2197  2819 D Mapcon  : SMVoice-0-Normal: enter handleCarrierConfigChangedCnf
01-15 20:56:48.023  2197  2803 I Mapcon  : MapconConfigImpl-0: KEY_CARRIER_WFC_IMS_AVAILABLE_BOOL is false!!!!!!!!!!
01-15 20:56:48.023  2197  2803 D Mapcon  : MapconConfigImpl-0: enter reset
01-15 20:56:48.023  2197  2819 D Mapcon  : MapconConfigImpl-0: enter isConfigReady, Config State is not ready!!!
01-15 20:56:48.023  2197  2819 V Mapcon  : SMVoice-0-Normal: Switch in XML off No need SIM Adp !
01-15 20:56:48.023  2197  2819 D Mapcon  : SMVoice-0-Normal: usim ready,read carrierconfig delay
01-15 20:56:48.024  2197  2819 D Mapcon  : SMVoice-0-Normal: PrepareState,handled msg=1801
01-15 20:56:48.024  2197  2819 D Mapcon  : SMVoice-0-Normal: enter handleCarrierConfigChangedCnf
01-15 20:56:48.024  2197  2819 D Mapcon  : MapconConfigImpl-0: enter isConfigReady, Config State is not ready!!!
01-15 20:56:48.024  2197  2819 V Mapcon  : SMVoice-0-Normal: Switch in XML off No need SIM Adp !
01-15 20:56:48.024  2197  2819 D Mapcon  : SMVoice-0-Normal: usim ready,read carrierconfig delay
01-15 20:56:48.024  2197  2819 D Mapcon  : SMVoice-0-Normal: PrepareState,handled msg=1801
01-15 20:56:49.684   825   980 I storaged: storaged_t::event: storage_info refreshed.
01-15 20:56:53.029  2197  2819 D Mapcon  : SMVoice-0-Normal: enter handleCarrierConfigChangedInd
01-15 20:56:53.029  2197  2819 D Mapcon  : SMVoice-0-Normal: PrepareState,handled msg=CMD_CARRIER_CONFIG_CHANGE_IND
01-15 20:56:53.029  2197  2819 D Mapcon  : SMVoice-0-Normal: enter handleCarrierConfigChangedInd
01-15 20:56:53.029  2197  2819 D Mapcon  : SMVoice-0-Normal: PrepareState,handled msg=CMD_CARRIER_CONFIG_CHANGE_IND
01-15 20:56:53.030  2197  2803 D Mapcon  : MapconConfigImpl-0: handleMessage, msg id=1800
01-15 20:56:53.030  2197  2803 D Mapcon  : MapconConfigImpl-0: enter handleCarrierConfigChangedInd
01-15 20:56:53.031  2197  2803 I Mapcon  : MapconConfigImpl-0: KEY_CARRIER_WFC_IMS_AVAILABLE_BOOL is false!!!!!!!!!!
01-15 20:56:53.031  2197  2803 D Mapcon  : MapconConfigImpl-0: enter reset
01-15 20:56:53.032  2197  2803 D Mapcon  : MapconConfigImpl-0: handleMessage, msg id=1800
01-15 20:56:53.032  2197  2803 D Mapcon  : MapconConfigImpl-0: enter handleCarrierConfigChangedInd
01-15 20:56:53.032  2197  2819 D Mapcon  : SMVoice-0-Normal: enter handleCarrierConfigChangedCnf
01-15 20:56:53.033  2197  2803 I Mapcon  : MapconConfigImpl-0: KEY_CARRIER_WFC_IMS_AVAILABLE_BOOL is false!!!!!!!!!!
01-15 20:56:53.033  2197  2803 D Mapcon  : MapconConfigImpl-0: enter reset
01-15 20:56:53.033  2197  2819 D Mapcon  : MapconConfigImpl-0: enter isConfigReady, Config State is not ready!!!
01-15 20:56:53.034  2197  2819 V Mapcon  : SMVoice-0-Normal: Switch in XML off No need SIM Adp !
01-15 20:56:53.034  2197  2819 D Mapcon  : SMVoice-0-Normal: usim ready,read carrierconfig delay
01-15 20:56:53.034  2197  2819 D Mapcon  : SMVoice-0-Normal: PrepareState,handled msg=1801
01-15 20:56:53.034  2197  2819 D Mapcon  : SMVoice-0-Normal: enter handleCarrierConfigChangedCnf
01-15 20:56:53.034  2197  2819 D Mapcon  : MapconConfigImpl-0: enter isConfigReady, Config State is not ready!!!
01-15 20:56:53.034  2197  2819 V Mapcon  : SMVoice-0-Normal: Switch in XML off No need SIM Adp !
01-15 20:56:53.034  2197  2819 D Mapcon  : SMVoice-0-Normal: usim ready,read carrierconfig delay
01-15 20:56:53.034  2197  2819 D Mapcon  : SMVoice-0-Normal: PrepareState,handled msg=1801
01-15 20:56:58.036  2197  2819 D Mapcon  : SMVoice-0-Normal: enter handleCarrierConfigChangedInd
01-15 20:56:58.036  2197  2819 D Mapcon  : SMVoice-0-Normal: PrepareState,handled msg=CMD_CARRIER_CONFIG_CHANGE_IND
01-15 20:56:58.036  2197  2803 D Mapcon  : MapconConfigImpl-0: handleMessage, msg id=1800
01-15 20:56:58.036  2197  2803 D Mapcon  : MapconConfigImpl-0: enter handleCarrierConfigChangedInd
01-15 20:56:58.036  2197  2819 D Mapcon  : SMVoice-0-Normal: enter handleCarrierConfigChangedInd
01-15 20:56:58.036  2197  2819 D Mapcon  : SMVoice-0-Normal: PrepareState,handled msg=CMD_CARRIER_CONFIG_CHANGE_IND
01-15 20:56:58.039  2197  2803 I Mapcon  : MapconConfigImpl-0: KEY_CARRIER_WFC_IMS_AVAILABLE_BOOL is false!!!!!!!!!!
01-15 20:56:58.039  2197  2803 D Mapcon  : MapconConfigImpl-0: enter reset
01-15 20:56:58.039  2197  2803 D Mapcon  : MapconConfigImpl-0: handleMessage, msg id=1800
01-15 20:56:58.039  2197  2803 D Mapcon  : MapconConfigImpl-0: enter handleCarrierConfigChangedInd
01-15 20:56:58.039  2197  2819 D Mapcon  : SMVoice-0-Normal: enter handleCarrierConfigChangedCnf
01-15 20:56:58.040  2197  2803 I Mapcon  : MapconConfigImpl-0: KEY_CARRIER_WFC_IMS_AVAILABLE_BOOL is false!!!!!!!!!!
01-15 20:56:58.040  2197  2803 D Mapcon  : MapconConfigImpl-0: enter reset
01-15 20:56:58.041  2197  2819 D Mapcon  : MapconConfigImpl-0: enter isConfigReady, Config State is not ready!!!
01-15 20:56:58.041  2197  2819 V Mapcon  : SMVoice-0-Normal: Switch in XML off No need SIM Adp !
01-15 20:56:58.041  2197  2819 D Mapcon  : SMVoice-0-Normal: usim ready,read carrierconfig delay
01-15 20:56:58.041  2197  2819 D Mapcon  : SMVoice-0-Normal: PrepareState,handled msg=1801
01-15 20:56:58.041  2197  2819 D Mapcon  : SMVoice-0-Normal: enter handleCarrierConfigChangedCnf
01-15 20:56:58.041  2197  2819 D Mapcon  : MapconConfigImpl-0: enter isConfigReady, Config State is not ready!!!
01-15 20:56:58.041  2197  2819 V Mapcon  : SMVoice-0-Normal: Switch in XML off No need SIM Adp !
01-15 20:56:58.041  2197  2819 D Mapcon  : SMVoice-0-Normal: usim ready,read carrierconfig delay
01-15 20:56:58.041  2197  2819 D Mapcon  : SMVoice-0-Normal: PrepareState,handled msg=1801
01-15 20:57:02.185  1196  1548 I chatty  : uid=1000(system) UEventObserver expire 12 lines
01-15 20:57:03.046  2197  2819 D Mapcon  : SMVoice-0-Normal: enter handleCarrierConfigChangedInd
01-15 20:57:03.047  2197  2819 D Mapcon  : SMVoice-0-Normal: PrepareState,handled msg=CMD_CARRIER_CONFIG_CHANGE_IND
01-15 20:57:03.047  2197  2819 D Mapcon  : SMVoice-0-Normal: enter handleCarrierConfigChangedInd
01-15 20:57:03.047  2197  2819 D Mapcon  : SMVoice-0-Normal: PrepareState,handled msg=CMD_CARRIER_CONFIG_CHANGE_IND
01-15 20:57:03.047  2197  2803 D Mapcon  : MapconConfigImpl-0: handleMessage, msg id=1800
01-15 20:57:03.047  2197  2803 D Mapcon  : MapconConfigImpl-0: enter handleCarrierConfigChangedInd
01-15 20:57:03.049  2197  2803 I Mapcon  : MapconConfigImpl-0: KEY_CARRIER_WFC_IMS_AVAILABLE_BOOL is false!!!!!!!!!!
01-15 20:57:03.049  2197  2803 D Mapcon  : MapconConfigImpl-0: enter reset
01-15 20:57:03.049  2197  2803 D Mapcon  : MapconConfigImpl-0: handleMessage, msg id=1800
01-15 20:57:03.049  2197  2803 D Mapcon  : MapconConfigImpl-0: enter handleCarrierConfigChangedInd
01-15 20:57:03.049  2197  2819 D Mapcon  : SMVoice-0-Normal: enter handleCarrierConfigChangedCnf
01-15 20:57:03.051  2197  2803 I Mapcon  : MapconConfigImpl-0: KEY_CARRIER_WFC_IMS_AVAILABLE_BOOL is false!!!!!!!!!!
01-15 20:57:03.051  2197  2803 D Mapcon  : MapconConfigImpl-0: enter reset
01-15 20:57:03.051  2197  2819 D Mapcon  : MapconConfigImpl-0: enter isConfigReady, Config State is not ready!!!
01-15 20:57:03.051  2197  2819 V Mapcon  : SMVoice-0-Normal: Switch in XML off No need SIM Adp !
01-15 20:57:03.051  2197  2819 D Mapcon  : SMVoice-0-Normal: usim ready,read carrierconfig delay
01-15 20:57:03.051  2197  2819 D Mapcon  : SMVoice-0-Normal: PrepareState,handled msg=1801
01-15 20:57:03.051  2197  2819 D Mapcon  : SMVoice-0-Normal: enter handleCarrierConfigChangedCnf
01-15 20:57:03.051  2197  2819 D Mapcon  : MapconConfigImpl-0: enter isConfigReady, Config State is not ready!!!
01-15 20:57:03.051  2197  2819 V Mapcon  : SMVoice-0-Normal: Switch in XML off No need SIM Adp !
01-15 20:57:03.051  2197  2819 D Mapcon  : SMVoice-0-Normal: usim ready,read carrierconfig delay
01-15 20:57:03.051  2197  2819 D Mapcon  : SMVoice-0-Normal: PrepareState,handled msg=1801
01-15 20:57:06.775  1196  1585 I chatty  : uid=1000(system) HwBinder:1196_2 expire 5 lines
01-15 20:57:08.057  2197  2819 D Mapcon  : SMVoice-0-Normal: enter handleCarrierConfigChangedInd
01-15 20:57:08.057  2197  2819 D Mapcon  : SMVoice-0-Normal: PrepareState,handled msg=CMD_CARRIER_CONFIG_CHANGE_IND
01-15 20:57:08.057  2197  2819 D Mapcon  : SMVoice-0-Normal: enter handleCarrierConfigChangedInd
01-15 20:57:08.057  2197  2819 D Mapcon  : SMVoice-0-Normal: PrepareState,handled msg=CMD_CARRIER_CONFIG_CHANGE_IND
01-15 20:57:08.057  2197  2803 D Mapcon  : MapconConfigImpl-0: handleMessage, msg id=1800
01-15 20:57:08.057  2197  2803 D Mapcon  : MapconConfigImpl-0: enter handleCarrierConfigChangedInd
01-15 20:57:08.059  2197  2803 I Mapcon  : MapconConfigImpl-0: KEY_CARRIER_WFC_IMS_AVAILABLE_BOOL is false!!!!!!!!!!
01-15 20:57:08.059  2197  2803 D Mapcon  : MapconConfigImpl-0: enter reset
01-15 20:57:08.059  2197  2803 D Mapcon  : MapconConfigImpl-0: handleMessage, msg id=1800
01-15 20:57:08.059  2197  2803 D Mapcon  : MapconConfigImpl-0: enter handleCarrierConfigChangedInd
01-15 20:57:08.059  2197  2819 D Mapcon  : SMVoice-0-Normal: enter handleCarrierConfigChangedCnf
01-15 20:57:08.061  2197  2803 I Mapcon  : MapconConfigImpl-0: KEY_CARRIER_WFC_IMS_AVAILABLE_BOOL is false!!!!!!!!!!
01-15 20:57:08.061  2197  2803 D Mapcon  : MapconConfigImpl-0: enter reset
01-15 20:57:08.061  2197  2819 D Mapcon  : MapconConfigImpl-0: enter isConfigReady, Config State is not ready!!!
01-15 20:57:08.061  2197  2819 V Mapcon  : SMVoice-0-Normal: Switch in XML off No need SIM Adp !
01-15 20:57:08.061  2197  2819 D Mapcon  : SMVoice-0-Normal: usim ready,read carrierconfig delay
01-15 20:57:08.061  2197  2819 D Mapcon  : SMVoice-0-Normal: PrepareState,handled msg=1801
01-15 20:57:08.061  2197  2819 D Mapcon  : SMVoice-0-Normal: enter handleCarrierConfigChangedCnf
01-15 20:57:08.061  2197  2819 D Mapcon  : MapconConfigImpl-0: enter isConfigReady, Config State is not ready!!!
01-15 20:57:08.061  2197  2819 V Mapcon  : SMVoice-0-Normal: Switch in XML off No need SIM Adp !
01-15 20:57:08.061  2197  2819 D Mapcon  : SMVoice-0-Normal: usim ready,read carrierconfig delay
01-15 20:57:08.061  2197  2819 D Mapcon  : SMVoice-0-Normal: PrepareState,handled msg=1801
01-15 20:57:13.067  2197  2819 D Mapcon  : SMVoice-0-Normal: enter handleCarrierConfigChangedInd
01-15 20:57:13.067  2197  2819 D Mapcon  : SMVoice-0-Normal: PrepareState,handled msg=CMD_CARRIER_CONFIG_CHANGE_IND
01-15 20:57:13.067  2197  2819 D Mapcon  : SMVoice-0-Normal: enter handleCarrierConfigChangedInd
01-15 20:57:13.067  2197  2819 D Mapcon  : SMVoice-0-Normal: PrepareState,handled msg=CMD_CARRIER_CONFIG_CHANGE_IND
01-15 20:57:13.067  2197  2803 D Mapcon  : MapconConfigImpl-0: handleMessage, msg id=1800
01-15 20:57:13.068  2197  2803 D Mapcon  : MapconConfigImpl-0: enter handleCarrierConfigChangedInd
01-15 20:57:13.069  2197  2803 I Mapcon  : MapconConfigImpl-0: KEY_CARRIER_WFC_IMS_AVAILABLE_BOOL is false!!!!!!!!!!
01-15 20:57:13.069  2197  2803 D Mapcon  : MapconConfigImpl-0: enter reset
01-15 20:57:13.070  2197  2803 D Mapcon  : MapconConfigImpl-0: handleMessage, msg id=1800
01-15 20:57:13.070  2197  2803 D Mapcon  : MapconConfigImpl-0: enter handleCarrierConfigChangedInd
01-15 20:57:13.070  2197  2819 D Mapcon  : SMVoice-0-Normal: enter handleCarrierConfigChangedCnf
01-15 20:57:13.071  2197  2803 I Mapcon  : MapconConfigImpl-0: KEY_CARRIER_WFC_IMS_AVAILABLE_BOOL is false!!!!!!!!!!
01-15 20:57:13.071  2197  2803 D Mapcon  : MapconConfigImpl-0: enter reset
01-15 20:57:13.071  2197  2819 D Mapcon  : MapconConfigImpl-0: enter isConfigReady, Config State is not ready!!!
01-15 20:57:13.071  2197  2819 V Mapcon  : SMVoice-0-Normal: Switch in XML off No need SIM Adp !
01-15 20:57:13.071  2197  2819 D Mapcon  : SMVoice-0-Normal: usim ready,read carrierconfig delay
01-15 20:57:13.071  2197  2819 D Mapcon  : SMVoice-0-Normal: PrepareState,handled msg=1801
01-15 20:57:13.071  2197  2819 D Mapcon  : SMVoice-0-Normal: enter handleCarrierConfigChangedCnf
01-15 20:57:13.071  2197  2819 D Mapcon  : MapconConfigImpl-0: enter isConfigReady, Config State is not ready!!!
01-15 20:57:13.072  2197  2819 V Mapcon  : SMVoice-0-Normal: Switch in XML off No need SIM Adp !
01-15 20:57:13.072  2197  2819 D Mapcon  : SMVoice-0-Normal: usim ready,read carrierconfig delay
01-15 20:57:13.072  2197  2819 D Mapcon  : SMVoice-0-Normal: PrepareState,handled msg=1801
01-15 20:57:18.077  2197  2819 D Mapcon  : SMVoice-0-Normal: enter handleCarrierConfigChangedInd
01-15 20:57:18.077  2197  2819 D Mapcon  : SMVoice-0-Normal: PrepareState,handled msg=CMD_CARRIER_CONFIG_CHANGE_IND
01-15 20:57:18.077  2197  2819 D Mapcon  : SMVoice-0-Normal: enter handleCarrierConfigChangedInd
01-15 20:57:18.077  2197  2819 D Mapcon  : SMVoice-0-Normal: PrepareState,handled msg=CMD_CARRIER_CONFIG_CHANGE_IND
01-15 20:57:18.078  2197  2803 D Mapcon  : MapconConfigImpl-0: handleMessage, msg id=1800
01-15 20:57:18.078  2197  2803 D Mapcon  : MapconConfigImpl-0: enter handleCarrierConfigChangedInd
01-15 20:57:18.080  2197  2803 I Mapcon  : MapconConfigImpl-0: KEY_CARRIER_WFC_IMS_AVAILABLE_BOOL is false!!!!!!!!!!
01-15 20:57:18.080  2197  2803 D Mapcon  : MapconConfigImpl-0: enter reset
01-15 20:57:18.080  2197  2803 D Mapcon  : MapconConfigImpl-0: handleMessage, msg id=1800
01-15 20:57:18.080  2197  2803 D Mapcon  : MapconConfigImpl-0: enter handleCarrierConfigChangedInd
01-15 20:57:18.081  2197  2819 D Mapcon  : SMVoice-0-Normal: enter handleCarrierConfigChangedCnf
01-15 20:57:18.082  2197  2803 I Mapcon  : MapconConfigImpl-0: KEY_CARRIER_WFC_IMS_AVAILABLE_BOOL is false!!!!!!!!!!
01-15 20:57:18.082  2197  2803 D Mapcon  : MapconConfigImpl-0: enter reset
01-15 20:57:18.082  2197  2819 D Mapcon  : MapconConfigImpl-0: enter isConfigReady, Config State is not ready!!!
01-15 20:57:18.082  2197  2819 V Mapcon  : SMVoice-0-Normal: Switch in XML off No need SIM Adp !
01-15 20:57:18.082  2197  2819 D Mapcon  : SMVoice-0-Normal: usim ready,read carrierconfig delay
01-15 20:57:18.082  2197  2819 D Mapcon  : SMVoice-0-Normal: PrepareState,handled msg=1801
01-15 20:57:18.082  2197  2819 D Mapcon  : SMVoice-0-Normal: enter handleCarrierConfigChangedCnf
01-15 20:57:18.082  2197  2819 D Mapcon  : MapconConfigImpl-0: enter isConfigReady, Config State is not ready!!!
01-15 20:57:18.082  2197  2819 V Mapcon  : SMVoice-0-Normal: Switch in XML off No need SIM Adp !
01-15 20:57:18.082  2197  2819 D Mapcon  : SMVoice-0-Normal: usim ready,read carrierconfig delay
01-15 20:57:18.082  2197  2819 D Mapcon  : SMVoice-0-Normal: PrepareState,handled msg=1801
01-15 20:57:19.576  1196  1740 I chatty  : uid=1000(system) fingerprintServ expire 7 lines
01-15 20:57:19.584  1196  1326 I chatty  : uid=1000(system) PowerManagerSer expire 14 lines
01-15 20:57:19.592  1932  1932 W FingerprintManager: Invalid acquired message: 6, 1002
01-15 20:57:19.592  1932  1932 W FingerprintManager: Invalid acquired message: 6, 1102
01-15 20:57:19.596  1932  1932 W KeyguardViewMediator: notifyDrawn as: ScreenTurningOn 
01-15 20:57:19.596  1196  3563 I chatty  : uid=1000(system) Binder:1196_E expire 1 line
01-15 20:57:19.597  1196  1831 I chatty  : uid=1000(system) PhotonicModulat expire 2 lines
01-15 20:57:19.598  1196  1540 I chatty  : uid=1000(system) android.anim expire 5 lines
01-15 20:57:19.598  1196  1252 I chatty  : uid=1000(system) android.ui expire 8 lines
01-15 20:57:19.598  1196  1311 I chatty  : uid=1000(system) android.display expire 2 lines
01-15 20:57:19.627  2197  2197 D Mapcon  : TelephonyTracker: onSignalStrengthsChanged:phoneId=0, level=5
01-15 20:57:19.629  2197  2819 D Mapcon  : SMVoice-0-Normal: PrepareState:defaultStatehandle msg=CMD_SIGNAL_STRENGTH_CHANED_IND
01-15 20:57:19.630  2090  2204 I HidataAppQoeP: handleStateChanged reason=6
01-15 20:57:19.632  2090  2204 I PreDnsQuery: handleStateChanged reason=6
01-15 20:57:19.633  2090  2204 I BrowserChrP: handleStateChanged
01-15 20:57:19.653  1196  1573 I chatty  : uid=1000(system) hw_finger_unloc expire 1 line
01-15 20:57:19.656  1196  5284 I chatty  : uid=1000(system) Binder:1196_13 expire 2 lines
01-15 20:57:19.666  2090  2204 I BoosterTelephonyCollector: handleDsdsStateChanged:dsds state= 0
01-15 20:57:19.667  2090  2204 I PreDnsQuery: handleStateChanged reason=-1
01-15 20:57:19.668  2090  2204 I BrowserChrP: handleStateChanged
01-15 20:57:19.697  2197  2197 D Mapcon  : TelephonyTracker: onSignalStrengthsChanged:phoneId=0, level=5
01-15 20:57:19.697  2090  2204 I HidataAppQoeP: handleStateChanged reason=6
01-15 20:57:19.697  2197  2819 D Mapcon  : SMVoice-0-Normal: PrepareState:defaultStatehandle msg=CMD_SIGNAL_STRENGTH_CHANED_IND
01-15 20:57:19.698  2090  2204 I PreDnsQuery: handleStateChanged reason=6
01-15 20:57:19.699  2090  2204 I BrowserChrP: handleStateChanged
01-15 20:57:19.705  2090  2204 I HidataAppQoeP: handleStateChanged reason=6
01-15 20:57:19.706  2090  2204 I PreDnsQuery: handleStateChanged reason=6
01-15 20:57:19.707  2090  2204 I BrowserChrP: handleStateChanged
01-15 20:57:19.707  2197  2197 D Mapcon  : TelephonyTracker: onSignalStrengthsChanged:phoneId=0, level=5
01-15 20:57:19.707  2197  2819 D Mapcon  : SMVoice-0-Normal: PrepareState:defaultStatehandle msg=CMD_SIGNAL_STRENGTH_CHANED_IND
01-15 20:57:19.715  2197  2197 I Telephony-PstnPhoneCapabilitiesNotifier: handleVideoCapabilitesChanged. Video capability - false
01-15 20:57:19.715  2197  2819 D Mapcon  : SMVoice-0-Normal: PrepareState:defaultStatehandle msg=CMD_IMS_STATE_CHANGE_IND
01-15 20:57:19.718  2197  2819 D Mapcon  : TelephonyAdapter: getImsDomain:phoneId=0, ims_reg_state=-1
01-15 20:57:19.726  1196  1957 I chatty  : uid=1000(system) Binder:1196_7 expire 18 lines
01-15 20:57:19.730  2197  2197 W SettingsEx: SettingsEx.Systemex.getString deprecated use Settings.System.getString instead ;callers=com.android.internal.telephony.gsm.HwCustGsmServiceStateManagerImpl.isMccForShowNetname:206 com.android.internal.telephony.gsm.HwCustGsmServiceStateManagerImpl.isShowNetnameByMcc:197 com.android.internal.telephony.gsm.HwCustGsmServiceStateManagerImpl.setOnsDisplayCustomization:148 
01-15 20:57:19.989  2197  2197 D Mapcon  : TelephonyTracker: onSignalStrengthsChanged:phoneId=0, level=5
01-15 20:57:19.990  2197  2819 D Mapcon  : SMVoice-0-Normal: PrepareState:defaultStatehandle msg=CMD_SIGNAL_STRENGTH_CHANED_IND
01-15 20:57:19.994  2090  2204 I HidataAppQoeP: handleStateChanged reason=6
01-15 20:57:19.995  2090  2204 I PreDnsQuery: handleStateChanged reason=6
01-15 20:57:19.996  2090  2204 I BrowserChrP: handleStateChanged
01-15 20:57:20.204  1196  1740 I chatty  : uid=1000(system) fingerprintServ expire 32 lines
01-15 20:57:20.205  2090 32688 D FaceRecognizeService: daemon startSetSecureFaceMode result val = 0
01-15 20:57:20.206  1932  2256 I PermissionManager: camera remind result:true
01-15 20:57:20.206  1932  2256 I BackgroundPermManager: pkgName: com.android.systemui,pid: 1932 ,uidOf3RdApk: 10032 ,permType: 0 ,permCfg: 1
01-15 20:57:20.209  1932  1932 W FingerprintManager: Invalid acquired message: 6, 1104
01-15 20:57:20.236  2090 32688 D FaceRecognizeService: authenticate begin package = com.android.systemui
01-15 20:57:20.237  2090  2434 D FaceRecognizeService: authenticate running!
01-15 20:57:20.237  2090  2434 D FaceRecognizeService: startAuthentication(com.android.systemui)
01-15 20:57:20.237  2090  2434 D FaceRecognizeService: isMainUser in-userId = 0 currentUserId = 0
01-15 20:57:20.238  2090  2434 D FaceRecognizeService: startAuthentication errorCode = 0
01-15 20:57:20.238  1196  8881 I chatty  : uid=1000(system) Binder:1196_1C expire 16 lines
01-15 20:57:20.238  2090  2434 D FaceRecognizeService: current cmd is NULL!
01-15 20:57:20.238  2090  2434 D FaceRecognizeService: start new cmd directly!!
01-15 20:57:20.239  2090  2434 D FaceRecognizeAuthCmd: doStart daemon setflag return value = 0
01-15 20:57:20.240  2090  2434 D FaceRecognizeAuthCmd: doStart daemon return value = 0 userId = 0
01-15 20:57:20.240  2090  2434 D FaceRecognizeAuthCmd: authenticate cmd dostart end error code =  success 
01-15 20:57:20.240  2090  2434 D FaceRecognizeBaseCmd: processHalReturnedResult ERROR CODE =  success 
01-15 20:57:20.487  1196  9097 I chatty  : uid=1000(system) HwBinder:1196_5 expire 16 lines
01-15 20:57:20.564  2090  2241 D FaceRecognizeService: onAuthenticationAcquired acquiredInfo = 5
01-15 20:57:20.564  2090  2434 D FaceRecognizeAuthCmd: onMessage EVNET = authenticate acquire  para1= 5 para2 = 0
01-15 20:57:20.564  2090  2434 E FaceRecognizeService: handleMessage EVT = 4
01-15 20:57:20.610  1932  1932 W FingerprintManager: Invalid acquired message: 6, 1103
01-15 20:57:20.610  1932  1932 W FingerprintManager: Invalid acquired message: 6, 1003
01-15 20:57:20.610  1932  1932 W FingerprintManager: Invalid acquired message: 6, 1001
01-15 20:57:20.646  1196  1326 I chatty  : uid=1000(system) PowerManagerSer expire 45 lines
01-15 20:57:20.647  1196  2407 I chatty  : uid=1000(system) android.fg expire 2 lines
01-15 20:57:20.650  1196  1196 I chatty  : uid=1000 system_server expire 8 lines
01-15 20:57:20.650  1196  1252 I chatty  : uid=1000(system) android.ui expire 13 lines
01-15 20:57:20.656  1196  5285 I chatty  : uid=1000(system) Binder:1196_14 expire 15 lines
01-15 20:57:20.661  1196  1311 I chatty  : uid=1000(system) android.display expire 6 lines
01-15 20:57:20.685  1196  1831 I chatty  : uid=1000(system) PhotonicModulat expire 6 lines
01-15 20:57:20.813  1932  1932 W FingerprintManager: Invalid acquired message: 6, 1002
01-15 20:57:20.813  1932  1932 W FingerprintManager: Invalid acquired message: 6, 1102
01-15 20:57:20.816  1932  1932 W KeyguardViewMediator: notifyDrawn as: ScreenTurningOn 
01-15 20:57:20.817  1196  1540 I chatty  : uid=1000(system) android.anim expire 5 lines
01-15 20:57:20.865  1196  1573 I chatty  : uid=1000(system) hw_finger_unloc expire 1 line
01-15 20:57:20.868  2090  2204 I BoosterTelephonyCollector: handleDsdsStateChanged:dsds state= 0
01-15 20:57:20.869  2090  2204 I PreDnsQuery: handleStateChanged reason=-1
01-15 20:57:20.869  2090  2204 I BrowserChrP: handleStateChanged
01-15 20:57:20.897  2090  2241 D FaceRecognizeService: onAuthenticationAcquired acquiredInfo = 5
01-15 20:57:20.897  2090  2434 D FaceRecognizeAuthCmd: onMessage EVNET = authenticate acquire  para1= 5 para2 = 0
01-15 20:57:20.897  2090  2434 E FaceRecognizeService: handleMessage EVT = 4
01-15 20:57:20.900  2197  2197 I Telephony-PstnPhoneCapabilitiesNotifier: handleVideoCapabilitesChanged. Video capability - false
01-15 20:57:20.912  2197  2197 W SettingsEx: SettingsEx.Systemex.getString deprecated use Settings.System.getString instead ;callers=com.android.internal.telephony.gsm.HwCustGsmServiceStateManagerImpl.isMccForShowNetname:206 com.android.internal.telephony.gsm.HwCustGsmServiceStateManagerImpl.isShowNetnameByMcc:197 com.android.internal.telephony.gsm.HwCustGsmServiceStateManagerImpl.setOnsDisplayCustomization:148 
01-15 20:57:20.914  2197  2819 D Mapcon  : SMVoice-0-Normal: PrepareState:defaultStatehandle msg=CMD_IMS_STATE_CHANGE_IND
01-15 20:57:20.914  2197  2197 I Telephony-PstnPhoneCapabilitiesNotifier: handleVideoCapabilitesChanged. Video capability - false
01-15 20:57:20.915  2197  2819 D Mapcon  : TelephonyAdapter: getImsDomain:phoneId=0, ims_reg_state=-1
01-15 20:57:20.922  2197  2197 W SettingsEx: SettingsEx.Systemex.getString deprecated use Settings.System.getString instead ;callers=com.android.internal.telephony.gsm.HwCustGsmServiceStateManagerImpl.isMccForShowNetname:206 com.android.internal.telephony.gsm.HwCustGsmServiceStateManagerImpl.isShowNetnameByMcc:197 com.android.internal.telephony.gsm.HwCustGsmServiceStateManagerImpl.setOnsDisplayCustomization:148 
01-15 20:57:21.242  2090  2241 D FaceRecognizeService: onAuthenticationAcquired acquiredInfo = 5
01-15 20:57:21.242  2090  2434 D FaceRecognizeAuthCmd: onMessage EVNET = authenticate acquire  para1= 5 para2 = 0
01-15 20:57:21.242  2090  2434 E FaceRecognizeService: handleMessage EVT = 4
01-15 20:57:21.320  1932  1932 W FingerprintManager: Invalid acquired message: 6, 1104
01-15 20:57:21.439  1932  1932 W FingerprintManager: Invalid acquired message: 6, 1103
01-15 20:57:21.439  1932  1932 W FingerprintManager: Invalid acquired message: 6, 1003
01-15 20:57:21.439  1932  1932 W FingerprintManager: Invalid acquired message: 6, 1001
01-15 20:57:21.486  1196  1909 I chatty  : uid=1000(system) Binder:1196_4 expire 2 lines
01-15 20:57:21.487  1196  8735 I chatty  : uid=1000(system) Binder:1196_1A expire 16 lines
01-15 20:57:21.567  2090  2241 D FaceRecognizeService: onAuthenticationAcquired acquiredInfo = 5
01-15 20:57:21.567  2090  2434 D FaceRecognizeAuthCmd: onMessage EVNET = authenticate acquire  para1= 5 para2 = 0
01-15 20:57:21.567  2090  2434 E FaceRecognizeService: handleMessage EVT = 4
01-15 20:57:21.928  2090  2241 D FaceRecognizeService: onAuthenticationAcquired acquiredInfo = 5
01-15 20:57:21.928  2090  2434 D FaceRecognizeAuthCmd: onMessage EVNET = authenticate acquire  para1= 5 para2 = 0
01-15 20:57:21.929  2090  2434 E FaceRecognizeService: handleMessage EVT = 4
01-15 20:57:21.974  1196  1740 I chatty  : uid=1000(system) fingerprintServ expire 15 lines
01-15 20:57:21.981  1932  1932 W FingerprintManager: Invalid acquired message: 6, 1002
01-15 20:57:21.981  1932  1932 W FingerprintManager: Invalid acquired message: 6, 1102
01-15 20:57:21.982  1196  1326 I chatty  : uid=1000(system) PowerManagerSer expire 19 lines
01-15 20:57:21.984  1932  1932 W KeyguardViewMediator: notifyDrawn as: ScreenTurningOn 
01-15 20:57:21.985  1196  1831 I chatty  : uid=1000(system) PhotonicModulat expire 2 lines
01-15 20:57:21.986  1196  1311 I chatty  : uid=1000(system) android.display expire 2 lines
01-15 20:57:21.989  1196  1540 I chatty  : uid=1000(system) android.anim expire 3 lines
01-15 20:57:21.991  1196  1252 I chatty  : uid=1000(system) android.ui expire 7 lines
01-15 20:57:22.031  1196  1573 I chatty  : uid=1000(system) hw_finger_unloc expire 1 line
01-15 20:57:22.034  1196  5284 I chatty  : uid=1000(system) Binder:1196_13 expire 22 lines
01-15 20:57:22.052  2090  2204 I BoosterTelephonyCollector: handleDsdsStateChanged:dsds state= 0
01-15 20:57:22.052  2090  2204 I PreDnsQuery: handleStateChanged reason=-1
01-15 20:57:22.053  2090  2204 I BrowserChrP: handleStateChanged
01-15 20:57:22.075  2197  2197 I Telephony-PstnPhoneCapabilitiesNotifier: handleVideoCapabilitesChanged. Video capability - false
