01-15 20:49:17.248   551   562 D vold    : Added key 266931897 (fscrypt:b69d4faf1e0133df) to keyring 1032108506 in process 551
01-15 20:49:17.248   551   562 D vold    : lock_user_screen_isec result:1
01-15 20:49:17.262  2090  2204 I BoosterGameP: handleStateChanged reason=2
01-15 20:49:17.264  2090  2204 E BoosterGameP: inValidCQI:-1
01-15 20:49:17.264  2090  2204 I BoosterVideoP: handleStateChanged reason=2
01-15 20:49:17.266  2090  2204 I BoosterSwitchP: handleStateChanged reason=2
01-15 20:49:17.267  2090  2204 I DeepNoDisturbP: handleStateChanged reason=2
01-15 20:49:17.268  2090  2204 I DeepNoDisturbSM: setScreenState isScreenOn=false
01-15 20:49:17.268  2090  2090 I DeepNoDisturbSM: IdleState processMessage msg.what=EVENT_SCREEN_OFF
01-15 20:49:17.268  2090  2090 I DeepNoDisturbSM: IdleState: default msg.what=11
01-15 20:49:17.275  2090  2204 I HidataAppQoeP: handleStateChanged reason=2
01-15 20:49:17.277  2090  2204 I PreDnsQuery: handleStateChanged reason=2
01-15 20:49:17.277  2090  2204 I PreDnsQuery: No need to handled!
01-15 20:49:17.278  2090  2204 I BrowserChrP: handleStateChanged
01-15 20:49:17.289  1196  8881 I chatty  : uid=1000(system) Binder:1196_1C expire 12 lines
01-15 20:49:17.310  1196  1567 I chatty  : uid=1000(system) Binder:1196_3 expire 4 lines
01-15 20:49:17.317  2090  2109 D FaceRecognizeService: daemon init result val = 0 package = com.android.systemui
01-15 20:49:17.318  2090  2109 D AntiBruteForceProcessor: RemainingAuthenticateNum = 5
01-15 20:49:17.320  2090 32688 D FaceRecognizeService: daemon init result val = 0 package = com.android.systemui
01-15 20:49:17.325  1196  1252 I chatty  : uid=1000(system) android.ui expire 15 lines
01-15 20:49:17.370  1196  1581 I chatty  : uid=1000(system) GestureNavManag expire 5 lines
01-15 20:49:17.390  1196  1540 I chatty  : uid=1000(system) android.anim expire 2 lines
01-15 20:49:17.441  1196  1196 I chatty  : uid=1000 system_server expire 14 lines
01-15 20:49:17.649  1196  2125 I chatty  : uid=1000(system) Binder:1196_A expire 5 lines
01-15 20:49:19.828  2090  2204 I HidataAppQoeP: handleStateChanged reason=6
01-15 20:49:19.831  2090  2204 I PreDnsQuery: handleStateChanged reason=6
01-15 20:49:19.835  2090  2204 I BrowserChrP: handleStateChanged
01-15 20:49:20.262  1196  2052 I chatty  : uid=1000(system) MultiTaskManage expire 10 lines
01-15 20:49:20.277  2090  2090 I HwCoreAppHelperService: LocalReceiver receives:android.intent.action.PACKAGE_RESTARTED,pkg:com.microsoft.office.lync15,uid:10167
01-15 20:49:20.287  2090  2110 I BoosterSwitchP: notifyUidState do nothing
01-15 20:49:20.287  2090  2110 I DeepNoDisturbP: notifyUidState
01-15 20:49:20.287  2090  2110 I BrowserChrP: notifyUidState
01-15 20:49:20.291  2090 32688 I BoosterSwitchP: notifyUidState do nothing
01-15 20:49:20.291  2090 32688 I DeepNoDisturbP: notifyUidState
01-15 20:49:20.292  2090 32688 I BrowserChrP: notifyUidState
01-15 20:49:20.509  1196  5285 I chatty  : uid=1000(system) Binder:1196_14 expire 12 lines
01-15 20:49:20.770  1196  1686 I chatty  : uid=1000(system) Thread-15 expire 2 lines
01-15 20:49:21.394  1196  1548 I chatty  : uid=1000(system) UEventObserver expire 12 lines
01-15 20:49:22.140  1196  1250 I chatty  : uid=1000(system) ActivityManager expire 2 lines
01-15 20:49:22.162  1196  3563 I chatty  : uid=1000(system) Binder:1196_E expire 7 lines
01-15 20:49:22.168  2197  2819 I chatty  : uid=1001(radio) SMVoice-0 expire 26 lines
01-15 20:49:22.169  2197  2803 I chatty  : uid=1001(radio) ConfigHandlerTh expire 48 lines
01-15 20:49:22.211  1196  1909 I chatty  : uid=1000(system) Binder:1196_4 expire 10 lines
01-15 20:49:25.833  2090  2204 I HidataAppQoeP: handleStateChanged reason=6
01-15 20:49:25.836  2090  2204 I PreDnsQuery: handleStateChanged reason=6
01-15 20:49:25.838  2090  2204 I BrowserChrP: handleStateChanged
01-15 20:49:25.842  1196  1599 I chatty  : uid=1000(system) NetdConnector expire 10 lines
01-15 20:49:27.178  2197  2819 I chatty  : uid=1001(radio) SMVoice-0 expire 59 lines
01-15 20:49:43.176  1196  2012 I chatty  : uid=1000(system) watchdog expire 6 lines
01-15 20:49:49.681   825   980 I storaged: storaged_t::event: storage_info refreshed.
01-15 20:49:52.216  2197  2819 I chatty  : uid=1001(radio) SMVoice-0 expire 70 lines
01-15 20:49:52.216  2197  2803 I chatty  : uid=1001(radio) ConfigHandlerTh expire 40 lines
01-15 20:50:12.658  3647 18313 E ActivityThread: Failed to find provider info for com.huawei.fastapp.provider.open
01-15 20:50:12.660  1196  8736 I chatty  : uid=1000(system) Binder:1196_1B expire 1 line
01-15 20:50:17.145  1196  1548 I chatty  : uid=1000(system) UEventObserver expire 12 lines
01-15 20:50:17.174  1196  1585 I chatty  : uid=1000(system) HwBinder:1196_2 expire 1 line
01-15 20:50:17.268  2197  2819 I chatty  : uid=1001(radio) SMVoice-0 expire 32 lines
01-15 20:50:17.268  2197  2803 I chatty  : uid=1001(radio) ConfigHandlerTh expire 32 lines
01-15 20:50:22.898  1196  1270 I chatty  : uid=1000(system) batterystats-wo expire 4 lines
01-15 20:50:27.289  2197  2819 I chatty  : uid=1001(radio) SMVoice-0 expire 38 lines
01-15 20:50:34.805   627   693 W SocketListener: sending broadcast to Pid = 1196, Uid = 1000 
01-15 20:50:34.810  1196  1309 I chatty  : uid=1000(system) android.fg expire 6 lines
01-15 20:50:37.307  2197  2803 I chatty  : uid=1001(radio) ConfigHandlerTh expire 24 lines
01-15 20:50:38.901   627   693 W SocketListener: sending broadcast to Pid = 1196, Uid = 1000 
01-15 20:50:42.311  2197  2819 I chatty  : uid=1001(radio) SMVoice-0 expire 36 lines
01-15 20:50:49.681   825   980 I storaged: storaged_t::event: storage_info refreshed.
01-15 20:50:52.333  2197  2803 I chatty  : uid=1001(radio) ConfigHandlerTh expire 36 lines
01-15 20:50:52.338  2197  2819 I chatty  : uid=1001(radio) SMVoice-0 expire 97 lines
01-15 20:50:53.551  1196  1548 I chatty  : uid=1000(system) UEventObserver expire 12 lines
01-15 20:50:54.005   627   693 W SocketListener: sending broadcast to Pid = 1196, Uid = 1000 
01-15 20:51:01.572   627   693 W SocketListener: sending broadcast to Pid = 1196, Uid = 1000 
01-15 20:51:12.376  2197  2803 I chatty  : uid=1001(radio) ConfigHandlerTh expire 58 lines
01-15 20:51:27.409  2197  2819 I chatty  : uid=1001(radio) SMVoice-0 expire 63 lines
01-15 20:51:47.448  2197  2803 I chatty  : uid=1001(radio) ConfigHandlerTh expire 41 lines
01-15 20:51:49.682   825   980 I storaged: storaged_t::event: storage_info refreshed.
01-15 20:51:52.373   627   693 W SocketListener: sending broadcast to Pid = 1196, Uid = 1000 
01-15 20:51:52.375  1196  1599 I chatty  : uid=1000(system) NetdConnector expire 4 lines
01-15 20:51:52.454  2197  2819 I chatty  : uid=1001(radio) SMVoice-0 expire 84 lines
01-15 20:51:54.990  1196  1548 I chatty  : uid=1000(system) UEventObserver expire 12 lines
01-15 20:52:12.500  2197  2803 I chatty  : uid=1001(radio) ConfigHandlerTh expire 57 lines
01-15 20:52:19.371  1196  8881 I chatty  : uid=1000(system) Binder:1196_1C expire 4 lines
01-15 20:52:19.431   627   693 W SocketListener: sending broadcast to Pid = 1196, Uid = 1000 
01-15 20:52:22.511  2197  2819 I chatty  : uid=1001(radio) SMVoice-0 expire 84 lines
01-15 20:52:37.860  1196  1196 I chatty  : uid=1000 system_server expire 12 lines
01-15 20:52:37.873  1196  5285 I chatty  : uid=1000(system) Binder:1196_14 expire 10 lines
01-15 20:52:37.877  1196  8736 I chatty  : uid=1000(system) Binder:1196_1B expire 10 lines
01-15 20:52:43.189  1196  2012 I chatty  : uid=1000(system) watchdog expire 7 lines
01-15 20:52:49.682   825   980 I storaged: storaged_t::event: storage_info refreshed.
01-15 20:52:51.694 18020 20090 W HwApsManager: HwApsManagerService, registerCallback, start !
01-15 20:52:51.695  1196  1909 I chatty  : uid=1000(system) Binder:1196_4 expire 5 lines
01-15 20:52:52.567  2197  2819 I chatty  : uid=1001(radio) SMVoice-0 expire 40 lines
01-15 20:52:52.568  2197  2803 I chatty  : uid=1001(radio) ConfigHandlerTh expire 40 lines
01-15 20:52:56.423  1196  1548 I chatty  : uid=1000(system) UEventObserver expire 12 lines
01-15 20:53:02.517   627   693 W SocketListener: sending broadcast to Pid = 1196, Uid = 1000 
01-15 20:53:02.519  1196  1599 I chatty  : uid=1000(system) NetdConnector expire 12 lines
01-15 20:53:02.520  1196  1309 I chatty  : uid=1000(system) android.fg expire 10 lines
01-15 20:53:02.590  2197  2819 I chatty  : uid=1001(radio) SMVoice-0 expire 30 lines
01-15 20:53:12.773   627   693 W SocketListener: sending broadcast to Pid = 1196, Uid = 1000 
01-15 20:53:17.617  2197  2819 I chatty  : uid=1001(radio) SMVoice-0 expire 98 lines
01-15 20:53:17.617  2197  2803 I chatty  : uid=1001(radio) ConfigHandlerTh expire 56 lines
01-15 20:53:49.682   825   980 I storaged: storaged_t::event: storage_info refreshed.
01-15 20:53:52.684  2197  2819 I chatty  : uid=1001(radio) SMVoice-0 expire 29 lines
01-15 20:53:52.685  2197  2803 I chatty  : uid=1001(radio) ConfigHandlerTh expire 40 lines
01-15 20:53:57.301   627   693 W SocketListener: sending broadcast to Pid = 1196, Uid = 1000 
01-15 20:53:57.862  1196  1548 I chatty  : uid=1000(system) UEventObserver expire 12 lines
01-15 20:54:02.703  2197  2819 I chatty  : uid=1001(radio) SMVoice-0 expire 74 lines
01-15 20:54:17.730  2197  2803 I chatty  : uid=1001(radio) ConfigHandlerTh expire 24 lines
01-15 20:54:27.754  2197  2819 I chatty  : uid=1001(radio) SMVoice-0 expire 39 lines
01-15 20:54:32.002   627   693 W SocketListener: sending broadcast to Pid = 1196, Uid = 1000 
01-15 20:54:32.761  2197  2803 I chatty  : uid=1001(radio) ConfigHandlerTh expire 16 lines
01-15 20:54:42.781  2197  2819 D Mapcon  : SMVoice-0-Normal: enter handleCarrierConfigChangedInd
01-15 20:54:42.781  2197  2819 D Mapcon  : SMVoice-0-Normal: PrepareState,handled msg=CMD_CARRIER_CONFIG_CHANGE_IND
01-15 20:54:42.781  2197  2803 D Mapcon  : MapconConfigImpl-0: handleMessage, msg id=1800
01-15 20:54:42.781  2197  2803 D Mapcon  : MapconConfigImpl-0: enter handleCarrierConfigChangedInd
01-15 20:54:42.783  2197  2803 I Mapcon  : MapconConfigImpl-0: KEY_CARRIER_WFC_IMS_AVAILABLE_BOOL is false!!!!!!!!!!
01-15 20:54:42.783  2197  2803 D Mapcon  : MapconConfigImpl-0: enter reset
01-15 20:54:42.783  2197  2803 D Mapcon  : MapconConfigImpl-0: handleMessage, msg id=1800
01-15 20:54:42.783  2197  2803 D Mapcon  : MapconConfigImpl-0: enter handleCarrierConfigChangedInd
01-15 20:54:42.783  2197  2819 D Mapcon  : SMVoice-0-Normal: enter handleCarrierConfigChangedCnf
01-15 20:54:42.785  2197  2803 I Mapcon  : MapconConfigImpl-0: KEY_CARRIER_WFC_IMS_AVAILABLE_BOOL is false!!!!!!!!!!
01-15 20:54:42.785  2197  2803 D Mapcon  : MapconConfigImpl-0: enter reset
01-15 20:54:42.786  2197  2819 D Mapcon  : MapconConfigImpl-0: enter isConfigReady, Config State is not ready!!!
01-15 20:54:42.786  2197  2819 V Mapcon  : SMVoice-0-Normal: Switch in XML off No need SIM Adp !
01-15 20:54:42.786  2197  2819 D Mapcon  : SMVoice-0-Normal: usim ready,read carrierconfig delay
01-15 20:54:42.786  2197  2819 D Mapcon  : SMVoice-0-Normal: PrepareState,handled msg=1801
01-15 20:54:42.786  2197  2819 D Mapcon  : SMVoice-0-Normal: enter handleCarrierConfigChangedCnf
01-15 20:54:42.786  2197  2819 D Mapcon  : MapconConfigImpl-0: enter isConfigReady, Config State is not ready!!!
01-15 20:54:42.786  2197  2819 V Mapcon  : SMVoice-0-Normal: Switch in XML off No need SIM Adp !
01-15 20:54:42.786  2197  2819 D Mapcon  : SMVoice-0-Normal: usim ready,read carrierconfig delay
01-15 20:54:42.786  2197  2819 D Mapcon  : SMVoice-0-Normal: PrepareState,handled msg=1801
01-15 20:54:47.790  2197  2819 D Mapcon  : SMVoice-0-Normal: enter handleCarrierConfigChangedInd
01-15 20:54:47.791  2197  2819 D Mapcon  : SMVoice-0-Normal: PrepareState,handled msg=CMD_CARRIER_CONFIG_CHANGE_IND
01-15 20:54:47.791  2197  2819 D Mapcon  : SMVoice-0-Normal: enter handleCarrierConfigChangedInd
01-15 20:54:47.791  2197  2819 D Mapcon  : SMVoice-0-Normal: PrepareState,handled msg=CMD_CARRIER_CONFIG_CHANGE_IND
01-15 20:54:47.791  2197  2803 D Mapcon  : MapconConfigImpl-0: handleMessage, msg id=1800
01-15 20:54:47.791  2197  2803 D Mapcon  : MapconConfigImpl-0: enter handleCarrierConfigChangedInd
01-15 20:54:47.794  2197  2803 I Mapcon  : MapconConfigImpl-0: KEY_CARRIER_WFC_IMS_AVAILABLE_BOOL is false!!!!!!!!!!
01-15 20:54:47.794  2197  2803 D Mapcon  : MapconConfigImpl-0: enter reset
01-15 20:54:47.794  2197  2803 D Mapcon  : MapconConfigImpl-0: handleMessage, msg id=1800
01-15 20:54:47.794  2197  2803 D Mapcon  : MapconConfigImpl-0: enter handleCarrierConfigChangedInd
01-15 20:54:47.794  2197  2819 D Mapcon  : SMVoice-0-Normal: enter handleCarrierConfigChangedCnf
01-15 20:54:47.795  2197  2803 I Mapcon  : MapconConfigImpl-0: KEY_CARRIER_WFC_IMS_AVAILABLE_BOOL is false!!!!!!!!!!
01-15 20:54:47.795  2197  2803 D Mapcon  : MapconConfigImpl-0: enter reset
01-15 20:54:47.796  2197  2819 D Mapcon  : MapconConfigImpl-0: enter isConfigReady, Config State is not ready!!!
01-15 20:54:47.796  2197  2819 V Mapcon  : SMVoice-0-Normal: Switch in XML off No need SIM Adp !
01-15 20:54:47.796  2197  2819 D Mapcon  : SMVoice-0-Normal: usim ready,read carrierconfig delay
01-15 20:54:47.796  2197  2819 D Mapcon  : SMVoice-0-Normal: PrepareState,handled msg=1801
01-15 20:54:47.796  2197  2819 D Mapcon  : SMVoice-0-Normal: enter handleCarrierConfigChangedCnf
01-15 20:54:47.796  2197  2819 D Mapcon  : MapconConfigImpl-0: enter isConfigReady, Config State is not ready!!!
01-15 20:54:47.796  2197  2819 V Mapcon  : SMVoice-0-Normal: Switch in XML off No need SIM Adp !
01-15 20:54:47.796  2197  2819 D Mapcon  : SMVoice-0-Normal: usim ready,read carrierconfig delay
01-15 20:54:47.796  2197  2819 D Mapcon  : SMVoice-0-Normal: PrepareState,handled msg=1801
01-15 20:54:49.683   825   980 I storaged: storaged_t::event: storage_info refreshed.
01-15 20:54:50.146  1196  1238 I chatty  : uid=1000(system) android.bg expire 2 lines
01-15 20:54:51.047  1196  1603 I chatty  : uid=1000(system) NetworkPolicy expire 4 lines
01-15 20:54:52.801  2197  2819 D Mapcon  : SMVoice-0-Normal: enter handleCarrierConfigChangedInd
01-15 20:54:52.801  2197  2819 D Mapcon  : SMVoice-0-Normal: PrepareState,handled msg=CMD_CARRIER_CONFIG_CHANGE_IND
01-15 20:54:52.801  2197  2819 D Mapcon  : SMVoice-0-Normal: enter handleCarrierConfigChangedInd
01-15 20:54:52.801  2197  2819 D Mapcon  : SMVoice-0-Normal: PrepareState,handled msg=CMD_CARRIER_CONFIG_CHANGE_IND
01-15 20:54:52.801  2197  2803 D Mapcon  : MapconConfigImpl-0: handleMessage, msg id=1800
01-15 20:54:52.801  2197  2803 D Mapcon  : MapconConfigImpl-0: enter handleCarrierConfigChangedInd
01-15 20:54:52.803  2197  2803 I Mapcon  : MapconConfigImpl-0: KEY_CARRIER_WFC_IMS_AVAILABLE_BOOL is false!!!!!!!!!!
01-15 20:54:52.803  2197  2803 D Mapcon  : MapconConfigImpl-0: enter reset
01-15 20:54:52.803  2197  2803 D Mapcon  : MapconConfigImpl-0: handleMessage, msg id=1800
01-15 20:54:52.803  2197  2803 D Mapcon  : MapconConfigImpl-0: enter handleCarrierConfigChangedInd
01-15 20:54:52.803  2197  2819 D Mapcon  : SMVoice-0-Normal: enter handleCarrierConfigChangedCnf
01-15 20:54:52.805  2197  2803 I Mapcon  : MapconConfigImpl-0: KEY_CARRIER_WFC_IMS_AVAILABLE_BOOL is false!!!!!!!!!!
01-15 20:54:52.805  2197  2803 D Mapcon  : MapconConfigImpl-0: enter reset
01-15 20:54:52.805  2197  2819 D Mapcon  : MapconConfigImpl-0: enter isConfigReady, Config State is not ready!!!
01-15 20:54:52.805  2197  2819 V Mapcon  : SMVoice-0-Normal: Switch in XML off No need SIM Adp !
01-15 20:54:52.805  2197  2819 D Mapcon  : SMVoice-0-Normal: usim ready,read carrierconfig delay
01-15 20:54:52.805  2197  2819 D Mapcon  : SMVoice-0-Normal: PrepareState,handled msg=1801
01-15 20:54:52.806  2197  2819 D Mapcon  : SMVoice-0-Normal: enter handleCarrierConfigChangedCnf
01-15 20:54:52.806  2197  2819 D Mapcon  : MapconConfigImpl-0: enter isConfigReady, Config State is not ready!!!
01-15 20:54:52.806  2197  2819 V Mapcon  : SMVoice-0-Normal: Switch in XML off No need SIM Adp !
01-15 20:54:52.806  2197  2819 D Mapcon  : SMVoice-0-Normal: usim ready,read carrierconfig delay
01-15 20:54:52.806  2197  2819 D Mapcon  : SMVoice-0-Normal: PrepareState,handled msg=1801
01-15 20:54:55.157   627   693 W SocketListener: sending broadcast to Pid = 1196, Uid = 1000 
01-15 20:54:55.159  1196  1599 I chatty  : uid=1000(system) NetdConnector expire 10 lines
01-15 20:54:57.206   627   693 W SocketListener: sending broadcast to Pid = 1196, Uid = 1000 
01-15 20:54:57.811  2197  2819 D Mapcon  : SMVoice-0-Normal: enter handleCarrierConfigChangedInd
01-15 20:54:57.811  2197  2819 D Mapcon  : SMVoice-0-Normal: PrepareState,handled msg=CMD_CARRIER_CONFIG_CHANGE_IND
01-15 20:54:57.811  2197  2819 D Mapcon  : SMVoice-0-Normal: enter handleCarrierConfigChangedInd
01-15 20:54:57.811  2197  2819 D Mapcon  : SMVoice-0-Normal: PrepareState,handled msg=CMD_CARRIER_CONFIG_CHANGE_IND
01-15 20:54:57.811  2197  2803 D Mapcon  : MapconConfigImpl-0: handleMessage, msg id=1800
01-15 20:54:57.811  2197  2803 D Mapcon  : MapconConfigImpl-0: enter handleCarrierConfigChangedInd
01-15 20:54:57.813  2197  2803 I Mapcon  : MapconConfigImpl-0: KEY_CARRIER_WFC_IMS_AVAILABLE_BOOL is false!!!!!!!!!!
01-15 20:54:57.813  2197  2803 D Mapcon  : MapconConfigImpl-0: enter reset
01-15 20:54:57.814  2197  2803 D Mapcon  : MapconConfigImpl-0: handleMessage, msg id=1800
01-15 20:54:57.814  2197  2803 D Mapcon  : MapconConfigImpl-0: enter handleCarrierConfigChangedInd
01-15 20:54:57.814  2197  2819 D Mapcon  : SMVoice-0-Normal: enter handleCarrierConfigChangedCnf
01-15 20:54:57.815  2197  2803 I Mapcon  : MapconConfigImpl-0: KEY_CARRIER_WFC_IMS_AVAILABLE_BOOL is false!!!!!!!!!!
01-15 20:54:57.815  2197  2803 D Mapcon  : MapconConfigImpl-0: enter reset
01-15 20:54:57.815  2197  2819 D Mapcon  : MapconConfigImpl-0: enter isConfigReady, Config State is not ready!!!
01-15 20:54:57.816  2197  2819 V Mapcon  : SMVoice-0-Normal: Switch in XML off No need SIM Adp !
01-15 20:54:57.816  2197  2819 D Mapcon  : SMVoice-0-Normal: usim ready,read carrierconfig delay
01-15 20:54:57.816  2197  2819 D Mapcon  : SMVoice-0-Normal: PrepareState,handled msg=1801
01-15 20:54:57.816  2197  2819 D Mapcon  : SMVoice-0-Normal: enter handleCarrierConfigChangedCnf
01-15 20:54:57.816  2197  2819 D Mapcon  : MapconConfigImpl-0: enter isConfigReady, Config State is not ready!!!
01-15 20:54:57.816  2197  2819 V Mapcon  : SMVoice-0-Normal: Switch in XML off No need SIM Adp !
01-15 20:54:57.816  2197  2819 D Mapcon  : SMVoice-0-Normal: usim ready,read carrierconfig delay
01-15 20:54:57.816  2197  2819 D Mapcon  : SMVoice-0-Normal: PrepareState,handled msg=1801
01-15 20:54:59.313  1196  1548 I chatty  : uid=1000(system) UEventObserver expire 12 lines
01-15 20:55:02.821  2197  2819 D Mapcon  : SMVoice-0-Normal: enter handleCarrierConfigChangedInd
01-15 20:55:02.821  2197  2819 D Mapcon  : SMVoice-0-Normal: PrepareState,handled msg=CMD_CARRIER_CONFIG_CHANGE_IND
01-15 20:55:02.821  2197  2819 D Mapcon  : SMVoice-0-Normal: enter handleCarrierConfigChangedInd
01-15 20:55:02.821  2197  2819 D Mapcon  : SMVoice-0-Normal: PrepareState,handled msg=CMD_CARRIER_CONFIG_CHANGE_IND
01-15 20:55:02.822  2197  2803 D Mapcon  : MapconConfigImpl-0: handleMessage, msg id=1800
01-15 20:55:02.822  2197  2803 D Mapcon  : MapconConfigImpl-0: enter handleCarrierConfigChangedInd
01-15 20:55:02.823  2197  2803 I Mapcon  : MapconConfigImpl-0: KEY_CARRIER_WFC_IMS_AVAILABLE_BOOL is false!!!!!!!!!!
01-15 20:55:02.824  2197  2803 D Mapcon  : MapconConfigImpl-0: enter reset
01-15 20:55:02.824  2197  2803 D Mapcon  : MapconConfigImpl-0: handleMessage, msg id=1800
01-15 20:55:02.824  2197  2803 D Mapcon  : MapconConfigImpl-0: enter handleCarrierConfigChangedInd
01-15 20:55:02.824  2197  2819 D Mapcon  : SMVoice-0-Normal: enter handleCarrierConfigChangedCnf
01-15 20:55:02.825  2197  2803 I Mapcon  : MapconConfigImpl-0: KEY_CARRIER_WFC_IMS_AVAILABLE_BOOL is false!!!!!!!!!!
01-15 20:55:02.826  2197  2803 D Mapcon  : MapconConfigImpl-0: enter reset
01-15 20:55:02.826  2197  2819 D Mapcon  : MapconConfigImpl-0: enter isConfigReady, Config State is not ready!!!
01-15 20:55:02.826  2197  2819 V Mapcon  : SMVoice-0-Normal: Switch in XML off No need SIM Adp !
01-15 20:55:02.826  2197  2819 D Mapcon  : SMVoice-0-Normal: usim ready,read carrierconfig delay
01-15 20:55:02.826  2197  2819 D Mapcon  : SMVoice-0-Normal: PrepareState,handled msg=1801
01-15 20:55:02.826  2197  2819 D Mapcon  : SMVoice-0-Normal: enter handleCarrierConfigChangedCnf
01-15 20:55:02.826  2197  2819 D Mapcon  : MapconConfigImpl-0: enter isConfigReady, Config State is not ready!!!
01-15 20:55:02.826  2197  2819 V Mapcon  : SMVoice-0-Normal: Switch in XML off No need SIM Adp !
01-15 20:55:02.826  2197  2819 D Mapcon  : SMVoice-0-Normal: usim ready,read carrierconfig delay
01-15 20:55:02.826  2197  2819 D Mapcon  : SMVoice-0-Normal: PrepareState,handled msg=1801
01-15 20:55:07.830  2197  2819 D Mapcon  : SMVoice-0-Normal: enter handleCarrierConfigChangedInd
01-15 20:55:07.831  2197  2819 D Mapcon  : SMVoice-0-Normal: PrepareState,handled msg=CMD_CARRIER_CONFIG_CHANGE_IND
01-15 20:55:07.831  2197  2819 D Mapcon  : SMVoice-0-Normal: enter handleCarrierConfigChangedInd
01-15 20:55:07.831  2197  2819 D Mapcon  : SMVoice-0-Normal: PrepareState,handled msg=CMD_CARRIER_CONFIG_CHANGE_IND
01-15 20:55:07.831  2197  2803 D Mapcon  : MapconConfigImpl-0: handleMessage, msg id=1800
01-15 20:55:07.831  2197  2803 D Mapcon  : MapconConfigImpl-0: enter handleCarrierConfigChangedInd
01-15 20:55:07.833  2197  2803 I Mapcon  : MapconConfigImpl-0: KEY_CARRIER_WFC_IMS_AVAILABLE_BOOL is false!!!!!!!!!!
01-15 20:55:07.833  2197  2803 D Mapcon  : MapconConfigImpl-0: enter reset
01-15 20:55:07.833  2197  2803 D Mapcon  : MapconConfigImpl-0: handleMessage, msg id=1800
01-15 20:55:07.833  2197  2803 D Mapcon  : MapconConfigImpl-0: enter handleCarrierConfigChangedInd
01-15 20:55:07.833  2197  2819 D Mapcon  : SMVoice-0-Normal: enter handleCarrierConfigChangedCnf
01-15 20:55:07.835  2197  2803 I Mapcon  : MapconConfigImpl-0: KEY_CARRIER_WFC_IMS_AVAILABLE_BOOL is false!!!!!!!!!!
01-15 20:55:07.835  2197  2803 D Mapcon  : MapconConfigImpl-0: enter reset
01-15 20:55:07.835  2197  2819 D Mapcon  : MapconConfigImpl-0: enter isConfigReady, Config State is not ready!!!
01-15 20:55:07.835  2197  2819 V Mapcon  : SMVoice-0-Normal: Switch in XML off No need SIM Adp !
01-15 20:55:07.835  2197  2819 D Mapcon  : SMVoice-0-Normal: usim ready,read carrierconfig delay
01-15 20:55:07.835  2197  2819 D Mapcon  : SMVoice-0-Normal: PrepareState,handled msg=1801
01-15 20:55:07.835  2197  2819 D Mapcon  : SMVoice-0-Normal: enter handleCarrierConfigChangedCnf
01-15 20:55:07.835  2197  2819 D Mapcon  : MapconConfigImpl-0: enter isConfigReady, Config State is not ready!!!
01-15 20:55:07.835  2197  2819 V Mapcon  : SMVoice-0-Normal: Switch in XML off No need SIM Adp !
01-15 20:55:07.835  2197  2819 D Mapcon  : SMVoice-0-Normal: usim ready,read carrierconfig delay
01-15 20:55:07.835  2197  2819 D Mapcon  : SMVoice-0-Normal: PrepareState,handled msg=1801
01-15 20:55:12.309   627   693 W SocketListener: sending broadcast to Pid = 1196, Uid = 1000 
01-15 20:55:12.769  1196  1196 I chatty  : uid=1000 system_server expire 9 lines
01-15 20:55:12.797   627   693 W SocketListener: sending broadcast to Pid = 1196, Uid = 1000 
01-15 20:55:12.840  2197  2819 D Mapcon  : SMVoice-0-Normal: enter handleCarrierConfigChangedInd
01-15 20:55:12.841  2197  2819 D Mapcon  : SMVoice-0-Normal: PrepareState,handled msg=CMD_CARRIER_CONFIG_CHANGE_IND
01-15 20:55:12.841  2197  2819 D Mapcon  : SMVoice-0-Normal: enter handleCarrierConfigChangedInd
01-15 20:55:12.841  2197  2819 D Mapcon  : SMVoice-0-Normal: PrepareState,handled msg=CMD_CARRIER_CONFIG_CHANGE_IND
01-15 20:55:12.841  2197  2803 D Mapcon  : MapconConfigImpl-0: handleMessage, msg id=1800
01-15 20:55:12.841  2197  2803 D Mapcon  : MapconConfigImpl-0: enter handleCarrierConfigChangedInd
01-15 20:55:12.842  2197  2803 I Mapcon  : MapconConfigImpl-0: KEY_CARRIER_WFC_IMS_AVAILABLE_BOOL is false!!!!!!!!!!
01-15 20:55:12.842  2197  2803 D Mapcon  : MapconConfigImpl-0: enter reset
01-15 20:55:12.842  2197  2803 D Mapcon  : MapconConfigImpl-0: handleMessage, msg id=1800
01-15 20:55:12.843  2197  2803 D Mapcon  : MapconConfigImpl-0: enter handleCarrierConfigChangedInd
01-15 20:55:12.843  2197  2819 D Mapcon  : SMVoice-0-Normal: enter handleCarrierConfigChangedCnf
01-15 20:55:12.844  2197  2803 I Mapcon  : MapconConfigImpl-0: KEY_CARRIER_WFC_IMS_AVAILABLE_BOOL is false!!!!!!!!!!
01-15 20:55:12.844  2197  2803 D Mapcon  : MapconConfigImpl-0: enter reset
01-15 20:55:12.844  2197  2819 D Mapcon  : MapconConfigImpl-0: enter isConfigReady, Config State is not ready!!!
01-15 20:55:12.844  2197  2819 V Mapcon  : SMVoice-0-Normal: Switch in XML off No need SIM Adp !
01-15 20:55:12.844  2197  2819 D Mapcon  : SMVoice-0-Normal: usim ready,read carrierconfig delay
01-15 20:55:12.844  2197  2819 D Mapcon  : SMVoice-0-Normal: PrepareState,handled msg=1801
01-15 20:55:12.844  2197  2819 D Mapcon  : SMVoice-0-Normal: enter handleCarrierConfigChangedCnf
01-15 20:55:12.844  2197  2819 D Mapcon  : MapconConfigImpl-0: enter isConfigReady, Config State is not ready!!!
01-15 20:55:12.845  2197  2819 V Mapcon  : SMVoice-0-Normal: Switch in XML off No need SIM Adp !
01-15 20:55:12.845  2197  2819 D Mapcon  : SMVoice-0-Normal: usim ready,read carrierconfig delay
01-15 20:55:12.845  2197  2819 D Mapcon  : SMVoice-0-Normal: PrepareState,handled msg=1801
01-15 20:55:17.850  2197  2819 D Mapcon  : SMVoice-0-Normal: enter handleCarrierConfigChangedInd
01-15 20:55:17.850  2197  2819 D Mapcon  : SMVoice-0-Normal: PrepareState,handled msg=CMD_CARRIER_CONFIG_CHANGE_IND
01-15 20:55:17.850  2197  2819 D Mapcon  : SMVoice-0-Normal: enter handleCarrierConfigChangedInd
01-15 20:55:17.850  2197  2819 D Mapcon  : SMVoice-0-Normal: PrepareState,handled msg=CMD_CARRIER_CONFIG_CHANGE_IND
01-15 20:55:17.851  2197  2803 D Mapcon  : MapconConfigImpl-0: handleMessage, msg id=1800
01-15 20:55:17.851  2197  2803 D Mapcon  : MapconConfigImpl-0: enter handleCarrierConfigChangedInd
01-15 20:55:17.853  2197  2803 I Mapcon  : MapconConfigImpl-0: KEY_CARRIER_WFC_IMS_AVAILABLE_BOOL is false!!!!!!!!!!
01-15 20:55:17.853  2197  2803 D Mapcon  : MapconConfigImpl-0: enter reset
01-15 20:55:17.853  2197  2803 D Mapcon  : MapconConfigImpl-0: handleMessage, msg id=1800
01-15 20:55:17.853  2197  2803 D Mapcon  : MapconConfigImpl-0: enter handleCarrierConfigChangedInd
01-15 20:55:17.853  2197  2819 D Mapcon  : SMVoice-0-Normal: enter handleCarrierConfigChangedCnf
01-15 20:55:17.854  2197  2803 I Mapcon  : MapconConfigImpl-0: KEY_CARRIER_WFC_IMS_AVAILABLE_BOOL is false!!!!!!!!!!
01-15 20:55:17.854  2197  2803 D Mapcon  : MapconConfigImpl-0: enter reset
01-15 20:55:17.855  2197  2819 D Mapcon  : MapconConfigImpl-0: enter isConfigReady, Config State is not ready!!!
01-15 20:55:17.855  2197  2819 V Mapcon  : SMVoice-0-Normal: Switch in XML off No need SIM Adp !
01-15 20:55:17.855  2197  2819 D Mapcon  : SMVoice-0-Normal: usim ready,read carrierconfig delay
01-15 20:55:17.855  2197  2819 D Mapcon  : SMVoice-0-Normal: PrepareState,handled msg=1801
01-15 20:55:17.855  2197  2819 D Mapcon  : SMVoice-0-Normal: enter handleCarrierConfigChangedCnf
01-15 20:55:17.855  2197  2819 D Mapcon  : MapconConfigImpl-0: enter isConfigReady, Config State is not ready!!!
01-15 20:55:17.855  2197  2819 V Mapcon  : SMVoice-0-Normal: Switch in XML off No need SIM Adp !
01-15 20:55:17.855  2197  2819 D Mapcon  : SMVoice-0-Normal: usim ready,read carrierconfig delay
01-15 20:55:17.855  2197  2819 D Mapcon  : SMVoice-0-Normal: PrepareState,handled msg=1801
01-15 20:55:22.859  2197  2819 D Mapcon  : SMVoice-0-Normal: enter handleCarrierConfigChangedInd
01-15 20:55:22.860  2197  2819 D Mapcon  : SMVoice-0-Normal: PrepareState,handled msg=CMD_CARRIER_CONFIG_CHANGE_IND
01-15 20:55:22.860  2197  2819 D Mapcon  : SMVoice-0-Normal: enter handleCarrierConfigChangedInd
01-15 20:55:22.860  2197  2819 D Mapcon  : SMVoice-0-Normal: PrepareState,handled msg=CMD_CARRIER_CONFIG_CHANGE_IND
01-15 20:55:22.860  2197  2803 D Mapcon  : MapconConfigImpl-0: handleMessage, msg id=1800
01-15 20:55:22.860  2197  2803 D Mapcon  : MapconConfigImpl-0: enter handleCarrierConfigChangedInd
01-15 20:55:22.862  2197  2803 I Mapcon  : MapconConfigImpl-0: KEY_CARRIER_WFC_IMS_AVAILABLE_BOOL is false!!!!!!!!!!
01-15 20:55:22.862  2197  2803 D Mapcon  : MapconConfigImpl-0: enter reset
01-15 20:55:22.862  2197  2803 D Mapcon  : MapconConfigImpl-0: handleMessage, msg id=1800
01-15 20:55:22.862  2197  2803 D Mapcon  : MapconConfigImpl-0: enter handleCarrierConfigChangedInd
01-15 20:55:22.862  2197  2819 D Mapcon  : SMVoice-0-Normal: enter handleCarrierConfigChangedCnf
01-15 20:55:22.863  2197  2803 I Mapcon  : MapconConfigImpl-0: KEY_CARRIER_WFC_IMS_AVAILABLE_BOOL is false!!!!!!!!!!
01-15 20:55:22.863  2197  2803 D Mapcon  : MapconConfigImpl-0: enter reset
01-15 20:55:22.864  2197  2819 D Mapcon  : MapconConfigImpl-0: enter isConfigReady, Config State is not ready!!!
01-15 20:55:22.864  2197  2819 V Mapcon  : SMVoice-0-Normal: Switch in XML off No need SIM Adp !
01-15 20:55:22.864  2197  2819 D Mapcon  : SMVoice-0-Normal: usim ready,read carrierconfig delay
01-15 20:55:22.864  2197  2819 D Mapcon  : SMVoice-0-Normal: PrepareState,handled msg=1801
01-15 20:55:22.864  2197  2819 D Mapcon  : SMVoice-0-Normal: enter handleCarrierConfigChangedCnf
01-15 20:55:22.864  2197  2819 D Mapcon  : MapconConfigImpl-0: enter isConfigReady, Config State is not ready!!!
01-15 20:55:22.864  2197  2819 V Mapcon  : SMVoice-0-Normal: Switch in XML off No need SIM Adp !
01-15 20:55:22.864  2197  2819 D Mapcon  : SMVoice-0-Normal: usim ready,read carrierconfig delay
01-15 20:55:22.864  2197  2819 D Mapcon  : SMVoice-0-Normal: PrepareState,handled msg=1801
01-15 20:55:27.869  2197  2819 D Mapcon  : SMVoice-0-Normal: enter handleCarrierConfigChangedInd
01-15 20:55:27.869  2197  2819 D Mapcon  : SMVoice-0-Normal: PrepareState,handled msg=CMD_CARRIER_CONFIG_CHANGE_IND
01-15 20:55:27.870  2197  2819 D Mapcon  : SMVoice-0-Normal: enter handleCarrierConfigChangedInd
01-15 20:55:27.870  2197  2819 D Mapcon  : SMVoice-0-Normal: PrepareState,handled msg=CMD_CARRIER_CONFIG_CHANGE_IND
01-15 20:55:27.870  2197  2803 D Mapcon  : MapconConfigImpl-0: handleMessage, msg id=1800
01-15 20:55:27.870  2197  2803 D Mapcon  : MapconConfigImpl-0: enter handleCarrierConfigChangedInd
01-15 20:55:27.872  2197  2803 I Mapcon  : MapconConfigImpl-0: KEY_CARRIER_WFC_IMS_AVAILABLE_BOOL is false!!!!!!!!!!
01-15 20:55:27.872  2197  2803 D Mapcon  : MapconConfigImpl-0: enter reset
01-15 20:55:27.872  2197  2803 D Mapcon  : MapconConfigImpl-0: handleMessage, msg id=1800
01-15 20:55:27.872  2197  2803 D Mapcon  : MapconConfigImpl-0: enter handleCarrierConfigChangedInd
01-15 20:55:27.872  2197  2819 D Mapcon  : SMVoice-0-Normal: enter handleCarrierConfigChangedCnf
01-15 20:55:27.874  2197  2803 I Mapcon  : MapconConfigImpl-0: KEY_CARRIER_WFC_IMS_AVAILABLE_BOOL is false!!!!!!!!!!
01-15 20:55:27.874  2197  2803 D Mapcon  : MapconConfigImpl-0: enter reset
01-15 20:55:27.874  2197  2819 D Mapcon  : MapconConfigImpl-0: enter isConfigReady, Config State is not ready!!!
01-15 20:55:27.874  2197  2819 V Mapcon  : SMVoice-0-Normal: Switch in XML off No need SIM Adp !
01-15 20:55:27.874  2197  2819 D Mapcon  : SMVoice-0-Normal: usim ready,read carrierconfig delay
01-15 20:55:27.874  2197  2819 D Mapcon  : SMVoice-0-Normal: PrepareState,handled msg=1801
01-15 20:55:27.874  2197  2819 D Mapcon  : SMVoice-0-Normal: enter handleCarrierConfigChangedCnf
01-15 20:55:27.874  2197  2819 D Mapcon  : MapconConfigImpl-0: enter isConfigReady, Config State is not ready!!!
01-15 20:55:27.874  2197  2819 V Mapcon  : SMVoice-0-Normal: Switch in XML off No need SIM Adp !
01-15 20:55:27.874  2197  2819 D Mapcon  : SMVoice-0-Normal: usim ready,read carrierconfig delay
01-15 20:55:27.874  2197  2819 D Mapcon  : SMVoice-0-Normal: PrepareState,handled msg=1801
01-15 20:55:27.925   627   693 W SocketListener: sending broadcast to Pid = 1196, Uid = 1000 
01-15 20:55:32.879  2197  2819 D Mapcon  : SMVoice-0-Normal: enter handleCarrierConfigChangedInd
01-15 20:55:32.879  2197  2819 D Mapcon  : SMVoice-0-Normal: PrepareState,handled msg=CMD_CARRIER_CONFIG_CHANGE_IND
01-15 20:55:32.879  2197  2819 D Mapcon  : SMVoice-0-Normal: enter handleCarrierConfigChangedInd
01-15 20:55:32.879  2197  2819 D Mapcon  : SMVoice-0-Normal: PrepareState,handled msg=CMD_CARRIER_CONFIG_CHANGE_IND
01-15 20:55:32.879  2197  2803 D Mapcon  : MapconConfigImpl-0: handleMessage, msg id=1800
01-15 20:55:32.879  2197  2803 D Mapcon  : MapconConfigImpl-0: enter handleCarrierConfigChangedInd
01-15 20:55:32.882  2197  2803 I Mapcon  : MapconConfigImpl-0: KEY_CARRIER_WFC_IMS_AVAILABLE_BOOL is false!!!!!!!!!!
01-15 20:55:32.882  2197  2803 D Mapcon  : MapconConfigImpl-0: enter reset
01-15 20:55:32.882  2197  2803 D Mapcon  : MapconConfigImpl-0: handleMessage, msg id=1800
01-15 20:55:32.882  2197  2803 D Mapcon  : MapconConfigImpl-0: enter handleCarrierConfigChangedInd
01-15 20:55:32.882  2197  2819 D Mapcon  : SMVoice-0-Normal: enter handleCarrierConfigChangedCnf
01-15 20:55:32.883  2197  2803 I Mapcon  : MapconConfigImpl-0: KEY_CARRIER_WFC_IMS_AVAILABLE_BOOL is false!!!!!!!!!!
01-15 20:55:32.883  2197  2803 D Mapcon  : MapconConfigImpl-0: enter reset
01-15 20:55:32.884  2197  2819 D Mapcon  : MapconConfigImpl-0: enter isConfigReady, Config State is not ready!!!
01-15 20:55:32.884  2197  2819 V Mapcon  : SMVoice-0-Normal: Switch in XML off No need SIM Adp !
01-15 20:55:32.884  2197  2819 D Mapcon  : SMVoice-0-Normal: usim ready,read carrierconfig delay
01-15 20:55:32.884  2197  2819 D Mapcon  : SMVoice-0-Normal: PrepareState,handled msg=1801
01-15 20:55:32.884  2197  2819 D Mapcon  : SMVoice-0-Normal: enter handleCarrierConfigChangedCnf
01-15 20:55:32.884  2197  2819 D Mapcon  : MapconConfigImpl-0: enter isConfigReady, Config State is not ready!!!
01-15 20:55:32.884  2197  2819 V Mapcon  : SMVoice-0-Normal: Switch in XML off No need SIM Adp !
01-15 20:55:32.884  2197  2819 D Mapcon  : SMVoice-0-Normal: usim ready,read carrierconfig delay
01-15 20:55:32.884  2197  2819 D Mapcon  : SMVoice-0-Normal: PrepareState,handled msg=1801
01-15 20:55:37.072   627   693 W SocketListener: sending broadcast to Pid = 1196, Uid = 1000 
01-15 20:55:37.074  1196  1599 I chatty  : uid=1000(system) NetdConnector expire 2 lines
01-15 20:55:37.888  2197  2819 D Mapcon  : SMVoice-0-Normal: enter handleCarrierConfigChangedInd
01-15 20:55:37.888  2197  2819 D Mapcon  : SMVoice-0-Normal: PrepareState,handled msg=CMD_CARRIER_CONFIG_CHANGE_IND
01-15 20:55:37.888  2197  2819 D Mapcon  : SMVoice-0-Normal: enter handleCarrierConfigChangedInd
01-15 20:55:37.888  2197  2819 D Mapcon  : SMVoice-0-Normal: PrepareState,handled msg=CMD_CARRIER_CONFIG_CHANGE_IND
01-15 20:55:37.889  2197  2803 D Mapcon  : MapconConfigImpl-0: handleMessage, msg id=1800
01-15 20:55:37.889  2197  2803 D Mapcon  : MapconConfigImpl-0: enter handleCarrierConfigChangedInd
01-15 20:55:37.891  2197  2803 I Mapcon  : MapconConfigImpl-0: KEY_CARRIER_WFC_IMS_AVAILABLE_BOOL is false!!!!!!!!!!
01-15 20:55:37.891  2197  2803 D Mapcon  : MapconConfigImpl-0: enter reset
01-15 20:55:37.891  2197  2803 D Mapcon  : MapconConfigImpl-0: handleMessage, msg id=1800
01-15 20:55:37.891  2197  2803 D Mapcon  : MapconConfigImpl-0: enter handleCarrierConfigChangedInd
01-15 20:55:37.892  2197  2819 D Mapcon  : SMVoice-0-Normal: enter handleCarrierConfigChangedCnf
01-15 20:55:37.893  2197  2803 I Mapcon  : MapconConfigImpl-0: KEY_CARRIER_WFC_IMS_AVAILABLE_BOOL is false!!!!!!!!!!
01-15 20:55:37.893  2197  2803 D Mapcon  : MapconConfigImpl-0: enter reset
01-15 20:55:37.894  2197  2819 D Mapcon  : MapconConfigImpl-0: enter isConfigReady, Config State is not ready!!!
01-15 20:55:37.894  2197  2819 V Mapcon  : SMVoice-0-Normal: Switch in XML off No need SIM Adp !
01-15 20:55:37.894  2197  2819 D Mapcon  : SMVoice-0-Normal: usim ready,read carrierconfig delay
01-15 20:55:37.894  2197  2819 D Mapcon  : SMVoice-0-Normal: PrepareState,handled msg=1801
01-15 20:55:37.894  2197  2819 D Mapcon  : SMVoice-0-Normal: enter handleCarrierConfigChangedCnf
01-15 20:55:37.894  2197  2819 D Mapcon  : MapconConfigImpl-0: enter isConfigReady, Config State is not ready!!!
01-15 20:55:37.894  2197  2819 V Mapcon  : SMVoice-0-Normal: Switch in XML off No need SIM Adp !
01-15 20:55:37.894  2197  2819 D Mapcon  : SMVoice-0-Normal: usim ready,read carrierconfig delay
01-15 20:55:37.894  2197  2819 D Mapcon  : SMVoice-0-Normal: PrepareState,handled msg=1801
01-15 20:55:37.894  1196  8881 I chatty  : uid=1000(system) Binder:1196_1C expire 5 lines
01-15 20:55:37.901  1196  1254 I chatty  : uid=1000(system) ActivityManager expire 2 lines
01-15 20:55:37.901  1196  2052 I chatty  : uid=1000(system) MultiTaskManage expire 2 lines
01-15 20:55:37.923 20651 20651 D ActivityThread: Attach thread to application
01-15 20:55:38.053  1196  3563 I chatty  : uid=1000(system) Binder:1196_E expire 1 line
01-15 20:55:38.073  2090  5938 I BoosterSwitchP: notifyUidState do nothing
01-15 20:55:38.073  2090  5938 I DeepNoDisturbP: notifyUidState
01-15 20:55:38.073  2090  5938 I BrowserChrP: notifyUidState
01-15 20:55:38.572  1196  1686 I chatty  : uid=1000(system) Thread-15 expire 2 lines
01-15 20:55:39.071  1196  1250 I chatty  : uid=1000(system) ActivityManager expire 1 line
01-15 20:55:39.122 20677 20677 D ActivityThread: Attach thread to application
01-15 20:55:39.245  1196  8736 I chatty  : uid=1000(system) Binder:1196_1B expire 12 lines
01-15 20:55:39.306  2090  2110 I BoosterSwitchP: notifyUidState do nothing
01-15 20:55:39.306  2090  2110 I DeepNoDisturbP: notifyUidState
01-15 20:55:39.306  2090  2110 I BrowserChrP: notifyUidState
01-15 20:55:42.898  2197  2819 D Mapcon  : SMVoice-0-Normal: enter handleCarrierConfigChangedInd
01-15 20:55:42.899  2197  2819 D Mapcon  : SMVoice-0-Normal: PrepareState,handled msg=CMD_CARRIER_CONFIG_CHANGE_IND
01-15 20:55:42.899  2197  2819 D Mapcon  : SMVoice-0-Normal: enter handleCarrierConfigChangedInd
01-15 20:55:42.899  2197  2819 D Mapcon  : SMVoice-0-Normal: PrepareState,handled msg=CMD_CARRIER_CONFIG_CHANGE_IND
01-15 20:55:42.899  2197  2803 D Mapcon  : MapconConfigImpl-0: handleMessage, msg id=1800
01-15 20:55:42.899  2197  2803 D Mapcon  : MapconConfigImpl-0: enter handleCarrierConfigChangedInd
01-15 20:55:42.901  2197  2803 I Mapcon  : MapconConfigImpl-0: KEY_CARRIER_WFC_IMS_AVAILABLE_BOOL is false!!!!!!!!!!
01-15 20:55:42.901  2197  2803 D Mapcon  : MapconConfigImpl-0: enter reset
01-15 20:55:42.901  2197  2803 D Mapcon  : MapconConfigImpl-0: handleMessage, msg id=1800
01-15 20:55:42.901  2197  2803 D Mapcon  : MapconConfigImpl-0: enter handleCarrierConfigChangedInd
01-15 20:55:42.902  2197  2819 D Mapcon  : SMVoice-0-Normal: enter handleCarrierConfigChangedCnf
01-15 20:55:42.903  2197  2803 I Mapcon  : MapconConfigImpl-0: KEY_CARRIER_WFC_IMS_AVAILABLE_BOOL is false!!!!!!!!!!
01-15 20:55:42.903  2197  2803 D Mapcon  : MapconConfigImpl-0: enter reset
01-15 20:55:42.903  2197  2819 D Mapcon  : MapconConfigImpl-0: enter isConfigReady, Config State is not ready!!!
01-15 20:55:42.904  2197  2819 V Mapcon  : SMVoice-0-Normal: Switch in XML off No need SIM Adp !
01-15 20:55:42.904  2197  2819 D Mapcon  : SMVoice-0-Normal: usim ready,read carrierconfig delay
01-15 20:55:42.904  2197  2819 D Mapcon  : SMVoice-0-Normal: PrepareState,handled msg=1801
01-15 20:55:42.904  2197  2819 D Mapcon  : SMVoice-0-Normal: enter handleCarrierConfigChangedCnf
01-15 20:55:42.904  2197  2819 D Mapcon  : MapconConfigImpl-0: enter isConfigReady, Config State is not ready!!!
01-15 20:55:42.904  2197  2819 V Mapcon  : SMVoice-0-Normal: Switch in XML off No need SIM Adp !
01-15 20:55:42.904  2197  2819 D Mapcon  : SMVoice-0-Normal: usim ready,read carrierconfig delay
01-15 20:55:42.904  2197  2819 D Mapcon  : SMVoice-0-Normal: PrepareState,handled msg=1801
01-15 20:55:47.908  2197  2819 D Mapcon  : SMVoice-0-Normal: enter handleCarrierConfigChangedInd
01-15 20:55:47.908  2197  2819 D Mapcon  : SMVoice-0-Normal: PrepareState,handled msg=CMD_CARRIER_CONFIG_CHANGE_IND
01-15 20:55:47.908  2197  2803 D Mapcon  : MapconConfigImpl-0: handleMessage, msg id=1800
01-15 20:55:47.908  2197  2819 D Mapcon  : SMVoice-0-Normal: enter handleCarrierConfigChangedInd
01-15 20:55:47.908  2197  2803 D Mapcon  : MapconConfigImpl-0: enter handleCarrierConfigChangedInd
01-15 20:55:47.908  2197  2819 D Mapcon  : SMVoice-0-Normal: PrepareState,handled msg=CMD_CARRIER_CONFIG_CHANGE_IND
01-15 20:55:47.910  2197  2803 I Mapcon  : MapconConfigImpl-0: KEY_CARRIER_WFC_IMS_AVAILABLE_BOOL is false!!!!!!!!!!
01-15 20:55:47.910  2197  2803 D Mapcon  : MapconConfigImpl-0: enter reset
01-15 20:55:47.911  2197  2803 D Mapcon  : MapconConfigImpl-0: handleMessage, msg id=1800
01-15 20:55:47.911  2197  2803 D Mapcon  : MapconConfigImpl-0: enter handleCarrierConfigChangedInd
01-15 20:55:47.911  2197  2819 D Mapcon  : SMVoice-0-Normal: enter handleCarrierConfigChangedCnf
01-15 20:55:47.912  2197  2803 I Mapcon  : MapconConfigImpl-0: KEY_CARRIER_WFC_IMS_AVAILABLE_BOOL is false!!!!!!!!!!
01-15 20:55:47.912  2197  2803 D Mapcon  : MapconConfigImpl-0: enter reset
01-15 20:55:47.913  2197  2819 D Mapcon  : MapconConfigImpl-0: enter isConfigReady, Config State is not ready!!!
01-15 20:55:47.913  2197  2819 V Mapcon  : SMVoice-0-Normal: Switch in XML off No need SIM Adp !
01-15 20:55:47.913  2197  2819 D Mapcon  : SMVoice-0-Normal: usim ready,read carrierconfig delay
01-15 20:55:47.913  2197  2819 D Mapcon  : SMVoice-0-Normal: PrepareState,handled msg=1801
01-15 20:55:47.913  2197  2819 D Mapcon  : SMVoice-0-Normal: enter handleCarrierConfigChangedCnf
01-15 20:55:47.913  2197  2819 D Mapcon  : MapconConfigImpl-0: enter isConfigReady, Config State is not ready!!!
01-15 20:55:47.913  2197  2819 V Mapcon  : SMVoice-0-Normal: Switch in XML off No need SIM Adp !
01-15 20:55:47.913  2197  2819 D Mapcon  : SMVoice-0-Normal: usim ready,read carrierconfig delay
01-15 20:55:47.913  2197  2819 D Mapcon  : SMVoice-0-Normal: PrepareState,handled msg=1801
01-15 20:55:49.683   825   980 I storaged: storaged_t::event: storage_info refreshed.
01-15 20:55:51.022  1196  5285 I chatty  : uid=1000(system) Binder:1196_14 expire 3 lines
01-15 20:55:51.050  1196  8730 I chatty  : uid=1000(system) Binder:1196_17 expire 1 line
01-15 20:55:51.056  2090  2110 I BoosterSwitchP: notifyUidState do nothing
01-15 20:55:51.056  1196  1613 I chatty  : uid=1000(system) ConnectivitySer expire 6 lines
01-15 20:55:51.056  2090  2110 I DeepNoDisturbP: notifyUidState
01-15 20:55:51.056  2090  2110 I BrowserChrP: notifyUidState
01-15 20:55:51.061  1196 14826 I chatty  : uid=1000(system) Binder:1196_20 expire 1 line
01-15 20:55:51.062  1196  1911 I chatty  : uid=1000(system) Binder:1196_5 expire 1 line
01-15 20:55:51.062  1196  3563 I chatty  : uid=1000(system) Binder:1196_E expire 14 lines
01-15 20:55:51.066  2090  5938 I BoosterSwitchP: notifyUidState do nothing
01-15 20:55:51.066  2090  5938 I DeepNoDisturbP: notifyUidState
01-15 20:55:51.066  2090  5938 I BrowserChrP: notifyUidState
01-15 20:55:51.554  1196  1686 I chatty  : uid=1000(system) Thread-15 expire 3 lines
01-15 20:55:51.695 18020 20090 W HwApsManager: HwApsManagerService, registerCallback, start !
01-15 20:55:52.918  2197  2819 D Mapcon  : SMVoice-0-Normal: enter handleCarrierConfigChangedInd
01-15 20:55:52.919  2197  2819 D Mapcon  : SMVoice-0-Normal: PrepareState,handled msg=CMD_CARRIER_CONFIG_CHANGE_IND
01-15 20:55:52.919  2197  2819 D Mapcon  : SMVoice-0-Normal: enter handleCarrierConfigChangedInd
01-15 20:55:52.919  2197  2819 D Mapcon  : SMVoice-0-Normal: PrepareState,handled msg=CMD_CARRIER_CONFIG_CHANGE_IND
01-15 20:55:52.919  2197  2803 D Mapcon  : MapconConfigImpl-0: handleMessage, msg id=1800
01-15 20:55:52.919  2197  2803 D Mapcon  : MapconConfigImpl-0: enter handleCarrierConfigChangedInd
01-15 20:55:52.921  2197  2803 I Mapcon  : MapconConfigImpl-0: KEY_CARRIER_WFC_IMS_AVAILABLE_BOOL is false!!!!!!!!!!
01-15 20:55:52.921  2197  2803 D Mapcon  : MapconConfigImpl-0: enter reset
01-15 20:55:52.921  2197  2803 D Mapcon  : MapconConfigImpl-0: handleMessage, msg id=1800
01-15 20:55:52.921  2197  2803 D Mapcon  : MapconConfigImpl-0: enter handleCarrierConfigChangedInd
01-15 20:55:52.921  2197  2819 D Mapcon  : SMVoice-0-Normal: enter handleCarrierConfigChangedCnf
01-15 20:55:52.923  2197  2803 I Mapcon  : MapconConfigImpl-0: KEY_CARRIER_WFC_IMS_AVAILABLE_BOOL is false!!!!!!!!!!
01-15 20:55:52.923  2197  2803 D Mapcon  : MapconConfigImpl-0: enter reset
01-15 20:55:52.923  2197  2819 D Mapcon  : MapconConfigImpl-0: enter isConfigReady, Config State is not ready!!!
01-15 20:55:52.923  2197  2819 V Mapcon  : SMVoice-0-Normal: Switch in XML off No need SIM Adp !
01-15 20:55:52.923  2197  2819 D Mapcon  : SMVoice-0-Normal: usim ready,read carrierconfig delay
01-15 20:55:52.923  2197  2819 D Mapcon  : SMVoice-0-Normal: PrepareState,handled msg=1801
01-15 20:55:52.923  2197  2819 D Mapcon  : SMVoice-0-Normal: enter handleCarrierConfigChangedCnf
01-15 20:55:52.923  2197  2819 D Mapcon  : MapconConfigImpl-0: enter isConfigReady, Config State is not ready!!!
01-15 20:55:52.923  2197  2819 V Mapcon  : SMVoice-0-Normal: Switch in XML off No need SIM Adp !
01-15 20:55:52.923  2197  2819 D Mapcon  : SMVoice-0-Normal: usim ready,read carrierconfig delay
01-15 20:55:52.923  2197  2819 D Mapcon  : SMVoice-0-Normal: PrepareState,handled msg=1801
01-15 20:55:57.924  2197  2819 D Mapcon  : SMVoice-0-Normal: enter handleCarrierConfigChangedInd
01-15 20:55:57.925  2197  2819 D Mapcon  : SMVoice-0-Normal: PrepareState,handled msg=CMD_CARRIER_CONFIG_CHANGE_IND
01-15 20:55:57.925  2197  2819 D Mapcon  : SMVoice-0-Normal: enter handleCarrierConfigChangedInd
01-15 20:55:57.925  2197  2819 D Mapcon  : SMVoice-0-Normal: PrepareState,handled msg=CMD_CARRIER_CONFIG_CHANGE_IND
01-15 20:55:57.925  2197  2803 D Mapcon  : MapconConfigImpl-0: handleMessage, msg id=1800
01-15 20:55:57.925  2197  2803 D Mapcon  : MapconConfigImpl-0: enter handleCarrierConfigChangedInd
01-15 20:55:57.927  2197  2803 I Mapcon  : MapconConfigImpl-0: KEY_CARRIER_WFC_IMS_AVAILABLE_BOOL is false!!!!!!!!!!
01-15 20:55:57.927  2197  2803 D Mapcon  : MapconConfigImpl-0: enter reset
01-15 20:55:57.927  2197  2803 D Mapcon  : MapconConfigImpl-0: handleMessage, msg id=1800
01-15 20:55:57.927  2197  2803 D Mapcon  : MapconConfigImpl-0: enter handleCarrierConfigChangedInd
01-15 20:55:57.927  2197  2819 D Mapcon  : SMVoice-0-Normal: enter handleCarrierConfigChangedCnf
01-15 20:55:57.929  2197  2803 I Mapcon  : MapconConfigImpl-0: KEY_CARRIER_WFC_IMS_AVAILABLE_BOOL is false!!!!!!!!!!
01-15 20:55:57.929  2197  2803 D Mapcon  : MapconConfigImpl-0: enter reset
01-15 20:55:57.929  2197  2819 D Mapcon  : MapconConfigImpl-0: enter isConfigReady, Config State is not ready!!!
01-15 20:55:57.929  2197  2819 V Mapcon  : SMVoice-0-Normal: Switch in XML off No need SIM Adp !
01-15 20:55:57.929  2197  2819 D Mapcon  : SMVoice-0-Normal: usim ready,read carrierconfig delay
01-15 20:55:57.929  2197  2819 D Mapcon  : SMVoice-0-Normal: PrepareState,handled msg=1801
01-15 20:55:57.929  2197  2819 D Mapcon  : SMVoice-0-Normal: enter handleCarrierConfigChangedCnf
01-15 20:55:57.929  2197  2819 D Mapcon  : MapconConfigImpl-0: enter isConfigReady, Config State is not ready!!!
01-15 20:55:57.929  2197  2819 V Mapcon  : SMVoice-0-Normal: Switch in XML off No need SIM Adp !
01-15 20:55:57.929  2197  2819 D Mapcon  : SMVoice-0-Normal: usim ready,read carrierconfig delay
01-15 20:55:57.929  2197  2819 D Mapcon  : SMVoice-0-Normal: PrepareState,handled msg=1801
01-15 20:56:00.751  1196  1548 I chatty  : uid=1000(system) UEventObserver expire 12 lines
01-15 20:56:02.933  2197  2819 D Mapcon  : SMVoice-0-Normal: enter handleCarrierConfigChangedInd
01-15 20:56:02.934  2197  2819 D Mapcon  : SMVoice-0-Normal: PrepareState,handled msg=CMD_CARRIER_CONFIG_CHANGE_IND
01-15 20:56:02.934  2197  2819 D Mapcon  : SMVoice-0-Normal: enter handleCarrierConfigChangedInd
01-15 20:56:02.934  2197  2819 D Mapcon  : SMVoice-0-Normal: PrepareState,handled msg=CMD_CARRIER_CONFIG_CHANGE_IND
01-15 20:56:02.934  2197  2803 D Mapcon  : MapconConfigImpl-0: handleMessage, msg id=1800
01-15 20:56:02.934  2197  2803 D Mapcon  : MapconConfigImpl-0: enter handleCarrierConfigChangedInd
01-15 20:56:02.936  2197  2803 I Mapcon  : MapconConfigImpl-0: KEY_CARRIER_WFC_IMS_AVAILABLE_BOOL is false!!!!!!!!!!
01-15 20:56:02.936  2197  2803 D Mapcon  : MapconConfigImpl-0: enter reset
01-15 20:56:02.936  2197  2803 D Mapcon  : MapconConfigImpl-0: handleMessage, msg id=1800
01-15 20:56:02.936  2197  2803 D Mapcon  : MapconConfigImpl-0: enter handleCarrierConfigChangedInd
01-15 20:56:02.936  2197  2819 D Mapcon  : SMVoice-0-Normal: enter handleCarrierConfigChangedCnf
01-15 20:56:02.938  2197  2803 I Mapcon  : MapconConfigImpl-0: KEY_CARRIER_WFC_IMS_AVAILABLE_BOOL is false!!!!!!!!!!
01-15 20:56:02.938  2197  2803 D Mapcon  : MapconConfigImpl-0: enter reset
01-15 20:56:02.938  2197  2819 D Mapcon  : MapconConfigImpl-0: enter isConfigReady, Config State is not ready!!!
01-15 20:56:02.938  2197  2819 V Mapcon  : SMVoice-0-Normal: Switch in XML off No need SIM Adp !
01-15 20:56:02.938  2197  2819 D Mapcon  : SMVoice-0-Normal: usim ready,read carrierconfig delay
01-15 20:56:02.938  2197  2819 D Mapcon  : SMVoice-0-Normal: PrepareState,handled msg=1801
01-15 20:56:02.938  2197  2819 D Mapcon  : SMVoice-0-Normal: enter handleCarrierConfigChangedCnf
01-15 20:56:02.938  2197  2819 D Mapcon  : MapconConfigImpl-0: enter isConfigReady, Config State is not ready!!!
01-15 20:56:02.938  2197  2819 V Mapcon  : SMVoice-0-Normal: Switch in XML off No need SIM Adp !
01-15 20:56:02.938  2197  2819 D Mapcon  : SMVoice-0-Normal: usim ready,read carrierconfig delay
